[10May2026 14:28:38.954] [main/INFO] [net.neoforged.fml.startup.Entrypoint/]: JVM Uptime at startup: 1715ms
[10May2026 14:28:39.149] [main/INFO] [net.neoforged.fml.loading.FMLLoader/]: Starting FancyModLoader version 11.0.12 (CLIENT in DEV)
[10May2026 14:28:39.151] [main/INFO] [net.neoforged.fml.loading.FMLLoader/]: Game directory: C:\Users\Hanzo\IdeaProjects\EverythingJapanese\runs\clientData
[10May2026 14:28:39.162] [main/DEBUG] [net.neoforged.fml.loading.FMLPaths/CORE]: Path GAMEDIR is C:\Users\Hanzo\IdeaProjects\EverythingJapanese\runs\clientData
[10May2026 14:28:39.163] [main/DEBUG] [net.neoforged.fml.loading.FMLPaths/CORE]: Path JIJ_CACHEDIR is C:\Users\Hanzo\IdeaProjects\EverythingJapanese\runs\clientData\.cache\jij
[10May2026 14:28:39.166] [main/DEBUG] [net.neoforged.fml.loading.FMLPaths/CORE]: Path MODSDIR is C:\Users\Hanzo\IdeaProjects\EverythingJapanese\runs\clientData\mods
[10May2026 14:28:39.167] [main/DEBUG] [net.neoforged.fml.loading.FMLPaths/CORE]: Path CONFIGDIR is C:\Users\Hanzo\IdeaProjects\EverythingJapanese\runs\clientData\config
[10May2026 14:28:39.170] [main/DEBUG] [net.neoforged.fml.loading.FMLPaths/CORE]: Path FMLCONFIG is C:\Users\Hanzo\IdeaProjects\EverythingJapanese\runs\clientData\config\fml.toml
[10May2026 14:28:39.704] [main/DEBUG] [net.neoforged.fml.loading.EarlyServiceDiscovery/]: C:\Users\Hanzo\.gradle\caches\modules-2\files-2.1\net.neoforged.fancymodloader\earlydisplay\11.0.12\b817db67b61923f071fa98947f92a054c8598dd1\earlydisplay-11.0.12.jar contains early service net.neoforged.neoforgespi.earlywindow.ImmediateWindowProvider
[10May2026 14:28:39.711] [ForkJoinPool.commonPool-worker-2/DEBUG] [net.neoforged.fml.loading.EarlyServiceDiscovery/]: C:\Users\Hanzo\.gradle\caches\modules-2\files-2.1\net.neoforged.fancymodloader\loader\11.0.12\d884bab13450950bcb425dbe29d33e505f7153e1\loader-11.0.12.jar contains early service net.neoforged.neoforgespi.locating.IDependencyLocator
[10May2026 14:28:39.780] [ForkJoinPool.commonPool-worker-2/DEBUG] [net.neoforged.fml.loading.moddiscovery.ModFile/LOADING]: Loading mod file C:\Users\Hanzo\.gradle\caches\modules-2\files-2.1\net.neoforged.fancymodloader\loader\11.0.12\d884bab13450950bcb425dbe29d33e505f7153e1\loader-11.0.12.jar with languages []
[10May2026 14:28:39.814] [main/DEBUG] [net.neoforged.fml.loading.moddiscovery.ModFile/LOADING]: Loading mod file C:\Users\Hanzo\.gradle\caches\modules-2\files-2.1\net.neoforged.fancymodloader\earlydisplay\11.0.12\b817db67b61923f071fa98947f92a054c8598dd1\earlydisplay-11.0.12.jar with languages []
[10May2026 14:28:39.830] [main/INFO] [net.neoforged.fml.loading.EarlyServiceDiscovery/]: Found 2 early service jars (out of 122) in 204ms
[10May2026 14:28:39.832] [main/INFO] [net.neoforged.fml.loading.FMLLoader/]: Loading FML Early Services:
[10May2026 14:28:39.838] [main/INFO] [net.neoforged.fml.loading.FMLLoader/]:  - C:/Users/Hanzo/.gradle/caches/modules-2/files-2.1/net.neoforged.fancymodloader/loader/11.0.12/d884bab13450950bcb425dbe29d33e505f7153e1/loader-11.0.12.jar
[10May2026 14:28:39.842] [main/INFO] [net.neoforged.fml.loading.FMLLoader/]:  - C:/Users/Hanzo/.gradle/caches/modules-2/files-2.1/net.neoforged.fancymodloader/earlydisplay/11.0.12/b817db67b61923f071fa98947f92a054c8598dd1/earlydisplay-11.0.12.jar
[10May2026 14:28:39.878] [main/DEBUG] [net.neoforged.fml.util.ServiceLoaderUtil/CORE]: Found 0 implementations of GraphicsBootstrapper:
[10May2026 14:28:39.882] [main/INFO] [net.neoforged.fml.loading.ImmediateWindowHandler/]: Not loading early display in headless mode.
[10May2026 14:28:39.916] [main/DEBUG] [net.neoforged.fml.util.ServiceLoaderUtil/CORE]: Found 4 implementations of IModFileCandidateLocator:
[10May2026 14:28:39.920] [main/DEBUG] [net.neoforged.fml.util.ServiceLoaderUtil/CORE]: 	    1000 - [built-in] net.neoforged.fml.loading.moddiscovery.locators.GameLocator from C:/Users/Hanzo/.gradle/caches/modules-2/files-2.1/net.neoforged.fancymodloader/loader/11.0.12/d884bab13450950bcb425dbe29d33e505f7153e1/loader-11.0.12.jar
[10May2026 14:28:39.927] [main/DEBUG] [net.neoforged.fml.util.ServiceLoaderUtil/CORE]: 	    1000 - [built-in] net.neoforged.fml.loading.moddiscovery.locators.InDevFolderLocator from C:/Users/Hanzo/.gradle/caches/modules-2/files-2.1/net.neoforged.fancymodloader/loader/11.0.12/d884bab13450950bcb425dbe29d33e505f7153e1/loader-11.0.12.jar
[10May2026 14:28:39.928] [main/DEBUG] [net.neoforged.fml.util.ServiceLoaderUtil/CORE]: 	    1000 - [built-in] net.neoforged.fml.loading.moddiscovery.locators.InDevJarLocator from C:/Users/Hanzo/.gradle/caches/modules-2/files-2.1/net.neoforged.fancymodloader/loader/11.0.12/d884bab13450950bcb425dbe29d33e505f7153e1/loader-11.0.12.jar
[10May2026 14:28:39.938] [main/DEBUG] [net.neoforged.fml.util.ServiceLoaderUtil/CORE]: 	       0 - [built-in] net.neoforged.fml.loading.moddiscovery.locators.ModsFolderLocator from C:/Users/Hanzo/.gradle/caches/modules-2/files-2.1/net.neoforged.fancymodloader/loader/11.0.12/d884bab13450950bcb425dbe29d33e505f7153e1/loader-11.0.12.jar
[10May2026 14:28:39.970] [main/DEBUG] [net.neoforged.fml.util.ServiceLoaderUtil/CORE]: Found 2 implementations of IModFileReader:
[10May2026 14:28:39.972] [main/DEBUG] [net.neoforged.fml.util.ServiceLoaderUtil/CORE]: 	       0 - net.neoforged.fml.loading.moddiscovery.readers.JarModsDotTomlModFileReader from C:/Users/Hanzo/.gradle/caches/modules-2/files-2.1/net.neoforged.fancymodloader/loader/11.0.12/d884bab13450950bcb425dbe29d33e505f7153e1/loader-11.0.12.jar
[10May2026 14:28:39.974] [main/DEBUG] [net.neoforged.fml.util.ServiceLoaderUtil/CORE]: 	   -1000 - net.neoforged.fml.loading.moddiscovery.readers.NestedLibraryModReader from C:/Users/Hanzo/.gradle/caches/modules-2/files-2.1/net.neoforged.fancymodloader/loader/11.0.12/d884bab13450950bcb425dbe29d33e505f7153e1/loader-11.0.12.jar
[10May2026 14:28:40.305] [main/DEBUG] [net.neoforged.fml.util.ServiceLoaderUtil/CORE]: Found 1 implementations of IDependencyLocator:
[10May2026 14:28:40.317] [main/DEBUG] [net.neoforged.fml.util.ServiceLoaderUtil/CORE]: 	       0 - net.neoforged.fml.loading.moddiscovery.locators.JarInJarDependencyLocator from C:/Users/Hanzo/.gradle/caches/modules-2/files-2.1/net.neoforged.fancymodloader/loader/11.0.12/d884bab13450950bcb425dbe29d33e505f7153e1/loader-11.0.12.jar
[10May2026 14:28:40.673] [main/DEBUG] [net.neoforged.fml.loading.moddiscovery.locators.RequiredSystemFiles/]: Found NeoForge MANIFEST.MF in jar(C:/Users/Hanzo/.gradle/caches/modules-2/files-2.1/net.neoforged/neoforge/26.1.2.13-beta/f0115e20977dc99bc3063e2d7891385dbf9bfc20/neoforge-26.1.2.13-beta-universal.jar)
[10May2026 14:28:40.676] [main/INFO] [net.neoforged.fml.loading.moddiscovery.locators.GameLocator/]: Detected a joined NeoForge and Minecraft configuration. Applying filtering...
[10May2026 14:28:41.360] [main/DEBUG] [net.neoforged.fml.loading.moddiscovery.ModFileInfo/LOADING]: Found valid mod file minecraft-patched-26.1.2.13-beta.jar with {minecraft} mods - versions {26.1.2}
[10May2026 14:28:41.381] [main/DEBUG] [net.neoforged.fml.loading.moddiscovery.ModFile/LOADING]: Loading mod file C:\Users\Hanzo\IdeaProjects\EverythingJapanese\build\moddev\artifacts\minecraft-patched-26.1.2.13-beta.jar with languages [LanguageSpec[languageName=minecraft, acceptedVersions=1]]
[10May2026 14:28:41.388] [main/DEBUG] [net.neoforged.fml.loading.moddiscovery.ModFileParser/LOADING]: Considering mod file candidate C:\Users\Hanzo\.gradle\caches\modules-2\files-2.1\net.neoforged\neoforge\26.1.2.13-beta\f0115e20977dc99bc3063e2d7891385dbf9bfc20\neoforge-26.1.2.13-beta-universal.jar
[10May2026 14:28:41.404] [main/DEBUG] [net.neoforged.fml.loading.moddiscovery.ModFileInfo/LOADING]: Found valid mod file neoforge-26.1.2.13-beta-universal.jar with {neoforge} mods - versions {26.1.2.13-beta}
[10May2026 14:28:41.404] [main/DEBUG] [net.neoforged.fml.loading.moddiscovery.ModFile/LOADING]: Loading mod file C:\Users\Hanzo\.gradle\caches\modules-2\files-2.1\net.neoforged\neoforge\26.1.2.13-beta\f0115e20977dc99bc3063e2d7891385dbf9bfc20\neoforge-26.1.2.13-beta-universal.jar with languages [LanguageSpec[languageName=javafml, acceptedVersions=[3,]]]
[10May2026 14:28:41.418] [main/DEBUG] [net.neoforged.fml.loading.moddiscovery.ModFile/LOADING]: Found mixin config MixinConfig[config=neoforge.mixins.json, requiredMods=[], behaviorVersion=null]
[10May2026 14:28:41.434] [main/INFO] [net.neoforged.fml.loading.moddiscovery.locators.InDevFolderLocator/CORE]: Got mod coordinates everythingjapanese%%C:\\Users\\Hanzo\\IdeaProjects\\EverythingJapanese\\build\\sourcesSets\\main from env
[10May2026 14:28:41.501] [main/DEBUG] [net.neoforged.fml.loading.moddiscovery.ModFileParser/LOADING]: Considering mod file candidate C:\Users\Hanzo\IdeaProjects\EverythingJapanese\build\sourcesSets\main
[10May2026 14:28:41.538] [main/DEBUG] [net.neoforged.fml.loading.moddiscovery.ModFileInfo/LOADING]: Found valid mod file main with {everythingjapanese} mods - versions {1.25.1}
[10May2026 14:28:41.538] [main/DEBUG] [net.neoforged.fml.loading.moddiscovery.ModFile/LOADING]: Loading mod file C:\Users\Hanzo\IdeaProjects\EverythingJapanese\build\sourcesSets\main with languages [LanguageSpec[languageName=kotlinforforge, acceptedVersions=[6.0,)]]
[10May2026 14:28:41.540] [main/DEBUG] [net.neoforged.fml.loading.moddiscovery.ModFile/LOADING]: Found mixin config MixinConfig[config=everythingjapanese.mixins.json, requiredMods=[], behaviorVersion=null]
[10May2026 14:28:41.549] [main/DEBUG] [net.neoforged.fml.loading.moddiscovery.ModDiscoverer/]: Skipping C:\Users\Hanzo\IdeaProjects\EverythingJapanese\build\moddev\artifacts\minecraft-patched-26.1.2.13-beta.jar because it was already located earlier
[10May2026 14:28:41.551] [main/DEBUG] [net.neoforged.fml.loading.moddiscovery.ModFileParser/LOADING]: Considering mod file candidate C:\Users\Hanzo\.m2\repository\net\Chidoziealways\everythingcore\EverythingCore\6.0.0\EverythingCore-6.0.0.jar
[10May2026 14:28:41.565] [main/DEBUG] [net.neoforged.fml.loading.moddiscovery.ModFileInfo/LOADING]: Found valid mod file EverythingCore-6.0.0.jar with {everythingcore} mods - versions {6.0.0}
[10May2026 14:28:41.567] [main/DEBUG] [net.neoforged.fml.loading.moddiscovery.ModFile/LOADING]: Loading mod file C:\Users\Hanzo\.m2\repository\net\Chidoziealways\everythingcore\EverythingCore\6.0.0\EverythingCore-6.0.0.jar with languages [LanguageSpec[languageName=kotlinforforge, acceptedVersions=[5.3,)]]
[10May2026 14:28:41.568] [main/DEBUG] [net.neoforged.fml.loading.moddiscovery.ModFile/LOADING]: Found mixin config MixinConfig[config=everythingcore.mixins.json, requiredMods=[], behaviorVersion=null]
[10May2026 14:28:41.571] [main/DEBUG] [net.neoforged.fml.loading.moddiscovery.ModDiscoverer/]: Skipping C:\Users\Hanzo\.gradle\caches\modules-2\files-2.1\net.neoforged\neoforge\26.1.2.13-beta\f0115e20977dc99bc3063e2d7891385dbf9bfc20\neoforge-26.1.2.13-beta-universal.jar because it was already located earlier
[10May2026 14:28:41.576] [main/DEBUG] [net.neoforged.fml.loading.moddiscovery.ModFileParser/LOADING]: Considering mod file candidate C:\Users\Hanzo\.gradle\caches\modules-2\files-2.1\com.geckolib\geckolib-neoforge-26.1\5.5\cbcfee34b9037c5363151a95d2b98c0e6f78659d\geckolib-neoforge-26.1-5.5.jar
[10May2026 14:28:41.592] [main/DEBUG] [net.neoforged.fml.loading.moddiscovery.ModFileInfo/LOADING]: Found valid mod file geckolib-neoforge-26.1-5.5.jar with {geckolib} mods - versions {5.5}
[10May2026 14:28:41.594] [main/DEBUG] [net.neoforged.fml.loading.moddiscovery.ModFile/LOADING]: Loading mod file C:\Users\Hanzo\.gradle\caches\modules-2\files-2.1\com.geckolib\geckolib-neoforge-26.1\5.5\cbcfee34b9037c5363151a95d2b98c0e6f78659d\geckolib-neoforge-26.1-5.5.jar with languages [LanguageSpec[languageName=javafml, acceptedVersions=[5,)]]
[10May2026 14:28:41.595] [main/DEBUG] [net.neoforged.fml.loading.moddiscovery.ModFile/LOADING]: Found mixin config MixinConfig[config=geckolib.mixins.json, requiredMods=[], behaviorVersion=null]
[10May2026 14:28:41.599] [main/DEBUG] [net.neoforged.fml.loading.moddiscovery.ModFileParser/LOADING]: Considering mod file candidate C:\Users\Hanzo\.m2\repository\thedarkcolour\kffmod-neoforge\6.5.0\kffmod-neoforge-6.5.0.jar
[10May2026 14:28:41.604] [main/DEBUG] [net.neoforged.fml.loading.moddiscovery.ModFileInfo/LOADING]: Found valid mod file kffmod-neoforge-6.5.0.jar with {kotlinforforge} mods - versions {6.5.0}
[10May2026 14:28:41.606] [main/DEBUG] [net.neoforged.fml.loading.moddiscovery.ModFile/LOADING]: Loading mod file C:\Users\Hanzo\.m2\repository\thedarkcolour\kffmod-neoforge\6.5.0\kffmod-neoforge-6.5.0.jar with languages [LanguageSpec[languageName=kotlinforforge, acceptedVersions=[5,)]]
[10May2026 14:28:41.742] [main/DEBUG] [net.neoforged.fml.loading.moddiscovery.ModFile/LOADING]: Loading mod file C:\Users\Hanzo\.m2\repository\thedarkcolour\kotlinforforge-neoforge\6.5.0\kotlinforforge-neoforge-6.5.0.jar with languages []
[10May2026 14:28:41.772] [main/DEBUG] [net.neoforged.fml.loading.moddiscovery.ModFile/LOADING]: Loading mod file C:\Users\Hanzo\.m2\repository\thedarkcolour\kfflang-neoforge\6.5.0\kfflang-neoforge-6.5.0.jar with languages []
[10May2026 14:28:41.777] [main/DEBUG] [net.neoforged.fml.loading.moddiscovery.ModFile/LOADING]: Loading mod file C:\Users\Hanzo\.m2\repository\thedarkcolour\kfflib-neoforge\6.5.0\kfflib-neoforge-6.5.0.jar with languages []
[10May2026 14:28:42.862] [main/DEBUG] [net.neoforged.fml.loading.moddiscovery.ModFile/LOADING]: Loading mod file C:\Users\Hanzo\IdeaProjects\EverythingJapanese\runs\clientData\.cache\jij\714df4be819545ff4de1f36aa2183e0dea94b4c8cdf7ca29e9c89919baf36362\kotlin-reflect-2.3.0.jar with languages []
[10May2026 14:28:42.981] [main/DEBUG] [net.neoforged.fml.loading.moddiscovery.ModFile/LOADING]: Loading mod file C:\Users\Hanzo\IdeaProjects\EverythingJapanese\runs\clientData\.cache\jij\887587c91713250ad52fe14ad9166d042c33835049890e9437f355ffc5a195b1\kotlin-stdlib-2.3.0.jar with languages []
[10May2026 14:28:43.056] [main/DEBUG] [net.neoforged.fml.loading.moddiscovery.ModFile/LOADING]: Loading mod file C:\Users\Hanzo\IdeaProjects\EverythingJapanese\runs\clientData\.cache\jij\5886a23865e68668a235c25645f4e367e8b4b19b9b12098633fb0f74f1a554b1\kotlin-stdlib-jdk7-2.3.0.jar with languages []
[10May2026 14:28:43.070] [main/DEBUG] [net.neoforged.fml.loading.moddiscovery.ModFile/LOADING]: Loading mod file C:\Users\Hanzo\IdeaProjects\EverythingJapanese\runs\clientData\.cache\jij\9c12ce489a51dd49df1a11f439122631a4ec86da8cd089dadc6a9a187cb7d88c\kotlin-stdlib-jdk8-2.3.0.jar with languages []
[10May2026 14:28:43.221] [main/DEBUG] [net.neoforged.fml.loading.moddiscovery.ModFile/LOADING]: Loading mod file C:\Users\Hanzo\IdeaProjects\EverythingJapanese\runs\clientData\.cache\jij\5ca175b38df331fd64155b35cd8cae1251fa9ee369709b36d42e0a288ccce3fd\kotlinx-coroutines-core-jvm-1.10.2.jar with languages []
[10May2026 14:28:43.247] [main/DEBUG] [net.neoforged.fml.loading.moddiscovery.ModFile/LOADING]: Loading mod file C:\Users\Hanzo\IdeaProjects\EverythingJapanese\runs\clientData\.cache\jij\f861f9fa3b3088e6f7c59bc92a91adacf687b5bdeb081cf3608c5454f7739625\kotlinx-coroutines-jdk8-1.10.2.jar with languages []
[10May2026 14:28:43.333] [main/DEBUG] [net.neoforged.fml.loading.moddiscovery.ModFile/LOADING]: Loading mod file C:\Users\Hanzo\IdeaProjects\EverythingJapanese\runs\clientData\.cache\jij\9b64395165bc14bedc0d7e6a3a2c4e509f1bbcac48526e935fde17253caa5fff\kotlinx-serialization-core-jvm-1.10.0-RC.jar with languages []
[10May2026 14:28:43.434] [main/DEBUG] [net.neoforged.fml.loading.moddiscovery.ModFile/LOADING]: Loading mod file C:\Users\Hanzo\IdeaProjects\EverythingJapanese\runs\clientData\.cache\jij\af1e3e1e8ee3176468e1ec729df853b2066071de94a84c412ad9fa135cb37f3a\kotlinx-serialization-json-jvm-1.10.0-RC.jar with languages []
[10May2026 14:28:43.523] [main/DEBUG] [net.neoforged.fml.loading.moddiscovery.ModFile/LOADING]: Loading mod file C:\Users\Hanzo\IdeaProjects\EverythingJapanese\runs\clientData\.cache\jij\9822e773bd9f42d36ed53ea3d67486207291747a7bfacc29beeb92040721bc9b\mixinextras-neoforge-0.5.3.jar with languages []
[10May2026 14:28:43.897] [main/DEBUG] [net.neoforged.fml.loading.moddiscovery.ModFile/LOADING]: Loading mod file C:\Users\Hanzo\IdeaProjects\EverythingJapanese\runs\clientData\.cache\jij\909b72f1d8225a13c4f00a23b3a5d04217543745de857d98694d4943708fc969\net.neoforged.neoforge-coremods-26.1.2.13-beta.jar with languages []
[10May2026 14:28:43.954] [main/DEBUG] [net.neoforged.fml.loading.moddiscovery.ModFile/LOADING]: Loading mod file C:\Users\Hanzo\IdeaProjects\EverythingJapanese\runs\clientData\.cache\jij\9b1f0a3e8f68427c6d74c2bf00ae0e6dbfce35994d3001fed4cef6ecda50be55\luaj-jse-3.0.1.jar with languages []
[10May2026 14:28:44.301] [main/DEBUG] [net.neoforged.fml.loading.moddiscovery.ModFile/LOADING]: Loading mod file C:\Users\Hanzo\IdeaProjects\EverythingJapanese\runs\clientData\.cache\jij\8221d719d84d178af825b659be40884afeb6d49f7e05df31c593472fa5fb6ae6\kfflang-neoforge-6.5.0.jar with languages []
[10May2026 14:28:44.993] [main/DEBUG] [net.neoforged.fml.loading.moddiscovery.ModFile/LOADING]: Loading mod file C:\Users\Hanzo\IdeaProjects\EverythingJapanese\runs\clientData\.cache\jij\d7a4804e32a4287132e58c7a219856f7bc625c0262b15cbe2942df250b7ef638\kfflib-neoforge-6.5.0.jar with languages []
[10May2026 14:28:45.163] [main/DEBUG] [net.neoforged.fml.loading.moddiscovery.ModFile/LOADING]: Loading mod file C:\Users\Hanzo\IdeaProjects\EverythingJapanese\runs\clientData\.cache\jij\271714372d9c5ecc0b4764e2e4a28faf2e6100e0cfd6718d03240f3994dd79bc\kotlinforforge-neoforge-6.5.0.jar with languages []
[10May2026 14:28:45.280] [main/DEBUG] [net.neoforged.fml.loading.moddiscovery.ModFile/LOADING]: Loading mod file C:\Users\Hanzo\IdeaProjects\EverythingJapanese\runs\clientData\.cache\jij\714df4be819545ff4de1f36aa2183e0dea94b4c8cdf7ca29e9c89919baf36362\kotlin-reflect-2.3.0.jar with languages []
[10May2026 14:28:45.394] [main/DEBUG] [net.neoforged.fml.loading.moddiscovery.ModFile/LOADING]: Loading mod file C:\Users\Hanzo\IdeaProjects\EverythingJapanese\runs\clientData\.cache\jij\887587c91713250ad52fe14ad9166d042c33835049890e9437f355ffc5a195b1\kotlin-stdlib-2.3.0.jar with languages []
[10May2026 14:28:45.402] [main/DEBUG] [net.neoforged.fml.loading.moddiscovery.ModFile/LOADING]: Loading mod file C:\Users\Hanzo\IdeaProjects\EverythingJapanese\runs\clientData\.cache\jij\5886a23865e68668a235c25645f4e367e8b4b19b9b12098633fb0f74f1a554b1\kotlin-stdlib-jdk7-2.3.0.jar with languages []
[10May2026 14:28:45.413] [main/DEBUG] [net.neoforged.fml.loading.moddiscovery.ModFile/LOADING]: Loading mod file C:\Users\Hanzo\IdeaProjects\EverythingJapanese\runs\clientData\.cache\jij\9c12ce489a51dd49df1a11f439122631a4ec86da8cd089dadc6a9a187cb7d88c\kotlin-stdlib-jdk8-2.3.0.jar with languages []
[10May2026 14:28:45.510] [main/DEBUG] [net.neoforged.fml.loading.moddiscovery.ModFile/LOADING]: Loading mod file C:\Users\Hanzo\IdeaProjects\EverythingJapanese\runs\clientData\.cache\jij\5ca175b38df331fd64155b35cd8cae1251fa9ee369709b36d42e0a288ccce3fd\kotlinx-coroutines-core-jvm-1.10.2.jar with languages []
[10May2026 14:28:45.521] [main/DEBUG] [net.neoforged.fml.loading.moddiscovery.ModFile/LOADING]: Loading mod file C:\Users\Hanzo\IdeaProjects\EverythingJapanese\runs\clientData\.cache\jij\f861f9fa3b3088e6f7c59bc92a91adacf687b5bdeb081cf3608c5454f7739625\kotlinx-coroutines-jdk8-1.10.2.jar with languages []
[10May2026 14:28:45.556] [main/DEBUG] [net.neoforged.fml.loading.moddiscovery.ModFile/LOADING]: Loading mod file C:\Users\Hanzo\IdeaProjects\EverythingJapanese\runs\clientData\.cache\jij\9b64395165bc14bedc0d7e6a3a2c4e509f1bbcac48526e935fde17253caa5fff\kotlinx-serialization-core-jvm-1.10.0-RC.jar with languages []
[10May2026 14:28:45.602] [main/DEBUG] [net.neoforged.fml.loading.moddiscovery.ModFile/LOADING]: Loading mod file C:\Users\Hanzo\IdeaProjects\EverythingJapanese\runs\clientData\.cache\jij\af1e3e1e8ee3176468e1ec729df853b2066071de94a84c412ad9fa135cb37f3a\kotlinx-serialization-json-jvm-1.10.0-RC.jar with languages []
[10May2026 14:28:45.914] [main/WARN] [net.neoforged.jarjar.selection.JarSelector/]: Attempted to select a dependency jar for JarJar which was passed in as source: library:thedarkcolour.kotlinforforge.lang.neoforge. Using jar(C:/Users/Hanzo/.m2/repository/thedarkcolour/kfflang-neoforge/6.5.0/kfflang-neoforge-6.5.0.jar)
[10May2026 14:28:45.916] [main/WARN] [net.neoforged.jarjar.selection.JarSelector/]: Attempted to select a dependency jar for JarJar which was passed in as source: library:thedarkcolour.kotlinforforge.lib.neoforge. Using jar(C:/Users/Hanzo/.m2/repository/thedarkcolour/kfflib-neoforge/6.5.0/kfflib-neoforge-6.5.0.jar)
[10May2026 14:28:45.918] [main/WARN] [net.neoforged.jarjar.selection.JarSelector/]: Attempted to select a dependency jar for JarJar which was passed in as source: library:kotlinforforge.neoforge. Using jar(C:/Users/Hanzo/.m2/repository/thedarkcolour/kotlinforforge-neoforge/6.5.0/kotlinforforge-neoforge-6.5.0.jar)
[10May2026 14:28:45.921] [main/INFO] [net.neoforged.fml.loading.moddiscovery.locators.JarInJarDependencyLocator/]: Found 11 dependencies adding them to mods collection
[10May2026 14:28:45.937] [main/INFO] [net.neoforged.fml.loading.moddiscovery.ModDiscoverer/]: 
     Mod List:
		Name Version (Mod Id)

		Everything Japanese 1.25.1 (everythingjapanese)
		EverythingCore 6.0.0 (everythingcore)
		GeckoLib 5 5.5 (geckolib)
		Kotlin For Forge 6.5.0 (kotlinforforge)
		Minecraft 26.1.2 (minecraft)
		NeoForge 26.1.2.13-beta (neoforge)
[10May2026 14:28:45.968] [main/DEBUG] [net.neoforged.fml.loading.ModSorter/]: Configured system mods: [minecraft, neoforge]
[10May2026 14:28:45.973] [main/DEBUG] [net.neoforged.fml.loading.ModSorter/]: Found system mod: minecraft
[10May2026 14:28:45.974] [main/DEBUG] [net.neoforged.fml.loading.ModSorter/]: Found system mod: neoforge
[10May2026 14:28:46.000] [main/DEBUG] [net.neoforged.fml.loading.ModSorter/LOADING]: Found 9 mod requirements (9 mandatory, 0 optional)
[10May2026 14:28:46.009] [main/DEBUG] [net.neoforged.fml.loading.ModSorter/LOADING]: Found 0 mod requirements missing (0 mandatory, 0 optional)
[10May2026 14:29:03.882] [main/INFO] [mixin/]: SpongePowered MIXIN Subsystem Version=0.8.7 Source=file:/C:/Users/Hanzo/.gradle/caches/modules-2/files-2.1/net.fabricmc/sponge-mixin/0.17.1+mixin.0.8.7/1cca8837fa31d8cfbde11a391f108f2bda30bca4/sponge-mixin-0.17.1+mixin.0.8.7.jar Service=FML Env=CLIENT
[10May2026 14:29:05.359] [main/DEBUG] [mixin/]: Initialising Mixin Platform Manager
[10May2026 14:29:05.360] [main/DEBUG] [mixin/]: Adding mixin platform agents for container ContainerHandleVirtual(fml:18c85)
[10May2026 14:29:05.384] [main/DEBUG] [mixin/]: Instancing new MixinPlatformAgentDefault for ContainerHandleVirtual(fml:18c85)
[10May2026 14:29:05.406] [main/DEBUG] [mixin/]: MixinPlatformAgentDefault accepted container ContainerHandleVirtual(fml:18c85)
[10May2026 14:29:05.406] [main/DEBUG] [mixin/]: Instancing new MixinPlatformAgentDefault for ContainerHandleVirtual(fml:18c85)
[10May2026 14:29:05.408] [main/DEBUG] [mixin/]: MixinPlatformAgentDefault accepted container ContainerHandleVirtual(fml:18c85)
[10May2026 14:29:05.412] [main/DEBUG] [mixin/]: Processing prepare() for PlatformAgent[MixinPlatformAgentDefault:ContainerHandleVirtual(fml:18c85)]
[10May2026 14:29:05.413] [main/DEBUG] [mixin/]: Processing prepare() for PlatformAgent[MixinPlatformAgentDefault:ContainerHandleVirtual(fml:18c85)]
[10May2026 14:29:05.472] [main/INFO] [net.neoforged.fml.loading.FMLLoader/]: Loading FML Plugins:
[10May2026 14:29:05.484] [main/INFO] [net.neoforged.fml.loading.FMLLoader/]:  - C:/Users/Hanzo/.m2/repository/thedarkcolour/kotlinforforge-neoforge/6.5.0/kotlinforforge-neoforge-6.5.0.jar > kotlinx-serialization-core-jvm-1.10.0-RC.jar
[10May2026 14:29:05.487] [main/INFO] [net.neoforged.fml.loading.FMLLoader/]:  - C:/Users/Hanzo/.m2/repository/thedarkcolour/kotlinforforge-neoforge/6.5.0/kotlinforforge-neoforge-6.5.0.jar > kotlinx-coroutines-jdk8-1.10.2.jar
[10May2026 14:29:05.491] [main/INFO] [net.neoforged.fml.loading.FMLLoader/]:  - C:/Users/Hanzo/.m2/repository/thedarkcolour/kotlinforforge-neoforge/6.5.0/kotlinforforge-neoforge-6.5.0.jar > kotlin-stdlib-2.3.0.jar
[10May2026 14:29:05.510] [main/INFO] [net.neoforged.fml.loading.FMLLoader/]:  - C:/Users/Hanzo/.m2/repository/thedarkcolour/kotlinforforge-neoforge/6.5.0/kotlinforforge-neoforge-6.5.0.jar > kotlinx-serialization-json-jvm-1.10.0-RC.jar
[10May2026 14:29:05.512] [main/INFO] [net.neoforged.fml.loading.FMLLoader/]:  - C:/Users/Hanzo/.m2/repository/net/Chidoziealways/everythingcore/EverythingCore/6.0.0/EverythingCore-6.0.0.jar > luaj-jse-3.0.1.jar
[10May2026 14:29:05.596] [main/INFO] [net.neoforged.fml.loading.FMLLoader/]:  - C:/Users/Hanzo/.m2/repository/thedarkcolour/kotlinforforge-neoforge/6.5.0/kotlinforforge-neoforge-6.5.0.jar
[10May2026 14:29:05.598] [main/INFO] [net.neoforged.fml.loading.FMLLoader/]:  - C:/Users/Hanzo/.m2/repository/thedarkcolour/kotlinforforge-neoforge/6.5.0/kotlinforforge-neoforge-6.5.0.jar > kotlinx-coroutines-core-jvm-1.10.2.jar
[10May2026 14:29:05.600] [main/INFO] [net.neoforged.fml.loading.FMLLoader/]:  - C:/Users/Hanzo/.m2/repository/thedarkcolour/kotlinforforge-neoforge/6.5.0/kotlinforforge-neoforge-6.5.0.jar > kotlin-reflect-2.3.0.jar
[10May2026 14:29:05.601] [main/INFO] [net.neoforged.fml.loading.FMLLoader/]:  - C:/Users/Hanzo/.gradle/caches/modules-2/files-2.1/net.neoforged/neoforge/26.1.2.13-beta/f0115e20977dc99bc3063e2d7891385dbf9bfc20/neoforge-26.1.2.13-beta-universal.jar > net.neoforged.neoforge-coremods-26.1.2.13-beta.jar
[10May2026 14:29:05.670] [main/INFO] [net.neoforged.fml.loading.FMLLoader/]:  - C:/Users/Hanzo/.m2/repository/thedarkcolour/kotlinforforge-neoforge/6.5.0/kotlinforforge-neoforge-6.5.0.jar > kotlin-stdlib-jdk8-2.3.0.jar
[10May2026 14:29:05.698] [main/INFO] [net.neoforged.fml.loading.FMLLoader/]:  - C:/Users/Hanzo/.m2/repository/thedarkcolour/kfflang-neoforge/6.5.0/kfflang-neoforge-6.5.0.jar
[10May2026 14:29:05.698] [main/INFO] [net.neoforged.fml.loading.FMLLoader/]:  - C:/Users/Hanzo/.m2/repository/thedarkcolour/kotlinforforge-neoforge/6.5.0/kotlinforforge-neoforge-6.5.0.jar > kotlin-stdlib-jdk7-2.3.0.jar
[10May2026 14:29:06.063] [main/DEBUG] [net.neoforged.fml.util.ServiceLoaderUtil/CORE]: Found 3 implementations of IModLanguageLoader:
[10May2026 14:29:06.065] [main/DEBUG] [net.neoforged.fml.util.ServiceLoaderUtil/CORE]: 	net.neoforged.fml.javafmlmod.FMLJavaModLanguageProvider from C:/Users/Hanzo/.gradle/caches/modules-2/files-2.1/net.neoforged.fancymodloader/loader/11.0.12/d884bab13450950bcb425dbe29d33e505f7153e1/loader-11.0.12.jar
[10May2026 14:29:06.091] [main/DEBUG] [net.neoforged.fml.util.ServiceLoaderUtil/CORE]: 	net.neoforged.fml.mclanguageprovider.MinecraftModLanguageProvider from C:/Users/Hanzo/.gradle/caches/modules-2/files-2.1/net.neoforged.fancymodloader/loader/11.0.12/d884bab13450950bcb425dbe29d33e505f7153e1/loader-11.0.12.jar
[10May2026 14:29:06.110] [main/DEBUG] [net.neoforged.fml.util.ServiceLoaderUtil/CORE]: 	thedarkcolour.kotlinforforge.neoforge.KotlinLanguageLoader from C:/Users/Hanzo/.m2/repository/thedarkcolour/kfflang-neoforge/6.5.0/kfflang-neoforge-6.5.0.jar
[10May2026 14:29:06.142] [main/DEBUG] [net.neoforged.fml.loading.LanguageProviderLoader/CORE]: Found language provider javafml, version 11.0
[10May2026 14:29:06.171] [main/DEBUG] [net.neoforged.fml.loading.LanguageProviderLoader/CORE]: Found language provider minecraft, version 11.0
[10May2026 14:29:06.172] [main/DEBUG] [net.neoforged.fml.loading.LanguageProviderLoader/CORE]: Found language provider kotlinforforge, version 6.5.0
[10May2026 14:29:06.301] [main/DEBUG] [net.neoforged.fml.loading.FMLLoader/]: Adding Access Transformer META-INF/accesstransformer.cfg in jar(C:/Users/Hanzo/.m2/repository/net/Chidoziealways/everythingcore/EverythingCore/6.0.0/EverythingCore-6.0.0.jar)
[10May2026 14:29:07.448] [main/DEBUG] [net.neoforged.fml.loading.FMLLoader/]: Adding Access Transformer META-INF/accesstransformer.cfg in folder(C:/Users/Hanzo/IdeaProjects/EverythingJapanese/build/sourcesSets/main)
[10May2026 14:29:07.481] [main/DEBUG] [net.neoforged.fml.loading.FMLLoader/]: Adding Access Transformer META-INF/accesstransformer.cfg in jar(C:/Users/Hanzo/.gradle/caches/modules-2/files-2.1/com.geckolib/geckolib-neoforge-26.1/5.5/cbcfee34b9037c5363151a95d2b98c0e6f78659d/geckolib-neoforge-26.1-5.5.jar)
[10May2026 14:29:07.499] [main/DEBUG] [net.neoforged.fml.loading.FMLLoader/]: Adding Access Transformer META-INF/accesstransformer.cfg in composite(filtered(jar(C:/Users/Hanzo/.gradle/caches/modules-2/files-2.1/net.neoforged/neoforge/26.1.2.13-beta/f0115e20977dc99bc3063e2d7891385dbf9bfc20/neoforge-26.1.2.13-beta-universal.jar)))
[10May2026 14:29:07.598] [main/DEBUG] [net.neoforged.fml.loading.FMLLoader/]: Adding Access Transformer META-INF/accesstransformergenerated.cfg in composite(filtered(jar(C:/Users/Hanzo/.gradle/caches/modules-2/files-2.1/net.neoforged/neoforge/26.1.2.13-beta/f0115e20977dc99bc3063e2d7891385dbf9bfc20/neoforge-26.1.2.13-beta-universal.jar)))
[10May2026 14:29:08.679] [main/DEBUG] [net.neoforged.fml.util.ServiceLoaderUtil/CORE]: Found 4 implementations of ClassProcessor:
[10May2026 14:29:08.721] [main/DEBUG] [net.neoforged.fml.util.ServiceLoaderUtil/CORE]: 	[built-in] net.neoforged.fml.common.asm.AccessTransformerService from C:/Users/Hanzo/.gradle/caches/modules-2/files-2.1/net.neoforged.fancymodloader/loader/11.0.12/d884bab13450950bcb425dbe29d33e505f7153e1/loader-11.0.12.jar
[10May2026 14:29:08.724] [main/DEBUG] [net.neoforged.fml.util.ServiceLoaderUtil/CORE]: 	[built-in] net.neoforged.fml.common.asm.enumextension.RuntimeEnumExtender from C:/Users/Hanzo/.gradle/caches/modules-2/files-2.1/net.neoforged.fancymodloader/loader/11.0.12/d884bab13450950bcb425dbe29d33e505f7153e1/loader-11.0.12.jar
[10May2026 14:29:08.836] [main/DEBUG] [net.neoforged.fml.util.ServiceLoaderUtil/CORE]: 	[built-in] net.neoforged.fml.common.asm.SimpleProcessorsGroup from C:/Users/Hanzo/.gradle/caches/modules-2/files-2.1/net.neoforged.fancymodloader/loader/11.0.12/d884bab13450950bcb425dbe29d33e505f7153e1/loader-11.0.12.jar
[10May2026 14:29:08.866] [main/DEBUG] [net.neoforged.fml.util.ServiceLoaderUtil/CORE]: 	[built-in] net.neoforged.fml.loading.mixin.FMLMixinClassProcessor from C:/Users/Hanzo/.gradle/caches/modules-2/files-2.1/net.neoforged.fancymodloader/loader/11.0.12/d884bab13450950bcb425dbe29d33e505f7153e1/loader-11.0.12.jar
[10May2026 14:29:09.016] [main/DEBUG] [net.neoforged.fml.util.ServiceLoaderUtil/CORE]: Found 1 implementations of ClassProcessorProvider:
[10May2026 14:29:09.032] [main/DEBUG] [net.neoforged.fml.util.ServiceLoaderUtil/CORE]: 	net.neoforged.neoforge.coremods.NeoForgeCoreMod from C:/Users/Hanzo/.gradle/caches/modules-2/files-2.1/net.neoforged/neoforge/26.1.2.13-beta/f0115e20977dc99bc3063e2d7891385dbf9bfc20/neoforge-26.1.2.13-beta-universal.jar > net.neoforged.neoforge-coremods-26.1.2.13-beta.jar
[10May2026 14:29:12.918] [main/DEBUG] [net.neoforged.fml.loading.FMLLoader/]: Masking classpath elements: [C:/Users/Hanzo/IdeaProjects/EverythingJapanese/build/moddev/artifacts/minecraft-patched-26.1.2.13-beta.jar, C:/Users/Hanzo/.m2/repository/net/Chidoziealways/everythingcore/EverythingCore/6.0.0/EverythingCore-6.0.0.jar, C:/Users/Hanzo/.m2/repository/thedarkcolour/kffmod-neoforge/6.5.0/kffmod-neoforge-6.5.0.jar, C:/Users/Hanzo/IdeaProjects/EverythingJapanese/build/sourcesSets/main, C:/Users/Hanzo/.gradle/caches/modules-2/files-2.1/net.neoforged/neoforge/26.1.2.13-beta/f0115e20977dc99bc3063e2d7891385dbf9bfc20/neoforge-26.1.2.13-beta-universal.jar, C:/Users/Hanzo/.gradle/caches/modules-2/files-2.1/com.geckolib/geckolib-neoforge-26.1/5.5/cbcfee34b9037c5363151a95d2b98c0e6f78659d/geckolib-neoforge-26.1-5.5.jar, C:/Users/Hanzo/.m2/repository/thedarkcolour/kfflib-neoforge/6.5.0/kfflib-neoforge-6.5.0.jar]
[10May2026 14:29:13.951] [main/INFO] [net.neoforged.fml.loading.FMLLoader/]: Building game content classloader:
 - everythingcore (jar(C:/Users/Hanzo/.m2/repository/net/Chidoziealways/everythingcore/EverythingCore/6.0.0/EverythingCore-6.0.0.jar))
 - everythingjapanese (folder(C:/Users/Hanzo/IdeaProjects/EverythingJapanese/build/sourcesSets/main))
 - geckolib (jar(C:/Users/Hanzo/.gradle/caches/modules-2/files-2.1/com.geckolib/geckolib-neoforge-26.1/5.5/cbcfee34b9037c5363151a95d2b98c0e6f78659d/geckolib-neoforge-26.1-5.5.jar))
 - kotlinforforge (jar(C:/Users/Hanzo/.m2/repository/thedarkcolour/kffmod-neoforge/6.5.0/kffmod-neoforge-6.5.0.jar))
 - minecraft (composite(filtered(jar(C:/Users/Hanzo/IdeaProjects/EverythingJapanese/build/moddev/artifacts/minecraft-patched-26.1.2.13-beta.jar)), filtered(jar(C:/Users/Hanzo/IdeaProjects/EverythingJapanese/build/moddev/artifacts/minecraft-patched-26.1.2.13-beta.jar))))
 - mixinextras.neoforge (jar(C:/Users/Hanzo/.gradle/caches/modules-2/files-2.1/net.neoforged/neoforge/26.1.2.13-beta/f0115e20977dc99bc3063e2d7891385dbf9bfc20/neoforge-26.1.2.13-beta-universal.jar > mixinextras-neoforge-0.5.3.jar))
 - neoforge (composite(filtered(jar(C:/Users/Hanzo/.gradle/caches/modules-2/files-2.1/net.neoforged/neoforge/26.1.2.13-beta/f0115e20977dc99bc3063e2d7891385dbf9bfc20/neoforge-26.1.2.13-beta-universal.jar))))
 - net.neoforged.fml.generated (empty(VirtualJar/net.neoforged.fml.generated))
 - thedarkcolour.kotlinforforge.lib.neoforge (jar(C:/Users/Hanzo/.m2/repository/thedarkcolour/kfflib-neoforge/6.5.0/kfflib-neoforge-6.5.0.jar))
[10May2026 14:29:14.664] [main/INFO] [net.neoforged.fml.loading.FMLLoader/]: Built game content classloader in 1718ms
[10May2026 14:29:17.887] [main/DEBUG] [mixin/]: Compatibility level JAVA_25 specified by everythingjapanese.mixins.json is higher than the maximum level supported by this version of mixin (JAVA_13).
[10May2026 14:29:18.022] [main/INFO] [mixin/]: Compatibility level set to JAVA_25
[10May2026 14:29:18.054] [main/DEBUG] [mixin/]: Compatibility level JAVA_17 specified by geckolib.mixins.json is lower than the default level supported by the current mixin service (JAVA_21).
[10May2026 14:29:18.055] [main/DEBUG] [mixin/]: Compatibility level JAVA_17 specified by geckolib.mixins.json is higher than the maximum level supported by this version of mixin (JAVA_13).
[10May2026 14:29:18.272] [main/DEBUG] [mixin/]: Processing launch tasks for PlatformAgent[MixinPlatformAgentDefault:ContainerHandleVirtual(fml:18c85)]
[10May2026 14:29:18.272] [main/DEBUG] [mixin/]: Processing launch tasks for PlatformAgent[MixinPlatformAgentDefault:ContainerHandleVirtual(fml:18c85)]
[10May2026 14:29:18.289] [main/DEBUG] [mixin/]: Adding agents for Mixin Container jar(C:/Users/Hanzo/.m2/repository/thedarkcolour/kotlinforforge-neoforge/6.5.0/kotlinforforge-neoforge-6.5.0.jar) > jar(C:/Users/Hanzo/.m2/repository/thedarkcolour/kotlinforforge-neoforge/6.5.0/kotlinforforge-neoforge-6.5.0.jar > kotlinx-serialization-core-jvm-1.10.0-RC.jar)
[10May2026 14:29:18.321] [main/DEBUG] [mixin/]: Adding mixin platform agents for container jar(C:/Users/Hanzo/.m2/repository/thedarkcolour/kotlinforforge-neoforge/6.5.0/kotlinforforge-neoforge-6.5.0.jar) > jar(C:/Users/Hanzo/.m2/repository/thedarkcolour/kotlinforforge-neoforge/6.5.0/kotlinforforge-neoforge-6.5.0.jar > kotlinx-serialization-core-jvm-1.10.0-RC.jar)
[10May2026 14:29:18.334] [main/DEBUG] [mixin/]: Instancing new MixinPlatformAgentDefault for jar(C:/Users/Hanzo/.m2/repository/thedarkcolour/kotlinforforge-neoforge/6.5.0/kotlinforforge-neoforge-6.5.0.jar) > jar(C:/Users/Hanzo/.m2/repository/thedarkcolour/kotlinforforge-neoforge/6.5.0/kotlinforforge-neoforge-6.5.0.jar > kotlinx-serialization-core-jvm-1.10.0-RC.jar)
[10May2026 14:29:18.336] [main/DEBUG] [mixin/]: MixinPlatformAgentDefault accepted container jar(C:/Users/Hanzo/.m2/repository/thedarkcolour/kotlinforforge-neoforge/6.5.0/kotlinforforge-neoforge-6.5.0.jar) > jar(C:/Users/Hanzo/.m2/repository/thedarkcolour/kotlinforforge-neoforge/6.5.0/kotlinforforge-neoforge-6.5.0.jar > kotlinx-serialization-core-jvm-1.10.0-RC.jar)
[10May2026 14:29:18.339] [main/DEBUG] [mixin/]: Instancing new MixinPlatformAgentDefault for jar(C:/Users/Hanzo/.m2/repository/thedarkcolour/kotlinforforge-neoforge/6.5.0/kotlinforforge-neoforge-6.5.0.jar) > jar(C:/Users/Hanzo/.m2/repository/thedarkcolour/kotlinforforge-neoforge/6.5.0/kotlinforforge-neoforge-6.5.0.jar > kotlinx-serialization-core-jvm-1.10.0-RC.jar)
[10May2026 14:29:18.545] [main/DEBUG] [mixin/]: MixinPlatformAgentDefault accepted container jar(C:/Users/Hanzo/.m2/repository/thedarkcolour/kotlinforforge-neoforge/6.5.0/kotlinforforge-neoforge-6.5.0.jar) > jar(C:/Users/Hanzo/.m2/repository/thedarkcolour/kotlinforforge-neoforge/6.5.0/kotlinforforge-neoforge-6.5.0.jar > kotlinx-serialization-core-jvm-1.10.0-RC.jar)
[10May2026 14:29:18.547] [main/DEBUG] [mixin/]: Processing prepare() for PlatformAgent[MixinPlatformAgentDefault:jar(C:/Users/Hanzo/.m2/repository/thedarkcolour/kotlinforforge-neoforge/6.5.0/kotlinforforge-neoforge-6.5.0.jar) > jar(C:/Users/Hanzo/.m2/repository/thedarkcolour/kotlinforforge-neoforge/6.5.0/kotlinforforge-neoforge-6.5.0.jar > kotlinx-serialization-core-jvm-1.10.0-RC.jar)]
[10May2026 14:29:18.548] [main/DEBUG] [mixin/]: Processing prepare() for PlatformAgent[MixinPlatformAgentDefault:jar(C:/Users/Hanzo/.m2/repository/thedarkcolour/kotlinforforge-neoforge/6.5.0/kotlinforforge-neoforge-6.5.0.jar) > jar(C:/Users/Hanzo/.m2/repository/thedarkcolour/kotlinforforge-neoforge/6.5.0/kotlinforforge-neoforge-6.5.0.jar > kotlinx-serialization-core-jvm-1.10.0-RC.jar)]
[10May2026 14:29:18.551] [main/DEBUG] [mixin/]: Adding agents for Mixin Container jar(C:/Users/Hanzo/.m2/repository/thedarkcolour/kotlinforforge-neoforge/6.5.0/kotlinforforge-neoforge-6.5.0.jar) > jar(C:/Users/Hanzo/.m2/repository/thedarkcolour/kotlinforforge-neoforge/6.5.0/kotlinforforge-neoforge-6.5.0.jar > kotlinx-coroutines-jdk8-1.10.2.jar)
[10May2026 14:29:18.568] [main/DEBUG] [mixin/]: Adding mixin platform agents for container jar(C:/Users/Hanzo/.m2/repository/thedarkcolour/kotlinforforge-neoforge/6.5.0/kotlinforforge-neoforge-6.5.0.jar) > jar(C:/Users/Hanzo/.m2/repository/thedarkcolour/kotlinforforge-neoforge/6.5.0/kotlinforforge-neoforge-6.5.0.jar > kotlinx-coroutines-jdk8-1.10.2.jar)
[10May2026 14:29:18.586] [main/DEBUG] [mixin/]: Instancing new MixinPlatformAgentDefault for jar(C:/Users/Hanzo/.m2/repository/thedarkcolour/kotlinforforge-neoforge/6.5.0/kotlinforforge-neoforge-6.5.0.jar) > jar(C:/Users/Hanzo/.m2/repository/thedarkcolour/kotlinforforge-neoforge/6.5.0/kotlinforforge-neoforge-6.5.0.jar > kotlinx-coroutines-jdk8-1.10.2.jar)
[10May2026 14:29:18.615] [main/DEBUG] [mixin/]: MixinPlatformAgentDefault accepted container jar(C:/Users/Hanzo/.m2/repository/thedarkcolour/kotlinforforge-neoforge/6.5.0/kotlinforforge-neoforge-6.5.0.jar) > jar(C:/Users/Hanzo/.m2/repository/thedarkcolour/kotlinforforge-neoforge/6.5.0/kotlinforforge-neoforge-6.5.0.jar > kotlinx-coroutines-jdk8-1.10.2.jar)
[10May2026 14:29:18.617] [main/DEBUG] [mixin/]: Instancing new MixinPlatformAgentDefault for jar(C:/Users/Hanzo/.m2/repository/thedarkcolour/kotlinforforge-neoforge/6.5.0/kotlinforforge-neoforge-6.5.0.jar) > jar(C:/Users/Hanzo/.m2/repository/thedarkcolour/kotlinforforge-neoforge/6.5.0/kotlinforforge-neoforge-6.5.0.jar > kotlinx-coroutines-jdk8-1.10.2.jar)
[10May2026 14:29:18.629] [main/DEBUG] [mixin/]: MixinPlatformAgentDefault accepted container jar(C:/Users/Hanzo/.m2/repository/thedarkcolour/kotlinforforge-neoforge/6.5.0/kotlinforforge-neoforge-6.5.0.jar) > jar(C:/Users/Hanzo/.m2/repository/thedarkcolour/kotlinforforge-neoforge/6.5.0/kotlinforforge-neoforge-6.5.0.jar > kotlinx-coroutines-jdk8-1.10.2.jar)
[10May2026 14:29:18.636] [main/DEBUG] [mixin/]: Processing prepare() for PlatformAgent[MixinPlatformAgentDefault:jar(C:/Users/Hanzo/.m2/repository/thedarkcolour/kotlinforforge-neoforge/6.5.0/kotlinforforge-neoforge-6.5.0.jar) > jar(C:/Users/Hanzo/.m2/repository/thedarkcolour/kotlinforforge-neoforge/6.5.0/kotlinforforge-neoforge-6.5.0.jar > kotlinx-coroutines-jdk8-1.10.2.jar)]
[10May2026 14:29:18.638] [main/DEBUG] [mixin/]: Processing prepare() for PlatformAgent[MixinPlatformAgentDefault:jar(C:/Users/Hanzo/.m2/repository/thedarkcolour/kotlinforforge-neoforge/6.5.0/kotlinforforge-neoforge-6.5.0.jar) > jar(C:/Users/Hanzo/.m2/repository/thedarkcolour/kotlinforforge-neoforge/6.5.0/kotlinforforge-neoforge-6.5.0.jar > kotlinx-coroutines-jdk8-1.10.2.jar)]
[10May2026 14:29:18.656] [main/DEBUG] [mixin/]: Adding agents for Mixin Container jar(C:/Users/Hanzo/.m2/repository/thedarkcolour/kotlinforforge-neoforge/6.5.0/kotlinforforge-neoforge-6.5.0.jar) > jar(C:/Users/Hanzo/.m2/repository/thedarkcolour/kotlinforforge-neoforge/6.5.0/kotlinforforge-neoforge-6.5.0.jar > kotlin-stdlib-2.3.0.jar)
[10May2026 14:29:18.661] [main/DEBUG] [mixin/]: Adding mixin platform agents for container jar(C:/Users/Hanzo/.m2/repository/thedarkcolour/kotlinforforge-neoforge/6.5.0/kotlinforforge-neoforge-6.5.0.jar) > jar(C:/Users/Hanzo/.m2/repository/thedarkcolour/kotlinforforge-neoforge/6.5.0/kotlinforforge-neoforge-6.5.0.jar > kotlin-stdlib-2.3.0.jar)
[10May2026 14:29:18.665] [main/DEBUG] [mixin/]: Instancing new MixinPlatformAgentDefault for jar(C:/Users/Hanzo/.m2/repository/thedarkcolour/kotlinforforge-neoforge/6.5.0/kotlinforforge-neoforge-6.5.0.jar) > jar(C:/Users/Hanzo/.m2/repository/thedarkcolour/kotlinforforge-neoforge/6.5.0/kotlinforforge-neoforge-6.5.0.jar > kotlin-stdlib-2.3.0.jar)
[10May2026 14:29:18.671] [main/DEBUG] [mixin/]: MixinPlatformAgentDefault accepted container jar(C:/Users/Hanzo/.m2/repository/thedarkcolour/kotlinforforge-neoforge/6.5.0/kotlinforforge-neoforge-6.5.0.jar) > jar(C:/Users/Hanzo/.m2/repository/thedarkcolour/kotlinforforge-neoforge/6.5.0/kotlinforforge-neoforge-6.5.0.jar > kotlin-stdlib-2.3.0.jar)
[10May2026 14:29:18.692] [main/DEBUG] [mixin/]: Instancing new MixinPlatformAgentDefault for jar(C:/Users/Hanzo/.m2/repository/thedarkcolour/kotlinforforge-neoforge/6.5.0/kotlinforforge-neoforge-6.5.0.jar) > jar(C:/Users/Hanzo/.m2/repository/thedarkcolour/kotlinforforge-neoforge/6.5.0/kotlinforforge-neoforge-6.5.0.jar > kotlin-stdlib-2.3.0.jar)
[10May2026 14:29:18.722] [main/DEBUG] [mixin/]: MixinPlatformAgentDefault accepted container jar(C:/Users/Hanzo/.m2/repository/thedarkcolour/kotlinforforge-neoforge/6.5.0/kotlinforforge-neoforge-6.5.0.jar) > jar(C:/Users/Hanzo/.m2/repository/thedarkcolour/kotlinforforge-neoforge/6.5.0/kotlinforforge-neoforge-6.5.0.jar > kotlin-stdlib-2.3.0.jar)
[10May2026 14:29:18.761] [main/DEBUG] [mixin/]: Processing prepare() for PlatformAgent[MixinPlatformAgentDefault:jar(C:/Users/Hanzo/.m2/repository/thedarkcolour/kotlinforforge-neoforge/6.5.0/kotlinforforge-neoforge-6.5.0.jar) > jar(C:/Users/Hanzo/.m2/repository/thedarkcolour/kotlinforforge-neoforge/6.5.0/kotlinforforge-neoforge-6.5.0.jar > kotlin-stdlib-2.3.0.jar)]
[10May2026 14:29:18.763] [main/DEBUG] [mixin/]: Processing prepare() for PlatformAgent[MixinPlatformAgentDefault:jar(C:/Users/Hanzo/.m2/repository/thedarkcolour/kotlinforforge-neoforge/6.5.0/kotlinforforge-neoforge-6.5.0.jar) > jar(C:/Users/Hanzo/.m2/repository/thedarkcolour/kotlinforforge-neoforge/6.5.0/kotlinforforge-neoforge-6.5.0.jar > kotlin-stdlib-2.3.0.jar)]
[10May2026 14:29:18.764] [main/DEBUG] [mixin/]: Adding agents for Mixin Container jar(C:/Users/Hanzo/.m2/repository/thedarkcolour/kotlinforforge-neoforge/6.5.0/kotlinforforge-neoforge-6.5.0.jar) > jar(C:/Users/Hanzo/.m2/repository/thedarkcolour/kotlinforforge-neoforge/6.5.0/kotlinforforge-neoforge-6.5.0.jar > kotlinx-serialization-json-jvm-1.10.0-RC.jar)
[10May2026 14:29:18.862] [main/DEBUG] [mixin/]: Adding mixin platform agents for container jar(C:/Users/Hanzo/.m2/repository/thedarkcolour/kotlinforforge-neoforge/6.5.0/kotlinforforge-neoforge-6.5.0.jar) > jar(C:/Users/Hanzo/.m2/repository/thedarkcolour/kotlinforforge-neoforge/6.5.0/kotlinforforge-neoforge-6.5.0.jar > kotlinx-serialization-json-jvm-1.10.0-RC.jar)
[10May2026 14:29:18.922] [main/DEBUG] [mixin/]: Instancing new MixinPlatformAgentDefault for jar(C:/Users/Hanzo/.m2/repository/thedarkcolour/kotlinforforge-neoforge/6.5.0/kotlinforforge-neoforge-6.5.0.jar) > jar(C:/Users/Hanzo/.m2/repository/thedarkcolour/kotlinforforge-neoforge/6.5.0/kotlinforforge-neoforge-6.5.0.jar > kotlinx-serialization-json-jvm-1.10.0-RC.jar)
[10May2026 14:29:18.927] [main/DEBUG] [mixin/]: MixinPlatformAgentDefault accepted container jar(C:/Users/Hanzo/.m2/repository/thedarkcolour/kotlinforforge-neoforge/6.5.0/kotlinforforge-neoforge-6.5.0.jar) > jar(C:/Users/Hanzo/.m2/repository/thedarkcolour/kotlinforforge-neoforge/6.5.0/kotlinforforge-neoforge-6.5.0.jar > kotlinx-serialization-json-jvm-1.10.0-RC.jar)
[10May2026 14:29:18.932] [main/DEBUG] [mixin/]: Instancing new MixinPlatformAgentDefault for jar(C:/Users/Hanzo/.m2/repository/thedarkcolour/kotlinforforge-neoforge/6.5.0/kotlinforforge-neoforge-6.5.0.jar) > jar(C:/Users/Hanzo/.m2/repository/thedarkcolour/kotlinforforge-neoforge/6.5.0/kotlinforforge-neoforge-6.5.0.jar > kotlinx-serialization-json-jvm-1.10.0-RC.jar)
[10May2026 14:29:18.948] [main/DEBUG] [mixin/]: MixinPlatformAgentDefault accepted container jar(C:/Users/Hanzo/.m2/repository/thedarkcolour/kotlinforforge-neoforge/6.5.0/kotlinforforge-neoforge-6.5.0.jar) > jar(C:/Users/Hanzo/.m2/repository/thedarkcolour/kotlinforforge-neoforge/6.5.0/kotlinforforge-neoforge-6.5.0.jar > kotlinx-serialization-json-jvm-1.10.0-RC.jar)
[10May2026 14:29:19.028] [main/DEBUG] [mixin/]: Processing prepare() for PlatformAgent[MixinPlatformAgentDefault:jar(C:/Users/Hanzo/.m2/repository/thedarkcolour/kotlinforforge-neoforge/6.5.0/kotlinforforge-neoforge-6.5.0.jar) > jar(C:/Users/Hanzo/.m2/repository/thedarkcolour/kotlinforforge-neoforge/6.5.0/kotlinforforge-neoforge-6.5.0.jar > kotlinx-serialization-json-jvm-1.10.0-RC.jar)]
[10May2026 14:29:19.579] [main/DEBUG] [mixin/]: Processing prepare() for PlatformAgent[MixinPlatformAgentDefault:jar(C:/Users/Hanzo/.m2/repository/thedarkcolour/kotlinforforge-neoforge/6.5.0/kotlinforforge-neoforge-6.5.0.jar) > jar(C:/Users/Hanzo/.m2/repository/thedarkcolour/kotlinforforge-neoforge/6.5.0/kotlinforforge-neoforge-6.5.0.jar > kotlinx-serialization-json-jvm-1.10.0-RC.jar)]
[10May2026 14:29:19.820] [main/DEBUG] [mixin/]: Adding agents for Mixin Container jar(C:/Users/Hanzo/.m2/repository/net/Chidoziealways/everythingcore/EverythingCore/6.0.0/EverythingCore-6.0.0.jar) > jar(C:/Users/Hanzo/.m2/repository/net/Chidoziealways/everythingcore/EverythingCore/6.0.0/EverythingCore-6.0.0.jar > luaj-jse-3.0.1.jar)
[10May2026 14:29:19.822] [main/DEBUG] [mixin/]: Adding mixin platform agents for container jar(C:/Users/Hanzo/.m2/repository/net/Chidoziealways/everythingcore/EverythingCore/6.0.0/EverythingCore-6.0.0.jar) > jar(C:/Users/Hanzo/.m2/repository/net/Chidoziealways/everythingcore/EverythingCore/6.0.0/EverythingCore-6.0.0.jar > luaj-jse-3.0.1.jar)
[10May2026 14:29:19.823] [main/DEBUG] [mixin/]: Instancing new MixinPlatformAgentDefault for jar(C:/Users/Hanzo/.m2/repository/net/Chidoziealways/everythingcore/EverythingCore/6.0.0/EverythingCore-6.0.0.jar) > jar(C:/Users/Hanzo/.m2/repository/net/Chidoziealways/everythingcore/EverythingCore/6.0.0/EverythingCore-6.0.0.jar > luaj-jse-3.0.1.jar)
[10May2026 14:29:19.826] [main/DEBUG] [mixin/]: MixinPlatformAgentDefault accepted container jar(C:/Users/Hanzo/.m2/repository/net/Chidoziealways/everythingcore/EverythingCore/6.0.0/EverythingCore-6.0.0.jar) > jar(C:/Users/Hanzo/.m2/repository/net/Chidoziealways/everythingcore/EverythingCore/6.0.0/EverythingCore-6.0.0.jar > luaj-jse-3.0.1.jar)
[10May2026 14:29:19.826] [main/DEBUG] [mixin/]: Instancing new MixinPlatformAgentDefault for jar(C:/Users/Hanzo/.m2/repository/net/Chidoziealways/everythingcore/EverythingCore/6.0.0/EverythingCore-6.0.0.jar) > jar(C:/Users/Hanzo/.m2/repository/net/Chidoziealways/everythingcore/EverythingCore/6.0.0/EverythingCore-6.0.0.jar > luaj-jse-3.0.1.jar)
[10May2026 14:29:19.828] [main/DEBUG] [mixin/]: MixinPlatformAgentDefault accepted container jar(C:/Users/Hanzo/.m2/repository/net/Chidoziealways/everythingcore/EverythingCore/6.0.0/EverythingCore-6.0.0.jar) > jar(C:/Users/Hanzo/.m2/repository/net/Chidoziealways/everythingcore/EverythingCore/6.0.0/EverythingCore-6.0.0.jar > luaj-jse-3.0.1.jar)
[10May2026 14:29:19.831] [main/DEBUG] [mixin/]: Processing prepare() for PlatformAgent[MixinPlatformAgentDefault:jar(C:/Users/Hanzo/.m2/repository/net/Chidoziealways/everythingcore/EverythingCore/6.0.0/EverythingCore-6.0.0.jar) > jar(C:/Users/Hanzo/.m2/repository/net/Chidoziealways/everythingcore/EverythingCore/6.0.0/EverythingCore-6.0.0.jar > luaj-jse-3.0.1.jar)]
[10May2026 14:29:19.834] [main/DEBUG] [mixin/]: Processing prepare() for PlatformAgent[MixinPlatformAgentDefault:jar(C:/Users/Hanzo/.m2/repository/net/Chidoziealways/everythingcore/EverythingCore/6.0.0/EverythingCore-6.0.0.jar) > jar(C:/Users/Hanzo/.m2/repository/net/Chidoziealways/everythingcore/EverythingCore/6.0.0/EverythingCore-6.0.0.jar > luaj-jse-3.0.1.jar)]
[10May2026 14:29:19.835] [main/DEBUG] [mixin/]: Adding agents for Mixin Container jar(C:/Users/Hanzo/.m2/repository/thedarkcolour/kotlinforforge-neoforge/6.5.0/kotlinforforge-neoforge-6.5.0.jar)
[10May2026 14:29:19.836] [main/DEBUG] [mixin/]: Adding mixin platform agents for container jar(C:/Users/Hanzo/.m2/repository/thedarkcolour/kotlinforforge-neoforge/6.5.0/kotlinforforge-neoforge-6.5.0.jar)
[10May2026 14:29:19.840] [main/DEBUG] [mixin/]: Instancing new MixinPlatformAgentDefault for jar(C:/Users/Hanzo/.m2/repository/thedarkcolour/kotlinforforge-neoforge/6.5.0/kotlinforforge-neoforge-6.5.0.jar)
[10May2026 14:29:19.842] [main/DEBUG] [mixin/]: MixinPlatformAgentDefault accepted container jar(C:/Users/Hanzo/.m2/repository/thedarkcolour/kotlinforforge-neoforge/6.5.0/kotlinforforge-neoforge-6.5.0.jar)
[10May2026 14:29:19.844] [main/DEBUG] [mixin/]: Instancing new MixinPlatformAgentDefault for jar(C:/Users/Hanzo/.m2/repository/thedarkcolour/kotlinforforge-neoforge/6.5.0/kotlinforforge-neoforge-6.5.0.jar)
[10May2026 14:29:19.846] [main/DEBUG] [mixin/]: MixinPlatformAgentDefault accepted container jar(C:/Users/Hanzo/.m2/repository/thedarkcolour/kotlinforforge-neoforge/6.5.0/kotlinforforge-neoforge-6.5.0.jar)
[10May2026 14:29:19.847] [main/DEBUG] [mixin/]: Processing prepare() for PlatformAgent[MixinPlatformAgentDefault:jar(C:/Users/Hanzo/.m2/repository/thedarkcolour/kotlinforforge-neoforge/6.5.0/kotlinforforge-neoforge-6.5.0.jar)]
[10May2026 14:29:19.848] [main/DEBUG] [mixin/]: Processing prepare() for PlatformAgent[MixinPlatformAgentDefault:jar(C:/Users/Hanzo/.m2/repository/thedarkcolour/kotlinforforge-neoforge/6.5.0/kotlinforforge-neoforge-6.5.0.jar)]
[10May2026 14:29:19.849] [main/DEBUG] [mixin/]: Adding agents for Mixin Container jar(C:/Users/Hanzo/.m2/repository/thedarkcolour/kotlinforforge-neoforge/6.5.0/kotlinforforge-neoforge-6.5.0.jar) > jar(C:/Users/Hanzo/.m2/repository/thedarkcolour/kotlinforforge-neoforge/6.5.0/kotlinforforge-neoforge-6.5.0.jar > kotlinx-coroutines-core-jvm-1.10.2.jar)
[10May2026 14:29:19.850] [main/DEBUG] [mixin/]: Adding mixin platform agents for container jar(C:/Users/Hanzo/.m2/repository/thedarkcolour/kotlinforforge-neoforge/6.5.0/kotlinforforge-neoforge-6.5.0.jar) > jar(C:/Users/Hanzo/.m2/repository/thedarkcolour/kotlinforforge-neoforge/6.5.0/kotlinforforge-neoforge-6.5.0.jar > kotlinx-coroutines-core-jvm-1.10.2.jar)
[10May2026 14:29:19.851] [main/DEBUG] [mixin/]: Instancing new MixinPlatformAgentDefault for jar(C:/Users/Hanzo/.m2/repository/thedarkcolour/kotlinforforge-neoforge/6.5.0/kotlinforforge-neoforge-6.5.0.jar) > jar(C:/Users/Hanzo/.m2/repository/thedarkcolour/kotlinforforge-neoforge/6.5.0/kotlinforforge-neoforge-6.5.0.jar > kotlinx-coroutines-core-jvm-1.10.2.jar)
[10May2026 14:29:19.853] [main/DEBUG] [mixin/]: MixinPlatformAgentDefault accepted container jar(C:/Users/Hanzo/.m2/repository/thedarkcolour/kotlinforforge-neoforge/6.5.0/kotlinforforge-neoforge-6.5.0.jar) > jar(C:/Users/Hanzo/.m2/repository/thedarkcolour/kotlinforforge-neoforge/6.5.0/kotlinforforge-neoforge-6.5.0.jar > kotlinx-coroutines-core-jvm-1.10.2.jar)
[10May2026 14:29:19.854] [main/DEBUG] [mixin/]: Instancing new MixinPlatformAgentDefault for jar(C:/Users/Hanzo/.m2/repository/thedarkcolour/kotlinforforge-neoforge/6.5.0/kotlinforforge-neoforge-6.5.0.jar) > jar(C:/Users/Hanzo/.m2/repository/thedarkcolour/kotlinforforge-neoforge/6.5.0/kotlinforforge-neoforge-6.5.0.jar > kotlinx-coroutines-core-jvm-1.10.2.jar)
[10May2026 14:29:19.855] [main/DEBUG] [mixin/]: MixinPlatformAgentDefault accepted container jar(C:/Users/Hanzo/.m2/repository/thedarkcolour/kotlinforforge-neoforge/6.5.0/kotlinforforge-neoforge-6.5.0.jar) > jar(C:/Users/Hanzo/.m2/repository/thedarkcolour/kotlinforforge-neoforge/6.5.0/kotlinforforge-neoforge-6.5.0.jar > kotlinx-coroutines-core-jvm-1.10.2.jar)
[10May2026 14:29:19.856] [main/DEBUG] [mixin/]: Processing prepare() for PlatformAgent[MixinPlatformAgentDefault:jar(C:/Users/Hanzo/.m2/repository/thedarkcolour/kotlinforforge-neoforge/6.5.0/kotlinforforge-neoforge-6.5.0.jar) > jar(C:/Users/Hanzo/.m2/repository/thedarkcolour/kotlinforforge-neoforge/6.5.0/kotlinforforge-neoforge-6.5.0.jar > kotlinx-coroutines-core-jvm-1.10.2.jar)]
[10May2026 14:29:19.858] [main/DEBUG] [mixin/]: Processing prepare() for PlatformAgent[MixinPlatformAgentDefault:jar(C:/Users/Hanzo/.m2/repository/thedarkcolour/kotlinforforge-neoforge/6.5.0/kotlinforforge-neoforge-6.5.0.jar) > jar(C:/Users/Hanzo/.m2/repository/thedarkcolour/kotlinforforge-neoforge/6.5.0/kotlinforforge-neoforge-6.5.0.jar > kotlinx-coroutines-core-jvm-1.10.2.jar)]
[10May2026 14:29:19.858] [main/DEBUG] [mixin/]: Adding agents for Mixin Container jar(C:/Users/Hanzo/.m2/repository/thedarkcolour/kotlinforforge-neoforge/6.5.0/kotlinforforge-neoforge-6.5.0.jar) > jar(C:/Users/Hanzo/.m2/repository/thedarkcolour/kotlinforforge-neoforge/6.5.0/kotlinforforge-neoforge-6.5.0.jar > kotlin-reflect-2.3.0.jar)
[10May2026 14:29:19.860] [main/DEBUG] [mixin/]: Adding mixin platform agents for container jar(C:/Users/Hanzo/.m2/repository/thedarkcolour/kotlinforforge-neoforge/6.5.0/kotlinforforge-neoforge-6.5.0.jar) > jar(C:/Users/Hanzo/.m2/repository/thedarkcolour/kotlinforforge-neoforge/6.5.0/kotlinforforge-neoforge-6.5.0.jar > kotlin-reflect-2.3.0.jar)
[10May2026 14:29:19.861] [main/DEBUG] [mixin/]: Instancing new MixinPlatformAgentDefault for jar(C:/Users/Hanzo/.m2/repository/thedarkcolour/kotlinforforge-neoforge/6.5.0/kotlinforforge-neoforge-6.5.0.jar) > jar(C:/Users/Hanzo/.m2/repository/thedarkcolour/kotlinforforge-neoforge/6.5.0/kotlinforforge-neoforge-6.5.0.jar > kotlin-reflect-2.3.0.jar)
[10May2026 14:29:19.863] [main/DEBUG] [mixin/]: MixinPlatformAgentDefault accepted container jar(C:/Users/Hanzo/.m2/repository/thedarkcolour/kotlinforforge-neoforge/6.5.0/kotlinforforge-neoforge-6.5.0.jar) > jar(C:/Users/Hanzo/.m2/repository/thedarkcolour/kotlinforforge-neoforge/6.5.0/kotlinforforge-neoforge-6.5.0.jar > kotlin-reflect-2.3.0.jar)
[10May2026 14:29:19.864] [main/DEBUG] [mixin/]: Instancing new MixinPlatformAgentDefault for jar(C:/Users/Hanzo/.m2/repository/thedarkcolour/kotlinforforge-neoforge/6.5.0/kotlinforforge-neoforge-6.5.0.jar) > jar(C:/Users/Hanzo/.m2/repository/thedarkcolour/kotlinforforge-neoforge/6.5.0/kotlinforforge-neoforge-6.5.0.jar > kotlin-reflect-2.3.0.jar)
[10May2026 14:29:19.865] [main/DEBUG] [mixin/]: MixinPlatformAgentDefault accepted container jar(C:/Users/Hanzo/.m2/repository/thedarkcolour/kotlinforforge-neoforge/6.5.0/kotlinforforge-neoforge-6.5.0.jar) > jar(C:/Users/Hanzo/.m2/repository/thedarkcolour/kotlinforforge-neoforge/6.5.0/kotlinforforge-neoforge-6.5.0.jar > kotlin-reflect-2.3.0.jar)
[10May2026 14:29:19.865] [main/DEBUG] [mixin/]: Processing prepare() for PlatformAgent[MixinPlatformAgentDefault:jar(C:/Users/Hanzo/.m2/repository/thedarkcolour/kotlinforforge-neoforge/6.5.0/kotlinforforge-neoforge-6.5.0.jar) > jar(C:/Users/Hanzo/.m2/repository/thedarkcolour/kotlinforforge-neoforge/6.5.0/kotlinforforge-neoforge-6.5.0.jar > kotlin-reflect-2.3.0.jar)]
[10May2026 14:29:19.871] [main/DEBUG] [mixin/]: Processing prepare() for PlatformAgent[MixinPlatformAgentDefault:jar(C:/Users/Hanzo/.m2/repository/thedarkcolour/kotlinforforge-neoforge/6.5.0/kotlinforforge-neoforge-6.5.0.jar) > jar(C:/Users/Hanzo/.m2/repository/thedarkcolour/kotlinforforge-neoforge/6.5.0/kotlinforforge-neoforge-6.5.0.jar > kotlin-reflect-2.3.0.jar)]
[10May2026 14:29:19.996] [main/DEBUG] [mixin/]: Adding agents for Mixin Container composite(filtered(jar(C:/Users/Hanzo/.gradle/caches/modules-2/files-2.1/net.neoforged/neoforge/26.1.2.13-beta/f0115e20977dc99bc3063e2d7891385dbf9bfc20/neoforge-26.1.2.13-beta-universal.jar))) > jar(C:/Users/Hanzo/.gradle/caches/modules-2/files-2.1/net.neoforged/neoforge/26.1.2.13-beta/f0115e20977dc99bc3063e2d7891385dbf9bfc20/neoforge-26.1.2.13-beta-universal.jar > net.neoforged.neoforge-coremods-26.1.2.13-beta.jar)
[10May2026 14:29:19.997] [main/DEBUG] [mixin/]: Adding mixin platform agents for container composite(filtered(jar(C:/Users/Hanzo/.gradle/caches/modules-2/files-2.1/net.neoforged/neoforge/26.1.2.13-beta/f0115e20977dc99bc3063e2d7891385dbf9bfc20/neoforge-26.1.2.13-beta-universal.jar))) > jar(C:/Users/Hanzo/.gradle/caches/modules-2/files-2.1/net.neoforged/neoforge/26.1.2.13-beta/f0115e20977dc99bc3063e2d7891385dbf9bfc20/neoforge-26.1.2.13-beta-universal.jar > net.neoforged.neoforge-coremods-26.1.2.13-beta.jar)
[10May2026 14:29:19.999] [main/DEBUG] [mixin/]: Instancing new MixinPlatformAgentDefault for composite(filtered(jar(C:/Users/Hanzo/.gradle/caches/modules-2/files-2.1/net.neoforged/neoforge/26.1.2.13-beta/f0115e20977dc99bc3063e2d7891385dbf9bfc20/neoforge-26.1.2.13-beta-universal.jar))) > jar(C:/Users/Hanzo/.gradle/caches/modules-2/files-2.1/net.neoforged/neoforge/26.1.2.13-beta/f0115e20977dc99bc3063e2d7891385dbf9bfc20/neoforge-26.1.2.13-beta-universal.jar > net.neoforged.neoforge-coremods-26.1.2.13-beta.jar)
[10May2026 14:29:20.000] [main/DEBUG] [mixin/]: MixinPlatformAgentDefault accepted container composite(filtered(jar(C:/Users/Hanzo/.gradle/caches/modules-2/files-2.1/net.neoforged/neoforge/26.1.2.13-beta/f0115e20977dc99bc3063e2d7891385dbf9bfc20/neoforge-26.1.2.13-beta-universal.jar))) > jar(C:/Users/Hanzo/.gradle/caches/modules-2/files-2.1/net.neoforged/neoforge/26.1.2.13-beta/f0115e20977dc99bc3063e2d7891385dbf9bfc20/neoforge-26.1.2.13-beta-universal.jar > net.neoforged.neoforge-coremods-26.1.2.13-beta.jar)
[10May2026 14:29:20.001] [main/DEBUG] [mixin/]: Instancing new MixinPlatformAgentDefault for composite(filtered(jar(C:/Users/Hanzo/.gradle/caches/modules-2/files-2.1/net.neoforged/neoforge/26.1.2.13-beta/f0115e20977dc99bc3063e2d7891385dbf9bfc20/neoforge-26.1.2.13-beta-universal.jar))) > jar(C:/Users/Hanzo/.gradle/caches/modules-2/files-2.1/net.neoforged/neoforge/26.1.2.13-beta/f0115e20977dc99bc3063e2d7891385dbf9bfc20/neoforge-26.1.2.13-beta-universal.jar > net.neoforged.neoforge-coremods-26.1.2.13-beta.jar)
[10May2026 14:29:20.002] [main/DEBUG] [mixin/]: MixinPlatformAgentDefault accepted container composite(filtered(jar(C:/Users/Hanzo/.gradle/caches/modules-2/files-2.1/net.neoforged/neoforge/26.1.2.13-beta/f0115e20977dc99bc3063e2d7891385dbf9bfc20/neoforge-26.1.2.13-beta-universal.jar))) > jar(C:/Users/Hanzo/.gradle/caches/modules-2/files-2.1/net.neoforged/neoforge/26.1.2.13-beta/f0115e20977dc99bc3063e2d7891385dbf9bfc20/neoforge-26.1.2.13-beta-universal.jar > net.neoforged.neoforge-coremods-26.1.2.13-beta.jar)
[10May2026 14:29:20.009] [main/DEBUG] [mixin/]: Processing prepare() for PlatformAgent[MixinPlatformAgentDefault:composite(filtered(jar(C:/Users/Hanzo/.gradle/caches/modules-2/files-2.1/net.neoforged/neoforge/26.1.2.13-beta/f0115e20977dc99bc3063e2d7891385dbf9bfc20/neoforge-26.1.2.13-beta-universal.jar))) > jar(C:/Users/Hanzo/.gradle/caches/modules-2/files-2.1/net.neoforged/neoforge/26.1.2.13-beta/f0115e20977dc99bc3063e2d7891385dbf9bfc20/neoforge-26.1.2.13-beta-universal.jar > net.neoforged.neoforge-coremods-26.1.2.13-beta.jar)]
[10May2026 14:29:20.010] [main/DEBUG] [mixin/]: Processing prepare() for PlatformAgent[MixinPlatformAgentDefault:composite(filtered(jar(C:/Users/Hanzo/.gradle/caches/modules-2/files-2.1/net.neoforged/neoforge/26.1.2.13-beta/f0115e20977dc99bc3063e2d7891385dbf9bfc20/neoforge-26.1.2.13-beta-universal.jar))) > jar(C:/Users/Hanzo/.gradle/caches/modules-2/files-2.1/net.neoforged/neoforge/26.1.2.13-beta/f0115e20977dc99bc3063e2d7891385dbf9bfc20/neoforge-26.1.2.13-beta-universal.jar > net.neoforged.neoforge-coremods-26.1.2.13-beta.jar)]
[10May2026 14:29:20.022] [main/DEBUG] [mixin/]: Adding agents for Mixin Container jar(C:/Users/Hanzo/.m2/repository/thedarkcolour/kotlinforforge-neoforge/6.5.0/kotlinforforge-neoforge-6.5.0.jar) > jar(C:/Users/Hanzo/.m2/repository/thedarkcolour/kotlinforforge-neoforge/6.5.0/kotlinforforge-neoforge-6.5.0.jar > kotlin-stdlib-jdk8-2.3.0.jar)
[10May2026 14:29:20.024] [main/DEBUG] [mixin/]: Adding mixin platform agents for container jar(C:/Users/Hanzo/.m2/repository/thedarkcolour/kotlinforforge-neoforge/6.5.0/kotlinforforge-neoforge-6.5.0.jar) > jar(C:/Users/Hanzo/.m2/repository/thedarkcolour/kotlinforforge-neoforge/6.5.0/kotlinforforge-neoforge-6.5.0.jar > kotlin-stdlib-jdk8-2.3.0.jar)
[10May2026 14:29:20.026] [main/DEBUG] [mixin/]: Instancing new MixinPlatformAgentDefault for jar(C:/Users/Hanzo/.m2/repository/thedarkcolour/kotlinforforge-neoforge/6.5.0/kotlinforforge-neoforge-6.5.0.jar) > jar(C:/Users/Hanzo/.m2/repository/thedarkcolour/kotlinforforge-neoforge/6.5.0/kotlinforforge-neoforge-6.5.0.jar > kotlin-stdlib-jdk8-2.3.0.jar)
[10May2026 14:29:20.060] [main/DEBUG] [mixin/]: MixinPlatformAgentDefault accepted container jar(C:/Users/Hanzo/.m2/repository/thedarkcolour/kotlinforforge-neoforge/6.5.0/kotlinforforge-neoforge-6.5.0.jar) > jar(C:/Users/Hanzo/.m2/repository/thedarkcolour/kotlinforforge-neoforge/6.5.0/kotlinforforge-neoforge-6.5.0.jar > kotlin-stdlib-jdk8-2.3.0.jar)
[10May2026 14:29:20.107] [main/DEBUG] [mixin/]: Instancing new MixinPlatformAgentDefault for jar(C:/Users/Hanzo/.m2/repository/thedarkcolour/kotlinforforge-neoforge/6.5.0/kotlinforforge-neoforge-6.5.0.jar) > jar(C:/Users/Hanzo/.m2/repository/thedarkcolour/kotlinforforge-neoforge/6.5.0/kotlinforforge-neoforge-6.5.0.jar > kotlin-stdlib-jdk8-2.3.0.jar)
[10May2026 14:29:20.133] [main/DEBUG] [mixin/]: MixinPlatformAgentDefault accepted container jar(C:/Users/Hanzo/.m2/repository/thedarkcolour/kotlinforforge-neoforge/6.5.0/kotlinforforge-neoforge-6.5.0.jar) > jar(C:/Users/Hanzo/.m2/repository/thedarkcolour/kotlinforforge-neoforge/6.5.0/kotlinforforge-neoforge-6.5.0.jar > kotlin-stdlib-jdk8-2.3.0.jar)
[10May2026 14:29:20.136] [main/DEBUG] [mixin/]: Processing prepare() for PlatformAgent[MixinPlatformAgentDefault:jar(C:/Users/Hanzo/.m2/repository/thedarkcolour/kotlinforforge-neoforge/6.5.0/kotlinforforge-neoforge-6.5.0.jar) > jar(C:/Users/Hanzo/.m2/repository/thedarkcolour/kotlinforforge-neoforge/6.5.0/kotlinforforge-neoforge-6.5.0.jar > kotlin-stdlib-jdk8-2.3.0.jar)]
[10May2026 14:29:20.137] [main/DEBUG] [mixin/]: Processing prepare() for PlatformAgent[MixinPlatformAgentDefault:jar(C:/Users/Hanzo/.m2/repository/thedarkcolour/kotlinforforge-neoforge/6.5.0/kotlinforforge-neoforge-6.5.0.jar) > jar(C:/Users/Hanzo/.m2/repository/thedarkcolour/kotlinforforge-neoforge/6.5.0/kotlinforforge-neoforge-6.5.0.jar > kotlin-stdlib-jdk8-2.3.0.jar)]
[10May2026 14:29:20.218] [main/DEBUG] [mixin/]: Adding agents for Mixin Container jar(C:/Users/Hanzo/.m2/repository/thedarkcolour/kfflang-neoforge/6.5.0/kfflang-neoforge-6.5.0.jar)
[10May2026 14:29:20.221] [main/DEBUG] [mixin/]: Adding mixin platform agents for container jar(C:/Users/Hanzo/.m2/repository/thedarkcolour/kfflang-neoforge/6.5.0/kfflang-neoforge-6.5.0.jar)
[10May2026 14:29:20.230] [main/DEBUG] [mixin/]: Instancing new MixinPlatformAgentDefault for jar(C:/Users/Hanzo/.m2/repository/thedarkcolour/kfflang-neoforge/6.5.0/kfflang-neoforge-6.5.0.jar)
[10May2026 14:29:20.232] [main/DEBUG] [mixin/]: MixinPlatformAgentDefault accepted container jar(C:/Users/Hanzo/.m2/repository/thedarkcolour/kfflang-neoforge/6.5.0/kfflang-neoforge-6.5.0.jar)
[10May2026 14:29:20.234] [main/DEBUG] [mixin/]: Instancing new MixinPlatformAgentDefault for jar(C:/Users/Hanzo/.m2/repository/thedarkcolour/kfflang-neoforge/6.5.0/kfflang-neoforge-6.5.0.jar)
[10May2026 14:29:20.235] [main/DEBUG] [mixin/]: MixinPlatformAgentDefault accepted container jar(C:/Users/Hanzo/.m2/repository/thedarkcolour/kfflang-neoforge/6.5.0/kfflang-neoforge-6.5.0.jar)
[10May2026 14:29:20.237] [main/DEBUG] [mixin/]: Processing prepare() for PlatformAgent[MixinPlatformAgentDefault:jar(C:/Users/Hanzo/.m2/repository/thedarkcolour/kfflang-neoforge/6.5.0/kfflang-neoforge-6.5.0.jar)]
[10May2026 14:29:20.242] [main/DEBUG] [mixin/]: Processing prepare() for PlatformAgent[MixinPlatformAgentDefault:jar(C:/Users/Hanzo/.m2/repository/thedarkcolour/kfflang-neoforge/6.5.0/kfflang-neoforge-6.5.0.jar)]
[10May2026 14:29:20.284] [main/DEBUG] [mixin/]: Adding agents for Mixin Container jar(C:/Users/Hanzo/.m2/repository/thedarkcolour/kotlinforforge-neoforge/6.5.0/kotlinforforge-neoforge-6.5.0.jar) > jar(C:/Users/Hanzo/.m2/repository/thedarkcolour/kotlinforforge-neoforge/6.5.0/kotlinforforge-neoforge-6.5.0.jar > kotlin-stdlib-jdk7-2.3.0.jar)
[10May2026 14:29:20.288] [main/DEBUG] [mixin/]: Adding mixin platform agents for container jar(C:/Users/Hanzo/.m2/repository/thedarkcolour/kotlinforforge-neoforge/6.5.0/kotlinforforge-neoforge-6.5.0.jar) > jar(C:/Users/Hanzo/.m2/repository/thedarkcolour/kotlinforforge-neoforge/6.5.0/kotlinforforge-neoforge-6.5.0.jar > kotlin-stdlib-jdk7-2.3.0.jar)
[10May2026 14:29:20.379] [main/DEBUG] [mixin/]: Instancing new MixinPlatformAgentDefault for jar(C:/Users/Hanzo/.m2/repository/thedarkcolour/kotlinforforge-neoforge/6.5.0/kotlinforforge-neoforge-6.5.0.jar) > jar(C:/Users/Hanzo/.m2/repository/thedarkcolour/kotlinforforge-neoforge/6.5.0/kotlinforforge-neoforge-6.5.0.jar > kotlin-stdlib-jdk7-2.3.0.jar)
[10May2026 14:29:20.381] [main/DEBUG] [mixin/]: MixinPlatformAgentDefault accepted container jar(C:/Users/Hanzo/.m2/repository/thedarkcolour/kotlinforforge-neoforge/6.5.0/kotlinforforge-neoforge-6.5.0.jar) > jar(C:/Users/Hanzo/.m2/repository/thedarkcolour/kotlinforforge-neoforge/6.5.0/kotlinforforge-neoforge-6.5.0.jar > kotlin-stdlib-jdk7-2.3.0.jar)
[10May2026 14:29:20.384] [main/DEBUG] [mixin/]: Instancing new MixinPlatformAgentDefault for jar(C:/Users/Hanzo/.m2/repository/thedarkcolour/kotlinforforge-neoforge/6.5.0/kotlinforforge-neoforge-6.5.0.jar) > jar(C:/Users/Hanzo/.m2/repository/thedarkcolour/kotlinforforge-neoforge/6.5.0/kotlinforforge-neoforge-6.5.0.jar > kotlin-stdlib-jdk7-2.3.0.jar)
[10May2026 14:29:20.385] [main/DEBUG] [mixin/]: MixinPlatformAgentDefault accepted container jar(C:/Users/Hanzo/.m2/repository/thedarkcolour/kotlinforforge-neoforge/6.5.0/kotlinforforge-neoforge-6.5.0.jar) > jar(C:/Users/Hanzo/.m2/repository/thedarkcolour/kotlinforforge-neoforge/6.5.0/kotlinforforge-neoforge-6.5.0.jar > kotlin-stdlib-jdk7-2.3.0.jar)
[10May2026 14:29:20.386] [main/DEBUG] [mixin/]: Processing prepare() for PlatformAgent[MixinPlatformAgentDefault:jar(C:/Users/Hanzo/.m2/repository/thedarkcolour/kotlinforforge-neoforge/6.5.0/kotlinforforge-neoforge-6.5.0.jar) > jar(C:/Users/Hanzo/.m2/repository/thedarkcolour/kotlinforforge-neoforge/6.5.0/kotlinforforge-neoforge-6.5.0.jar > kotlin-stdlib-jdk7-2.3.0.jar)]
[10May2026 14:29:20.387] [main/DEBUG] [mixin/]: Processing prepare() for PlatformAgent[MixinPlatformAgentDefault:jar(C:/Users/Hanzo/.m2/repository/thedarkcolour/kotlinforforge-neoforge/6.5.0/kotlinforforge-neoforge-6.5.0.jar) > jar(C:/Users/Hanzo/.m2/repository/thedarkcolour/kotlinforforge-neoforge/6.5.0/kotlinforforge-neoforge-6.5.0.jar > kotlin-stdlib-jdk7-2.3.0.jar)]
[10May2026 14:29:20.392] [main/DEBUG] [mixin/]: Adding agents for Mixin Container jar(C:/Users/Hanzo/.m2/repository/thedarkcolour/kfflib-neoforge/6.5.0/kfflib-neoforge-6.5.0.jar)
[10May2026 14:29:20.393] [main/DEBUG] [mixin/]: Adding mixin platform agents for container jar(C:/Users/Hanzo/.m2/repository/thedarkcolour/kfflib-neoforge/6.5.0/kfflib-neoforge-6.5.0.jar)
[10May2026 14:29:20.396] [main/DEBUG] [mixin/]: Instancing new MixinPlatformAgentDefault for jar(C:/Users/Hanzo/.m2/repository/thedarkcolour/kfflib-neoforge/6.5.0/kfflib-neoforge-6.5.0.jar)
[10May2026 14:29:20.398] [main/DEBUG] [mixin/]: MixinPlatformAgentDefault accepted container jar(C:/Users/Hanzo/.m2/repository/thedarkcolour/kfflib-neoforge/6.5.0/kfflib-neoforge-6.5.0.jar)
[10May2026 14:29:20.399] [main/DEBUG] [mixin/]: Instancing new MixinPlatformAgentDefault for jar(C:/Users/Hanzo/.m2/repository/thedarkcolour/kfflib-neoforge/6.5.0/kfflib-neoforge-6.5.0.jar)
[10May2026 14:29:20.400] [main/DEBUG] [mixin/]: MixinPlatformAgentDefault accepted container jar(C:/Users/Hanzo/.m2/repository/thedarkcolour/kfflib-neoforge/6.5.0/kfflib-neoforge-6.5.0.jar)
[10May2026 14:29:20.401] [main/DEBUG] [mixin/]: Processing prepare() for PlatformAgent[MixinPlatformAgentDefault:jar(C:/Users/Hanzo/.m2/repository/thedarkcolour/kfflib-neoforge/6.5.0/kfflib-neoforge-6.5.0.jar)]
[10May2026 14:29:20.401] [main/DEBUG] [mixin/]: Processing prepare() for PlatformAgent[MixinPlatformAgentDefault:jar(C:/Users/Hanzo/.m2/repository/thedarkcolour/kfflib-neoforge/6.5.0/kfflib-neoforge-6.5.0.jar)]
[10May2026 14:29:20.404] [main/DEBUG] [mixin/]: Adding agents for Mixin Container composite(filtered(jar(C:/Users/Hanzo/.gradle/caches/modules-2/files-2.1/net.neoforged/neoforge/26.1.2.13-beta/f0115e20977dc99bc3063e2d7891385dbf9bfc20/neoforge-26.1.2.13-beta-universal.jar))) > jar(C:/Users/Hanzo/.gradle/caches/modules-2/files-2.1/net.neoforged/neoforge/26.1.2.13-beta/f0115e20977dc99bc3063e2d7891385dbf9bfc20/neoforge-26.1.2.13-beta-universal.jar > mixinextras-neoforge-0.5.3.jar)
[10May2026 14:29:20.411] [main/DEBUG] [mixin/]: Adding mixin platform agents for container composite(filtered(jar(C:/Users/Hanzo/.gradle/caches/modules-2/files-2.1/net.neoforged/neoforge/26.1.2.13-beta/f0115e20977dc99bc3063e2d7891385dbf9bfc20/neoforge-26.1.2.13-beta-universal.jar))) > jar(C:/Users/Hanzo/.gradle/caches/modules-2/files-2.1/net.neoforged/neoforge/26.1.2.13-beta/f0115e20977dc99bc3063e2d7891385dbf9bfc20/neoforge-26.1.2.13-beta-universal.jar > mixinextras-neoforge-0.5.3.jar)
[10May2026 14:29:20.414] [main/DEBUG] [mixin/]: Instancing new MixinPlatformAgentDefault for composite(filtered(jar(C:/Users/Hanzo/.gradle/caches/modules-2/files-2.1/net.neoforged/neoforge/26.1.2.13-beta/f0115e20977dc99bc3063e2d7891385dbf9bfc20/neoforge-26.1.2.13-beta-universal.jar))) > jar(C:/Users/Hanzo/.gradle/caches/modules-2/files-2.1/net.neoforged/neoforge/26.1.2.13-beta/f0115e20977dc99bc3063e2d7891385dbf9bfc20/neoforge-26.1.2.13-beta-universal.jar > mixinextras-neoforge-0.5.3.jar)
[10May2026 14:29:20.421] [main/DEBUG] [mixin/]: MixinPlatformAgentDefault accepted container composite(filtered(jar(C:/Users/Hanzo/.gradle/caches/modules-2/files-2.1/net.neoforged/neoforge/26.1.2.13-beta/f0115e20977dc99bc3063e2d7891385dbf9bfc20/neoforge-26.1.2.13-beta-universal.jar))) > jar(C:/Users/Hanzo/.gradle/caches/modules-2/files-2.1/net.neoforged/neoforge/26.1.2.13-beta/f0115e20977dc99bc3063e2d7891385dbf9bfc20/neoforge-26.1.2.13-beta-universal.jar > mixinextras-neoforge-0.5.3.jar)
[10May2026 14:29:20.424] [main/DEBUG] [mixin/]: Instancing new MixinPlatformAgentDefault for composite(filtered(jar(C:/Users/Hanzo/.gradle/caches/modules-2/files-2.1/net.neoforged/neoforge/26.1.2.13-beta/f0115e20977dc99bc3063e2d7891385dbf9bfc20/neoforge-26.1.2.13-beta-universal.jar))) > jar(C:/Users/Hanzo/.gradle/caches/modules-2/files-2.1/net.neoforged/neoforge/26.1.2.13-beta/f0115e20977dc99bc3063e2d7891385dbf9bfc20/neoforge-26.1.2.13-beta-universal.jar > mixinextras-neoforge-0.5.3.jar)
[10May2026 14:29:20.426] [main/DEBUG] [mixin/]: MixinPlatformAgentDefault accepted container composite(filtered(jar(C:/Users/Hanzo/.gradle/caches/modules-2/files-2.1/net.neoforged/neoforge/26.1.2.13-beta/f0115e20977dc99bc3063e2d7891385dbf9bfc20/neoforge-26.1.2.13-beta-universal.jar))) > jar(C:/Users/Hanzo/.gradle/caches/modules-2/files-2.1/net.neoforged/neoforge/26.1.2.13-beta/f0115e20977dc99bc3063e2d7891385dbf9bfc20/neoforge-26.1.2.13-beta-universal.jar > mixinextras-neoforge-0.5.3.jar)
[10May2026 14:29:20.427] [main/DEBUG] [mixin/]: Processing prepare() for PlatformAgent[MixinPlatformAgentDefault:composite(filtered(jar(C:/Users/Hanzo/.gradle/caches/modules-2/files-2.1/net.neoforged/neoforge/26.1.2.13-beta/f0115e20977dc99bc3063e2d7891385dbf9bfc20/neoforge-26.1.2.13-beta-universal.jar))) > jar(C:/Users/Hanzo/.gradle/caches/modules-2/files-2.1/net.neoforged/neoforge/26.1.2.13-beta/f0115e20977dc99bc3063e2d7891385dbf9bfc20/neoforge-26.1.2.13-beta-universal.jar > mixinextras-neoforge-0.5.3.jar)]
[10May2026 14:29:20.428] [main/DEBUG] [mixin/]: Registering mixin config: mixinextras.init.mixins.json source=composite(filtered(jar(C:/Users/Hanzo/.gradle/caches/modules-2/files-2.1/net.neoforged/neoforge/26.1.2.13-beta/f0115e20977dc99bc3063e2d7891385dbf9bfc20/neoforge-26.1.2.13-beta-universal.jar))) > jar(C:/Users/Hanzo/.gradle/caches/modules-2/files-2.1/net.neoforged/neoforge/26.1.2.13-beta/f0115e20977dc99bc3063e2d7891385dbf9bfc20/neoforge-26.1.2.13-beta-universal.jar > mixinextras-neoforge-0.5.3.jar)
[10May2026 14:29:20.445] [main/DEBUG] [mixin/]: Processing prepare() for PlatformAgent[MixinPlatformAgentDefault:composite(filtered(jar(C:/Users/Hanzo/.gradle/caches/modules-2/files-2.1/net.neoforged/neoforge/26.1.2.13-beta/f0115e20977dc99bc3063e2d7891385dbf9bfc20/neoforge-26.1.2.13-beta-universal.jar))) > jar(C:/Users/Hanzo/.gradle/caches/modules-2/files-2.1/net.neoforged/neoforge/26.1.2.13-beta/f0115e20977dc99bc3063e2d7891385dbf9bfc20/neoforge-26.1.2.13-beta-universal.jar > mixinextras-neoforge-0.5.3.jar)]
[10May2026 14:29:20.446] [main/DEBUG] [mixin/]: Registering mixin config: mixinextras.init.mixins.json source=composite(filtered(jar(C:/Users/Hanzo/.gradle/caches/modules-2/files-2.1/net.neoforged/neoforge/26.1.2.13-beta/f0115e20977dc99bc3063e2d7891385dbf9bfc20/neoforge-26.1.2.13-beta-universal.jar))) > jar(C:/Users/Hanzo/.gradle/caches/modules-2/files-2.1/net.neoforged/neoforge/26.1.2.13-beta/f0115e20977dc99bc3063e2d7891385dbf9bfc20/neoforge-26.1.2.13-beta-universal.jar > mixinextras-neoforge-0.5.3.jar)
[10May2026 14:29:20.447] [main/DEBUG] [mixin/]: inject() running with 15 agents
[10May2026 14:29:20.451] [main/DEBUG] [mixin/]: Processing inject() for PlatformAgent[MixinPlatformAgentDefault:ContainerHandleVirtual(fml:18c85)]
[10May2026 14:29:20.452] [main/DEBUG] [mixin/]: Processing inject() for PlatformAgent[MixinPlatformAgentDefault:ContainerHandleVirtual(fml:18c85)]
[10May2026 14:29:20.454] [main/DEBUG] [mixin/]: Processing inject() for PlatformAgent[MixinPlatformAgentDefault:jar(C:/Users/Hanzo/.m2/repository/thedarkcolour/kotlinforforge-neoforge/6.5.0/kotlinforforge-neoforge-6.5.0.jar) > jar(C:/Users/Hanzo/.m2/repository/thedarkcolour/kotlinforforge-neoforge/6.5.0/kotlinforforge-neoforge-6.5.0.jar > kotlinx-serialization-core-jvm-1.10.0-RC.jar)]
[10May2026 14:29:20.455] [main/DEBUG] [mixin/]: Processing inject() for PlatformAgent[MixinPlatformAgentDefault:jar(C:/Users/Hanzo/.m2/repository/thedarkcolour/kotlinforforge-neoforge/6.5.0/kotlinforforge-neoforge-6.5.0.jar) > jar(C:/Users/Hanzo/.m2/repository/thedarkcolour/kotlinforforge-neoforge/6.5.0/kotlinforforge-neoforge-6.5.0.jar > kotlinx-serialization-core-jvm-1.10.0-RC.jar)]
[10May2026 14:29:20.456] [main/DEBUG] [mixin/]: Processing inject() for PlatformAgent[MixinPlatformAgentDefault:jar(C:/Users/Hanzo/.m2/repository/thedarkcolour/kotlinforforge-neoforge/6.5.0/kotlinforforge-neoforge-6.5.0.jar) > jar(C:/Users/Hanzo/.m2/repository/thedarkcolour/kotlinforforge-neoforge/6.5.0/kotlinforforge-neoforge-6.5.0.jar > kotlinx-coroutines-jdk8-1.10.2.jar)]
[10May2026 14:29:20.457] [main/DEBUG] [mixin/]: Processing inject() for PlatformAgent[MixinPlatformAgentDefault:jar(C:/Users/Hanzo/.m2/repository/thedarkcolour/kotlinforforge-neoforge/6.5.0/kotlinforforge-neoforge-6.5.0.jar) > jar(C:/Users/Hanzo/.m2/repository/thedarkcolour/kotlinforforge-neoforge/6.5.0/kotlinforforge-neoforge-6.5.0.jar > kotlinx-coroutines-jdk8-1.10.2.jar)]
[10May2026 14:29:20.458] [main/DEBUG] [mixin/]: Processing inject() for PlatformAgent[MixinPlatformAgentDefault:jar(C:/Users/Hanzo/.m2/repository/thedarkcolour/kotlinforforge-neoforge/6.5.0/kotlinforforge-neoforge-6.5.0.jar) > jar(C:/Users/Hanzo/.m2/repository/thedarkcolour/kotlinforforge-neoforge/6.5.0/kotlinforforge-neoforge-6.5.0.jar > kotlin-stdlib-2.3.0.jar)]
[10May2026 14:29:20.460] [main/DEBUG] [mixin/]: Processing inject() for PlatformAgent[MixinPlatformAgentDefault:jar(C:/Users/Hanzo/.m2/repository/thedarkcolour/kotlinforforge-neoforge/6.5.0/kotlinforforge-neoforge-6.5.0.jar) > jar(C:/Users/Hanzo/.m2/repository/thedarkcolour/kotlinforforge-neoforge/6.5.0/kotlinforforge-neoforge-6.5.0.jar > kotlin-stdlib-2.3.0.jar)]
[10May2026 14:29:20.461] [main/DEBUG] [mixin/]: Processing inject() for PlatformAgent[MixinPlatformAgentDefault:jar(C:/Users/Hanzo/.m2/repository/thedarkcolour/kotlinforforge-neoforge/6.5.0/kotlinforforge-neoforge-6.5.0.jar) > jar(C:/Users/Hanzo/.m2/repository/thedarkcolour/kotlinforforge-neoforge/6.5.0/kotlinforforge-neoforge-6.5.0.jar > kotlinx-serialization-json-jvm-1.10.0-RC.jar)]
[10May2026 14:29:20.461] [main/DEBUG] [mixin/]: Processing inject() for PlatformAgent[MixinPlatformAgentDefault:jar(C:/Users/Hanzo/.m2/repository/thedarkcolour/kotlinforforge-neoforge/6.5.0/kotlinforforge-neoforge-6.5.0.jar) > jar(C:/Users/Hanzo/.m2/repository/thedarkcolour/kotlinforforge-neoforge/6.5.0/kotlinforforge-neoforge-6.5.0.jar > kotlinx-serialization-json-jvm-1.10.0-RC.jar)]
[10May2026 14:29:20.462] [main/DEBUG] [mixin/]: Processing inject() for PlatformAgent[MixinPlatformAgentDefault:jar(C:/Users/Hanzo/.m2/repository/net/Chidoziealways/everythingcore/EverythingCore/6.0.0/EverythingCore-6.0.0.jar) > jar(C:/Users/Hanzo/.m2/repository/net/Chidoziealways/everythingcore/EverythingCore/6.0.0/EverythingCore-6.0.0.jar > luaj-jse-3.0.1.jar)]
[10May2026 14:29:20.463] [main/DEBUG] [mixin/]: Processing inject() for PlatformAgent[MixinPlatformAgentDefault:jar(C:/Users/Hanzo/.m2/repository/net/Chidoziealways/everythingcore/EverythingCore/6.0.0/EverythingCore-6.0.0.jar) > jar(C:/Users/Hanzo/.m2/repository/net/Chidoziealways/everythingcore/EverythingCore/6.0.0/EverythingCore-6.0.0.jar > luaj-jse-3.0.1.jar)]
[10May2026 14:29:20.465] [main/DEBUG] [mixin/]: Processing inject() for PlatformAgent[MixinPlatformAgentDefault:jar(C:/Users/Hanzo/.m2/repository/thedarkcolour/kotlinforforge-neoforge/6.5.0/kotlinforforge-neoforge-6.5.0.jar)]
[10May2026 14:29:20.466] [main/DEBUG] [mixin/]: Processing inject() for PlatformAgent[MixinPlatformAgentDefault:jar(C:/Users/Hanzo/.m2/repository/thedarkcolour/kotlinforforge-neoforge/6.5.0/kotlinforforge-neoforge-6.5.0.jar)]
[10May2026 14:29:20.468] [main/DEBUG] [mixin/]: Processing inject() for PlatformAgent[MixinPlatformAgentDefault:jar(C:/Users/Hanzo/.m2/repository/thedarkcolour/kotlinforforge-neoforge/6.5.0/kotlinforforge-neoforge-6.5.0.jar) > jar(C:/Users/Hanzo/.m2/repository/thedarkcolour/kotlinforforge-neoforge/6.5.0/kotlinforforge-neoforge-6.5.0.jar > kotlinx-coroutines-core-jvm-1.10.2.jar)]
[10May2026 14:29:20.475] [main/DEBUG] [mixin/]: Processing inject() for PlatformAgent[MixinPlatformAgentDefault:jar(C:/Users/Hanzo/.m2/repository/thedarkcolour/kotlinforforge-neoforge/6.5.0/kotlinforforge-neoforge-6.5.0.jar) > jar(C:/Users/Hanzo/.m2/repository/thedarkcolour/kotlinforforge-neoforge/6.5.0/kotlinforforge-neoforge-6.5.0.jar > kotlinx-coroutines-core-jvm-1.10.2.jar)]
[10May2026 14:29:20.477] [main/DEBUG] [mixin/]: Processing inject() for PlatformAgent[MixinPlatformAgentDefault:jar(C:/Users/Hanzo/.m2/repository/thedarkcolour/kotlinforforge-neoforge/6.5.0/kotlinforforge-neoforge-6.5.0.jar) > jar(C:/Users/Hanzo/.m2/repository/thedarkcolour/kotlinforforge-neoforge/6.5.0/kotlinforforge-neoforge-6.5.0.jar > kotlin-reflect-2.3.0.jar)]
[10May2026 14:29:20.478] [main/DEBUG] [mixin/]: Processing inject() for PlatformAgent[MixinPlatformAgentDefault:jar(C:/Users/Hanzo/.m2/repository/thedarkcolour/kotlinforforge-neoforge/6.5.0/kotlinforforge-neoforge-6.5.0.jar) > jar(C:/Users/Hanzo/.m2/repository/thedarkcolour/kotlinforforge-neoforge/6.5.0/kotlinforforge-neoforge-6.5.0.jar > kotlin-reflect-2.3.0.jar)]
[10May2026 14:29:20.482] [main/DEBUG] [mixin/]: Processing inject() for PlatformAgent[MixinPlatformAgentDefault:composite(filtered(jar(C:/Users/Hanzo/.gradle/caches/modules-2/files-2.1/net.neoforged/neoforge/26.1.2.13-beta/f0115e20977dc99bc3063e2d7891385dbf9bfc20/neoforge-26.1.2.13-beta-universal.jar))) > jar(C:/Users/Hanzo/.gradle/caches/modules-2/files-2.1/net.neoforged/neoforge/26.1.2.13-beta/f0115e20977dc99bc3063e2d7891385dbf9bfc20/neoforge-26.1.2.13-beta-universal.jar > net.neoforged.neoforge-coremods-26.1.2.13-beta.jar)]
[10May2026 14:29:20.485] [main/DEBUG] [mixin/]: Processing inject() for PlatformAgent[MixinPlatformAgentDefault:composite(filtered(jar(C:/Users/Hanzo/.gradle/caches/modules-2/files-2.1/net.neoforged/neoforge/26.1.2.13-beta/f0115e20977dc99bc3063e2d7891385dbf9bfc20/neoforge-26.1.2.13-beta-universal.jar))) > jar(C:/Users/Hanzo/.gradle/caches/modules-2/files-2.1/net.neoforged/neoforge/26.1.2.13-beta/f0115e20977dc99bc3063e2d7891385dbf9bfc20/neoforge-26.1.2.13-beta-universal.jar > net.neoforged.neoforge-coremods-26.1.2.13-beta.jar)]
[10May2026 14:29:20.488] [main/DEBUG] [mixin/]: Processing inject() for PlatformAgent[MixinPlatformAgentDefault:jar(C:/Users/Hanzo/.m2/repository/thedarkcolour/kotlinforforge-neoforge/6.5.0/kotlinforforge-neoforge-6.5.0.jar) > jar(C:/Users/Hanzo/.m2/repository/thedarkcolour/kotlinforforge-neoforge/6.5.0/kotlinforforge-neoforge-6.5.0.jar > kotlin-stdlib-jdk8-2.3.0.jar)]
[10May2026 14:29:20.491] [main/DEBUG] [mixin/]: Processing inject() for PlatformAgent[MixinPlatformAgentDefault:jar(C:/Users/Hanzo/.m2/repository/thedarkcolour/kotlinforforge-neoforge/6.5.0/kotlinforforge-neoforge-6.5.0.jar) > jar(C:/Users/Hanzo/.m2/repository/thedarkcolour/kotlinforforge-neoforge/6.5.0/kotlinforforge-neoforge-6.5.0.jar > kotlin-stdlib-jdk8-2.3.0.jar)]
[10May2026 14:29:20.492] [main/DEBUG] [mixin/]: Processing inject() for PlatformAgent[MixinPlatformAgentDefault:jar(C:/Users/Hanzo/.m2/repository/thedarkcolour/kfflang-neoforge/6.5.0/kfflang-neoforge-6.5.0.jar)]
[10May2026 14:29:20.493] [main/DEBUG] [mixin/]: Processing inject() for PlatformAgent[MixinPlatformAgentDefault:jar(C:/Users/Hanzo/.m2/repository/thedarkcolour/kfflang-neoforge/6.5.0/kfflang-neoforge-6.5.0.jar)]
[10May2026 14:29:20.496] [main/DEBUG] [mixin/]: Processing inject() for PlatformAgent[MixinPlatformAgentDefault:jar(C:/Users/Hanzo/.m2/repository/thedarkcolour/kotlinforforge-neoforge/6.5.0/kotlinforforge-neoforge-6.5.0.jar) > jar(C:/Users/Hanzo/.m2/repository/thedarkcolour/kotlinforforge-neoforge/6.5.0/kotlinforforge-neoforge-6.5.0.jar > kotlin-stdlib-jdk7-2.3.0.jar)]
[10May2026 14:29:20.497] [main/DEBUG] [mixin/]: Processing inject() for PlatformAgent[MixinPlatformAgentDefault:jar(C:/Users/Hanzo/.m2/repository/thedarkcolour/kotlinforforge-neoforge/6.5.0/kotlinforforge-neoforge-6.5.0.jar) > jar(C:/Users/Hanzo/.m2/repository/thedarkcolour/kotlinforforge-neoforge/6.5.0/kotlinforforge-neoforge-6.5.0.jar > kotlin-stdlib-jdk7-2.3.0.jar)]
[10May2026 14:29:20.498] [main/DEBUG] [mixin/]: Processing inject() for PlatformAgent[MixinPlatformAgentDefault:jar(C:/Users/Hanzo/.m2/repository/thedarkcolour/kfflib-neoforge/6.5.0/kfflib-neoforge-6.5.0.jar)]
[10May2026 14:29:20.499] [main/DEBUG] [mixin/]: Processing inject() for PlatformAgent[MixinPlatformAgentDefault:jar(C:/Users/Hanzo/.m2/repository/thedarkcolour/kfflib-neoforge/6.5.0/kfflib-neoforge-6.5.0.jar)]
[10May2026 14:29:20.499] [main/DEBUG] [mixin/]: Processing inject() for PlatformAgent[MixinPlatformAgentDefault:composite(filtered(jar(C:/Users/Hanzo/.gradle/caches/modules-2/files-2.1/net.neoforged/neoforge/26.1.2.13-beta/f0115e20977dc99bc3063e2d7891385dbf9bfc20/neoforge-26.1.2.13-beta-universal.jar))) > jar(C:/Users/Hanzo/.gradle/caches/modules-2/files-2.1/net.neoforged/neoforge/26.1.2.13-beta/f0115e20977dc99bc3063e2d7891385dbf9bfc20/neoforge-26.1.2.13-beta-universal.jar > mixinextras-neoforge-0.5.3.jar)]
[10May2026 14:29:20.501] [main/DEBUG] [mixin/]: Processing inject() for PlatformAgent[MixinPlatformAgentDefault:composite(filtered(jar(C:/Users/Hanzo/.gradle/caches/modules-2/files-2.1/net.neoforged/neoforge/26.1.2.13-beta/f0115e20977dc99bc3063e2d7891385dbf9bfc20/neoforge-26.1.2.13-beta-universal.jar))) > jar(C:/Users/Hanzo/.gradle/caches/modules-2/files-2.1/net.neoforged/neoforge/26.1.2.13-beta/f0115e20977dc99bc3063e2d7891385dbf9bfc20/neoforge-26.1.2.13-beta-universal.jar > mixinextras-neoforge-0.5.3.jar)]
[10May2026 14:29:20.562] [main/DEBUG] [mixin/]: Preparing mixins for MixinEnvironment[DEFAULT]
[10May2026 14:29:20.586] [main/DEBUG] [mixin/]: Selecting config everythingcore.mixins.json
[10May2026 14:29:20.835] [main/DEBUG] [mixin/]: Selecting config everythingjapanese.mixins.json
[10May2026 14:29:20.880] [main/WARN] [mixin/]: Reference map 'everythingjapanese.refmap.json' for everythingjapanese.mixins.json could not be read. If this is a development environment you can ignore this message
[10May2026 14:29:20.882] [main/DEBUG] [mixin/]: Selecting config geckolib.mixins.json
[10May2026 14:29:20.885] [main/DEBUG] [mixin/]: Selecting config neoforge.mixins.json
[10May2026 14:29:20.886] [main/DEBUG] [mixin/]: Selecting config mixinextras.init.mixins.json
[10May2026 14:29:22.794] [main/DEBUG] [MixinExtras|Service/]: com.llamalad7.mixinextras.service.MixinExtrasServiceImpl(version=0.5.3) is taking over from null
[10May2026 14:29:24.340] [main/DEBUG] [mixin/]: Registering new injector for @Inject with org.spongepowered.asm.mixin.injection.struct.CallbackInjectionInfo
[10May2026 14:29:24.446] [main/DEBUG] [mixin/]: Registering new injector for @ModifyArg with org.spongepowered.asm.mixin.injection.struct.ModifyArgInjectionInfo
[10May2026 14:29:24.476] [main/DEBUG] [mixin/]: Registering new injector for @ModifyArgs with org.spongepowered.asm.mixin.injection.struct.ModifyArgsInjectionInfo
[10May2026 14:29:24.500] [main/DEBUG] [mixin/]: Registering new injector for @Redirect with org.spongepowered.asm.mixin.injection.struct.RedirectInjectionInfo
[10May2026 14:29:24.542] [main/DEBUG] [mixin/]: Registering new injector for @ModifyVariable with org.spongepowered.asm.mixin.injection.struct.ModifyVariableInjectionInfo
[10May2026 14:29:24.578] [main/DEBUG] [mixin/]: Registering new injector for @ModifyConstant with org.spongepowered.asm.mixin.injection.struct.ModifyConstantInjectionInfo
[10May2026 14:29:25.534] [main/DEBUG] [mixin/]: Preparing everythingcore.mixins.json (0)
[10May2026 14:29:25.538] [main/DEBUG] [mixin/]: Preparing everythingjapanese.mixins.json (2)
[10May2026 14:29:28.301] [main/DEBUG] [mixin/]: Preparing geckolib.mixins.json (14)
[10May2026 14:29:28.916] [main/DEBUG] [mixin/]: Preparing neoforge.mixins.json (2)
[10May2026 14:29:28.984] [main/DEBUG] [mixin/]: Preparing mixinextras.init.mixins.json (0)
[10May2026 14:29:29.255] [main/DEBUG] [mixin/]: Prepared 18 mixins in 8.565 sec (475.8ms avg) (0ms load, 0ms transform, 0ms plugin)
[10May2026 14:29:29.614] [main/DEBUG] [io.netty.util.internal.logging.InternalLoggerFactory/]: Using SLF4J as the default logging framework
[10May2026 14:29:29.639] [main/DEBUG] [io.netty.util.ResourceLeakDetector/]: -Dio.netty.leakDetection.level: simple
[10May2026 14:29:29.640] [main/DEBUG] [io.netty.util.ResourceLeakDetector/]: -Dio.netty.leakDetection.targetRecords: 4
[10May2026 14:29:31.816] [main/INFO] [MixinExtras|Service/]: Initializing MixinExtras via com.llamalad7.mixinextras.service.MixinExtrasServiceImpl(version=0.5.3).
[10May2026 14:29:31.853] [main/DEBUG] [mixin/]: Registering new injector for @SugarWrapper with com.llamalad7.mixinextras.sugar.impl.SugarWrapperInjectionInfo
[10May2026 14:29:31.901] [main/DEBUG] [mixin/]: Registering new injector for @FactoryRedirectWrapper with com.llamalad7.mixinextras.wrapper.factory.FactoryRedirectWrapperInjectionInfo
[10May2026 14:29:31.919] [main/DEBUG] [mixin/]: Registering new injector for @ExpressionInjectorWrapper with com.llamalad7.mixinextras.expression.impl.wrapper.ExpressionInjectorWrapperInjectionInfo
[10May2026 14:29:32.421] [main/DEBUG] [mixin/]: Mixing MappedRegistryAccessor from neoforge.mixins.json into net.minecraft.core.MappedRegistry
[10May2026 14:29:36.993] [main/DEBUG] [mixin/]: Mixing BaseFireBlockMixin from everythingjapanese.mixins.json into net.minecraft.world.level.block.BaseFireBlock
[10May2026 14:29:37.668] [main/DEBUG] [mixin/]: everythingjapanese.mixins.json:BaseFireBlockMixin from mod everythingjapanese->@Inject::onPlace(Lnet/minecraft/world/level/block/state/BlockState;Lnet/minecraft/world/level/Level;Lnet/minecraft/core/BlockPos;Lnet/minecraft/world/level/block/state/BlockState;ZLorg/spongepowered/asm/mixin/injection/callback/CallbackInfo;)V does use it's CallbackInfo
[10May2026 14:29:39.260] [main/DEBUG] [mixin/]: Mixing common.LivingEntityMixin from geckolib.mixins.json into net.minecraft.world.entity.LivingEntity
[10May2026 14:29:40.137] [main/DEBUG] [mixin/]: geckolib.mixins.json:common.LivingEntityMixin from mod geckolib: Class version 69 required is higher than the class version supported by the current version of Mixin (JAVA_17 supports class version 61)
