[13Aug2025 12:51:01.920] [main/DEBUG] [mixin/]: Preparing mixins for MixinEnvironment[DEFAULT]
[13Aug2025 12:51:01.923] [main/DEBUG] [mixin/]: Selecting config geckolib.mixins.json
[13Aug2025 12:51:01.932] [main/WARN] [mixin/]: Reference map 'geckolib.refmap.json' for geckolib.mixins.json could not be read. If this is a development environment you can ignore this message
[13Aug2025 12:51:01.934] [main/DEBUG] [mixin/]: Selecting config neoforge.mixins.json
[13Aug2025 12:51:01.936] [main/DEBUG] [mixin/]: Selecting config everythingjapanese.mixins.json
[13Aug2025 12:51:01.938] [main/WARN] [mixin/]: Reference map 'everythingjapanese.refmap.json' for everythingjapanese.mixins.json could not be read. If this is a development environment you can ignore this message
[13Aug2025 12:51:01.940] [main/DEBUG] [mixin/]: Selecting config mixinextras.init.mixins.json
[13Aug2025 12:51:02.123] [main/DEBUG] [MixinExtras|Service/]: com.llamalad7.mixinextras.service.MixinExtrasServiceImpl(version=0.5.0) is taking over from null
[13Aug2025 12:51:02.299] [main/DEBUG] [mixin/]: Registering new injector for @Inject with org.spongepowered.asm.mixin.injection.struct.CallbackInjectionInfo
[13Aug2025 12:51:02.303] [main/DEBUG] [mixin/]: Registering new injector for @ModifyArg with org.spongepowered.asm.mixin.injection.struct.ModifyArgInjectionInfo
[13Aug2025 12:51:02.308] [main/DEBUG] [mixin/]: Registering new injector for @ModifyArgs with org.spongepowered.asm.mixin.injection.struct.ModifyArgsInjectionInfo
[13Aug2025 12:51:02.315] [main/DEBUG] [mixin/]: Registering new injector for @Redirect with org.spongepowered.asm.mixin.injection.struct.RedirectInjectionInfo
[13Aug2025 12:51:02.319] [main/DEBUG] [mixin/]: Registering new injector for @ModifyVariable with org.spongepowered.asm.mixin.injection.struct.ModifyVariableInjectionInfo
[13Aug2025 12:51:02.324] [main/DEBUG] [mixin/]: Registering new injector for @ModifyConstant with org.spongepowered.asm.mixin.injection.struct.ModifyConstantInjectionInfo
[13Aug2025 12:51:02.362] [main/DEBUG] [mixin/]: Preparing geckolib.mixins.json (12)
[13Aug2025 12:51:02.536] [main/DEBUG] [mixin/]: Preparing neoforge.mixins.json (2)
[13Aug2025 12:51:02.555] [main/DEBUG] [mixin/]: Preparing everythingjapanese.mixins.json (2)
[13Aug2025 12:51:02.609] [main/DEBUG] [mixin/]: Preparing mixinextras.init.mixins.json (0)
[13Aug2025 12:51:02.657] [main/DEBUG] [mixin/]: Inner class net/Chidoziealways/everythingjapanese/mixins/GuiMixin$Companion in net/Chidoziealways/everythingjapanese/mixins/GuiMixin on net/minecraft/client/gui/Gui gets unique name net/minecraft/client/gui/Gui$Companion$316af81dce5f43f0921415438d14f031
[13Aug2025 12:51:02.662] [main/DEBUG] [mixin/]: Prepared 16 mixins in 0.735 sec (45.9ms avg) (0ms load, 0ms transform, 0ms plugin)
[13Aug2025 12:51:02.709] [main/DEBUG] [io.netty.util.internal.logging.InternalLoggerFactory/]: Using SLF4J as the default logging framework
[13Aug2025 12:51:02.714] [main/DEBUG] [io.netty.util.ResourceLeakDetector/]: -Dio.netty.leakDetection.level: simple
[13Aug2025 12:51:02.715] [main/DEBUG] [io.netty.util.ResourceLeakDetector/]: -Dio.netty.leakDetection.targetRecords: 4
[13Aug2025 12:51:03.241] [main/INFO] [MixinExtras|Service/]: Initializing MixinExtras via com.llamalad7.mixinextras.service.MixinExtrasServiceImpl(version=0.5.0).
[13Aug2025 12:51:03.244] [main/DEBUG] [mixin/]: Registering new injector for @SugarWrapper with com.llamalad7.mixinextras.sugar.impl.SugarWrapperInjectionInfo
[13Aug2025 12:51:03.246] [main/DEBUG] [mixin/]: Registering new injector for @FactoryRedirectWrapper with com.llamalad7.mixinextras.wrapper.factory.FactoryRedirectWrapperInjectionInfo
[13Aug2025 12:51:03.248] [main/DEBUG] [mixin/]: Registering new injector for @ExpressionInjectorWrapper with com.llamalad7.mixinextras.expression.impl.wrapper.ExpressionInjectorWrapperInjectionInfo
[13Aug2025 12:51:03.280] [main/DEBUG] [mixin/]: Mixing MappedRegistryAccessor from neoforge.mixins.json into net.minecraft.core.MappedRegistry
[13Aug2025 12:51:03.285] [main/DEBUG] [mixin/]: neoforge.mixins.json:MappedRegistryAccessor from mod neoforge: Class version 65 required is higher than the class version supported by the current version of Mixin (JAVA_17 supports class version 61)
[13Aug2025 12:51:06.183] [main/DEBUG] [mixin/]: Mixing BlockEntityTypeAccessor from neoforge.mixins.json into net.minecraft.world.level.block.entity.BlockEntityType
[13Aug2025 12:51:06.184] [main/DEBUG] [mixin/]: neoforge.mixins.json:BlockEntityTypeAccessor from mod neoforge: Class version 65 required is higher than the class version supported by the current version of Mixin (JAVA_17 supports class version 61)
[13Aug2025 12:51:06.267] [main/DEBUG] [mixin/]: Mixing common.AbstractContainerMenuMixin from geckolib.mixins.json into net.minecraft.world.inventory.AbstractContainerMenu
[13Aug2025 12:51:06.267] [main/DEBUG] [mixin/]: geckolib.mixins.json:common.AbstractContainerMenuMixin from mod geckolib: Class version 65 required is higher than the class version supported by the current version of Mixin (JAVA_17 supports class version 61)
[13Aug2025 12:51:07.045] [main/DEBUG] [mixin/]: Mixing common.ItemStackMixin from geckolib.mixins.json into net.minecraft.world.item.ItemStack
[13Aug2025 12:51:07.046] [main/DEBUG] [mixin/]: geckolib.mixins.json:common.ItemStackMixin from mod geckolib: Class version 65 required is higher than the class version supported by the current version of Mixin (JAVA_17 supports class version 61)
[13Aug2025 12:51:10.747] [main/DEBUG] [io.netty.util.internal.PlatformDependent0/]: -Dio.netty.noUnsafe: false
[13Aug2025 12:51:10.748] [main/DEBUG] [io.netty.util.internal.PlatformDependent0/]: Java version: 21
[13Aug2025 12:51:10.750] [main/DEBUG] [io.netty.util.internal.PlatformDependent0/]: sun.misc.Unsafe.theUnsafe: available
[13Aug2025 12:51:10.750] [main/DEBUG] [io.netty.util.internal.PlatformDependent0/]: sun.misc.Unsafe base methods: all available
[13Aug2025 12:51:10.752] [main/DEBUG] [io.netty.util.internal.PlatformDependent0/]: sun.misc.Unsafe.storeFence: available
[13Aug2025 12:51:10.752] [main/DEBUG] [io.netty.util.internal.PlatformDependent0/]: java.nio.Buffer.address: available
[13Aug2025 12:51:10.755] [main/DEBUG] [io.netty.util.internal.PlatformDependent0/]: java.nio.Bits.unaligned: available, true
[13Aug2025 12:51:10.760] [main/DEBUG] [io.netty.util.internal.PlatformDependent0/]: java.nio.DirectByteBuffer.<init>(long, {int,long}): unavailable
[13Aug2025 12:51:10.760] [main/DEBUG] [io.netty.util.internal.PlatformDependent/]: sun.misc.Unsafe: available
[13Aug2025 12:51:10.760] [main/DEBUG] [io.netty.util.internal.PlatformDependent/]: -Dio.netty.tmpdir: C:\Users\Hanzo\AppData\Local\Temp (java.io.tmpdir)
[13Aug2025 12:51:10.760] [main/DEBUG] [io.netty.util.internal.PlatformDependent/]: -Dio.netty.bitMode: 64 (sun.arch.data.model)
[13Aug2025 12:51:10.760] [main/DEBUG] [io.netty.util.internal.PlatformDependent/]: Platform: Windows
[13Aug2025 12:51:10.761] [main/DEBUG] [io.netty.util.internal.PlatformDependent/]: -Dio.netty.maxDirectMemory: -1 bytes
[13Aug2025 12:51:10.761] [main/DEBUG] [io.netty.util.internal.PlatformDependent/]: -Dio.netty.uninitializedArrayAllocationThreshold: -1
[13Aug2025 12:51:10.763] [main/DEBUG] [io.netty.util.internal.CleanerJava9/]: java.nio.ByteBuffer.cleaner(): available
[13Aug2025 12:51:10.764] [main/DEBUG] [io.netty.util.internal.PlatformDependent/]: -Dio.netty.noPreferDirect: false
[13Aug2025 12:51:11.690] [main/DEBUG] [mixin/]: Mixing ModDataFixers from everythingjapanese.mixins.json into net.minecraft.util.datafix.DataFixers
[13Aug2025 12:51:11.724] [main/DEBUG] [mixin/]: everythingjapanese.mixins.json:ModDataFixers from mod (unknown)->@Inject::onAddFixers(Lcom/mojang/datafixers/DataFixerBuilder;Lorg/spongepowered/asm/mixin/injection/callback/CallbackInfo;)V doesn't use it's CallbackInfo
[13Aug2025 12:51:16.621] [main/INFO] [net.neoforged.neoforge.data.loading.DatagenModLoader/]: Initializing Data Gatherer for mods [everythingjapanese]
[13Aug2025 12:51:16.628] [main/DEBUG] [net.neoforged.fml.ModWorkManager/LOADING]: Using 8 threads for parallel mod-loading
[13Aug2025 12:51:16.674] [main/DEBUG] [thedarkcolour.kotlinforforge.neoforge.LoggerKt/LOADING]: Creating KotlinModContainer instance for []
[13Aug2025 12:51:16.687] [main/DEBUG] [thedarkcolour.kotlinforforge.neoforge.LoggerKt/LOADING]: Creating KotlinModContainer instance for [net.Chidoziealways.everythingjapanese.EverythingJapanese]
[13Aug2025 12:51:16.694] [main/DEBUG] [net.neoforged.fml.javafmlmod.FMLModContainer/LOADING]: Creating FMLModContainer instance for [software.bernie.geckolib.GeckoLib]
[13Aug2025 12:51:16.698] [main/DEBUG] [net.neoforged.fml.javafmlmod.FMLModContainer/LOADING]: Creating FMLModContainer instance for [net.neoforged.neoforge.common.OnlyInWarningsHandler, net.neoforged.neoforge.common.NeoForgeMod, net.neoforged.neoforge.client.ClientNeoForgeMod]
[13Aug2025 12:51:16.784] [modloading-worker-0/DEBUG] [GeckoLib/]: Loaded software.bernie.geckolib.platform.GeckoLibNeoForge@673062d for service interface software.bernie.geckolib.service.GeckoLibPlatform
[13Aug2025 12:51:16.785] [modloading-worker-0/DEBUG] [GeckoLib/]: Loaded software.bernie.geckolib.network.GeckoLibNetworkingNeoForge@15c957d0 for service interface software.bernie.geckolib.service.GeckoLibNetworking
[13Aug2025 12:51:16.788] [modloading-worker-0/DEBUG] [net.neoforged.fml.javafmlmod.AutomaticEventSubscriber/LOADING]: Attempting to inject @EventBusSubscriber classes into the eventbus for geckolib
[13Aug2025 12:51:16.791] [modloading-worker-0/DEBUG] [net.neoforged.fml.javafmlmod.AutomaticEventSubscriber/LOADING]: Scanning class software.bernie.geckolib.GeckoLibClient for @SubscribeEvent-annotated methods
[13Aug2025 12:51:16.802] [modloading-worker-0/DEBUG] [net.neoforged.fml.javafmlmod.AutomaticEventSubscriber/LOADING]: Subscribing method public static void software.bernie.geckolib.GeckoLibClient.registerReloadListeners(net.neoforged.neoforge.client.event.AddClientReloadListenersEvent) to the event bus of mod geckolib
[13Aug2025 12:51:16.820] [modloading-worker-0/DEBUG] [net.neoforged.neoforge.internal.versions.neoforge.NeoForgeVersion/CORE]: Found NeoForge version 21.8.29
[13Aug2025 12:51:16.821] [modloading-worker-0/DEBUG] [net.neoforged.neoforge.internal.versions.neoforge.NeoForgeVersion/CORE]: Found FML version 9.0.16
[13Aug2025 12:51:16.821] [modloading-worker-0/INFO] [net.neoforged.neoforge.common.NeoForgeMod/NEOFORGE-MOD]: NeoForge mod loading, version 21.8.29, for MC 1.21.8
[13Aug2025 12:51:16.901] [modloading-worker-0/DEBUG] [net.neoforged.fml.config.ConfigTracker/CONFIG]: Config file neoforge-server.toml for neoforge tracking
[13Aug2025 12:51:16.909] [modloading-worker-0/DEBUG] [net.neoforged.fml.config.ConfigTracker/CONFIG]: Config file neoforge-common.toml for neoforge tracking
[13Aug2025 12:51:17.068] [modloading-worker-0/DEBUG] [net.neoforged.fml.config.ConfigTracker/CONFIG]: Config file neoforge-client.toml for neoforge tracking
[13Aug2025 12:51:17.134] [modloading-worker-0/DEBUG] [net.neoforged.fml.javafmlmod.AutomaticEventSubscriber/LOADING]: Attempting to inject @EventBusSubscriber classes into the eventbus for neoforge
[13Aug2025 12:51:17.136] [modloading-worker-0/DEBUG] [net.neoforged.fml.javafmlmod.AutomaticEventSubscriber/LOADING]: Scanning class net.neoforged.neoforge.network.filters.GenericPacketSplitter for @SubscribeEvent-annotated methods
[13Aug2025 12:51:17.197] [modloading-worker-0/DEBUG] [io.netty.buffer.AbstractByteBuf/]: -Dio.netty.buffer.checkAccessible: true
[13Aug2025 12:51:17.197] [modloading-worker-0/DEBUG] [io.netty.buffer.AbstractByteBuf/]: -Dio.netty.buffer.checkBounds: true
[13Aug2025 12:51:17.201] [modloading-worker-0/DEBUG] [io.netty.util.ResourceLeakDetectorFactory/]: Loaded default ResourceLeakDetector: io.netty.util.ResourceLeakDetector@5c01f043
[13Aug2025 12:51:17.270] [modloading-worker-0/DEBUG] [io.netty.util.internal.InternalThreadLocalMap/]: -Dio.netty.threadLocalMap.stringBuilder.initialSize: 1024
[13Aug2025 12:51:17.270] [modloading-worker-0/DEBUG] [io.netty.util.internal.InternalThreadLocalMap/]: -Dio.netty.threadLocalMap.stringBuilder.maxSize: 4096
[13Aug2025 12:51:17.295] [modloading-worker-0/DEBUG] [io.netty.buffer.PooledByteBufAllocator/]: -Dio.netty.allocator.numHeapArenas: 16
[13Aug2025 12:51:17.296] [modloading-worker-0/DEBUG] [io.netty.buffer.PooledByteBufAllocator/]: -Dio.netty.allocator.numDirectArenas: 16
[13Aug2025 12:51:17.296] [modloading-worker-0/DEBUG] [io.netty.buffer.PooledByteBufAllocator/]: -Dio.netty.allocator.pageSize: 8192
[13Aug2025 12:51:17.296] [modloading-worker-0/DEBUG] [io.netty.buffer.PooledByteBufAllocator/]: -Dio.netty.allocator.maxOrder: 9
[13Aug2025 12:51:17.296] [modloading-worker-0/DEBUG] [io.netty.buffer.PooledByteBufAllocator/]: -Dio.netty.allocator.chunkSize: 4194304
[13Aug2025 12:51:17.296] [modloading-worker-0/DEBUG] [io.netty.buffer.PooledByteBufAllocator/]: -Dio.netty.allocator.smallCacheSize: 256
[13Aug2025 12:51:17.297] [modloading-worker-0/DEBUG] [io.netty.buffer.PooledByteBufAllocator/]: -Dio.netty.allocator.normalCacheSize: 64
[13Aug2025 12:51:17.297] [modloading-worker-0/DEBUG] [io.netty.buffer.PooledByteBufAllocator/]: -Dio.netty.allocator.maxCachedBufferCapacity: 32768
[13Aug2025 12:51:17.297] [modloading-worker-0/DEBUG] [io.netty.buffer.PooledByteBufAllocator/]: -Dio.netty.allocator.cacheTrimInterval: 8192
[13Aug2025 12:51:17.297] [modloading-worker-0/DEBUG] [io.netty.buffer.PooledByteBufAllocator/]: -Dio.netty.allocator.cacheTrimIntervalMillis: 0
[13Aug2025 12:51:17.297] [modloading-worker-0/DEBUG] [io.netty.buffer.PooledByteBufAllocator/]: -Dio.netty.allocator.useCacheForAllThreads: false
[13Aug2025 12:51:17.297] [modloading-worker-0/DEBUG] [io.netty.buffer.PooledByteBufAllocator/]: -Dio.netty.allocator.maxCachedByteBuffersPerChunk: 1023
[13Aug2025 12:51:17.297] [modloading-worker-0/DEBUG] [io.netty.buffer.PooledByteBufAllocator/]: -Dio.netty.allocator.disableCacheFinalizersForFastThreadLocalThreads: false
[13Aug2025 12:51:17.345] [modloading-worker-0/DEBUG] [io.netty.buffer.ByteBufUtil/]: -Dio.netty.allocator.type: pooled
[13Aug2025 12:51:17.345] [modloading-worker-0/DEBUG] [io.netty.buffer.ByteBufUtil/]: -Dio.netty.threadLocalDirectBufferSize: 0
[13Aug2025 12:51:17.345] [modloading-worker-0/DEBUG] [io.netty.buffer.ByteBufUtil/]: -Dio.netty.maxThreadLocalCharBufferSize: 16384
[13Aug2025 12:51:17.368] [modloading-worker-0/DEBUG] [net.neoforged.fml.javafmlmod.AutomaticEventSubscriber/LOADING]: Subscribing method private static void net.neoforged.neoforge.network.filters.GenericPacketSplitter.register(net.neoforged.neoforge.network.event.RegisterPayloadHandlersEvent) to the event bus of mod neoforge
[13Aug2025 12:51:17.369] [modloading-worker-0/DEBUG] [net.neoforged.fml.javafmlmod.AutomaticEventSubscriber/LOADING]: Scanning class net.neoforged.neoforge.network.NetworkInitialization for @SubscribeEvent-annotated methods
[13Aug2025 12:51:17.370] [modloading-worker-0/DEBUG] [net.neoforged.fml.javafmlmod.AutomaticEventSubscriber/LOADING]: Subscribing method private static void net.neoforged.neoforge.network.NetworkInitialization.register(net.neoforged.neoforge.network.event.RegisterPayloadHandlersEvent) to the event bus of mod neoforge
[13Aug2025 12:51:17.371] [modloading-worker-0/DEBUG] [net.neoforged.fml.javafmlmod.AutomaticEventSubscriber/LOADING]: Scanning class net.neoforged.neoforge.network.ConfigurationInitialization for @SubscribeEvent-annotated methods
[13Aug2025 12:51:17.384] [modloading-worker-0/DEBUG] [net.neoforged.fml.javafmlmod.AutomaticEventSubscriber/LOADING]: Subscribing method private static void net.neoforged.neoforge.network.ConfigurationInitialization.configureModdedClient(net.neoforged.neoforge.network.event.RegisterConfigurationTasksEvent) to the event bus of mod neoforge
[13Aug2025 12:51:17.385] [modloading-worker-0/DEBUG] [net.neoforged.fml.javafmlmod.AutomaticEventSubscriber/LOADING]: Scanning class net.neoforged.neoforge.model.data.ModelDataManager for @SubscribeEvent-annotated methods
[13Aug2025 12:51:17.393] [modloading-worker-0/DEBUG] [net.neoforged.fml.javafmlmod.AutomaticEventSubscriber/LOADING]: Subscribing method public static void net.neoforged.neoforge.model.data.ModelDataManager.onChunkUnload(net.neoforged.neoforge.event.level.ChunkEvent$Unload) to the game event bus
[13Aug2025 12:51:17.396] [modloading-worker-0/DEBUG] [net.neoforged.fml.javafmlmod.AutomaticEventSubscriber/LOADING]: Scanning class net.neoforged.neoforge.common.MonsterRoomHooks for @SubscribeEvent-annotated methods
[13Aug2025 12:51:17.399] [modloading-worker-0/DEBUG] [net.neoforged.fml.javafmlmod.AutomaticEventSubscriber/LOADING]: Subscribing method public static void net.neoforged.neoforge.common.MonsterRoomHooks.onDataMapsUpdated(net.neoforged.neoforge.registries.datamaps.DataMapsUpdatedEvent) to the game event bus
[13Aug2025 12:51:17.400] [modloading-worker-0/DEBUG] [net.neoforged.fml.javafmlmod.AutomaticEventSubscriber/LOADING]: Scanning class net.neoforged.neoforge.client.network.ClientPayloadHandler for @SubscribeEvent-annotated methods
[13Aug2025 12:51:17.443] [modloading-worker-0/DEBUG] [net.neoforged.fml.javafmlmod.AutomaticEventSubscriber/LOADING]: Subscribing method private static void net.neoforged.neoforge.client.network.ClientPayloadHandler.register(net.neoforged.neoforge.client.network.event.RegisterClientPayloadHandlersEvent) to the event bus of mod neoforge
[13Aug2025 12:51:17.444] [modloading-worker-0/DEBUG] [net.neoforged.fml.javafmlmod.AutomaticEventSubscriber/LOADING]: Scanning class net.neoforged.neoforge.client.ParticleBoundsDebugRenderer for @SubscribeEvent-annotated methods
[13Aug2025 12:51:17.474] [modloading-worker-0/DEBUG] [net.neoforged.fml.javafmlmod.AutomaticEventSubscriber/LOADING]: Subscribing method public static void net.neoforged.neoforge.client.ParticleBoundsDebugRenderer.onRenderLevelStage(net.neoforged.neoforge.client.event.RenderLevelStageEvent$AfterParticles) to the game event bus
[13Aug2025 12:51:17.475] [modloading-worker-0/DEBUG] [net.neoforged.fml.javafmlmod.AutomaticEventSubscriber/LOADING]: Subscribing method public static void net.neoforged.neoforge.client.ParticleBoundsDebugRenderer.onRegisterClientCommands(net.neoforged.neoforge.client.event.RegisterClientCommandsEvent) to the game event bus
[13Aug2025 12:51:17.476] [modloading-worker-0/DEBUG] [net.neoforged.fml.javafmlmod.AutomaticEventSubscriber/LOADING]: Scanning class net.neoforged.neoforge.client.NeoForgeRenderPipelines for @SubscribeEvent-annotated methods
[13Aug2025 12:51:17.569] [modloading-worker-0/DEBUG] [net.neoforged.fml.javafmlmod.AutomaticEventSubscriber/LOADING]: Subscribing method static void net.neoforged.neoforge.client.NeoForgeRenderPipelines.registerPipelines(net.neoforged.neoforge.client.event.RegisterRenderPipelinesEvent) to the event bus of mod neoforge
[13Aug2025 12:51:17.570] [modloading-worker-0/DEBUG] [net.neoforged.fml.javafmlmod.AutomaticEventSubscriber/LOADING]: Scanning class net.neoforged.neoforge.client.BlockEntityRenderBoundsDebugRenderer for @SubscribeEvent-annotated methods
[13Aug2025 12:51:17.575] [modloading-worker-0/DEBUG] [net.neoforged.fml.javafmlmod.AutomaticEventSubscriber/LOADING]: Subscribing method public static void net.neoforged.neoforge.client.BlockEntityRenderBoundsDebugRenderer.onRenderLevelStage(net.neoforged.neoforge.client.event.RenderLevelStageEvent$AfterBlockEntities) to the game event bus
[13Aug2025 12:51:17.576] [modloading-worker-0/DEBUG] [net.neoforged.fml.javafmlmod.AutomaticEventSubscriber/LOADING]: Subscribing method public static void net.neoforged.neoforge.client.BlockEntityRenderBoundsDebugRenderer.onRegisterClientCommands(net.neoforged.neoforge.client.event.RegisterClientCommandsEvent) to the game event bus
[13Aug2025 12:51:17.577] [modloading-worker-0/DEBUG] [net.neoforged.fml.javafmlmod.AutomaticEventSubscriber/LOADING]: Scanning class net.neoforged.neoforge.attachment.AttachmentSync for @SubscribeEvent-annotated methods
[13Aug2025 12:51:17.595] [modloading-worker-0/DEBUG] [net.neoforged.fml.javafmlmod.AutomaticEventSubscriber/LOADING]: Subscribing method public static void net.neoforged.neoforge.attachment.AttachmentSync.onChunkSent(net.neoforged.neoforge.event.level.ChunkWatchEvent$Sent) to the game event bus
[13Aug2025 12:51:17.596] [modloading-worker-0/DEBUG] [net.neoforged.fml.javafmlmod.AutomaticEventSubscriber/LOADING]: Scanning class net.neoforged.neoforge.attachment.AttachmentInternals for @SubscribeEvent-annotated methods
[13Aug2025 12:51:17.602] [modloading-worker-0/DEBUG] [net.neoforged.fml.javafmlmod.AutomaticEventSubscriber/LOADING]: Subscribing method public static void net.neoforged.neoforge.attachment.AttachmentInternals.onLivingConvert(net.neoforged.neoforge.event.entity.living.LivingConversionEvent$Post) to the game event bus
[13Aug2025 12:51:17.603] [modloading-worker-0/DEBUG] [net.neoforged.fml.javafmlmod.AutomaticEventSubscriber/LOADING]: Subscribing method public static void net.neoforged.neoforge.attachment.AttachmentInternals.onPlayerClone(net.neoforged.neoforge.event.entity.player.PlayerEvent$Clone) to the game event bus
[13Aug2025 12:51:17.746] [modloading-worker-0/DEBUG] [net.Chidoziealways.everythingjapanese.EverythingJapanese/]: Registering Registries
[13Aug2025 12:51:17.755] [modloading-worker-0/INFO] [net.Chidoziealways.everythingjapanese.EverythingJapanese/]: Attempting to register block: pyrite_block
[13Aug2025 12:51:17.756] [modloading-worker-0/INFO] [net.Chidoziealways.everythingjapanese.EverythingJapanese/]: Registering BlockItem for: pyrite_block
[13Aug2025 12:51:17.793] [modloading-worker-0/INFO] [net.Chidoziealways.everythingjapanese.EverythingJapanese/]: Attempting to register block: nephrite_block
[13Aug2025 12:51:17.793] [modloading-worker-0/INFO] [net.Chidoziealways.everythingjapanese.EverythingJapanese/]: Registering BlockItem for: nephrite_block
[13Aug2025 12:51:17.794] [modloading-worker-0/INFO] [net.Chidoziealways.everythingjapanese.EverythingJapanese/]: Attempting to register block: raw_pyrite_block
[13Aug2025 12:51:17.795] [modloading-worker-0/INFO] [net.Chidoziealways.everythingjapanese.EverythingJapanese/]: Registering BlockItem for: raw_pyrite_block
[13Aug2025 12:51:17.798] [modloading-worker-0/INFO] [net.Chidoziealways.everythingjapanese.EverythingJapanese/]: Attempting to register block: washi_window
[13Aug2025 12:51:17.799] [modloading-worker-0/INFO] [net.Chidoziealways.everythingjapanese.EverythingJapanese/]: Registering BlockItem for: washi_window
[13Aug2025 12:51:17.801] [modloading-worker-0/INFO] [net.Chidoziealways.everythingjapanese.EverythingJapanese/]: Attempting to register block: washi_window_pane
[13Aug2025 12:51:17.803] [modloading-worker-0/INFO] [net.Chidoziealways.everythingjapanese.EverythingJapanese/]: Registering BlockItem for: washi_window_pane
[13Aug2025 12:51:17.809] [modloading-worker-0/INFO] [net.Chidoziealways.everythingjapanese.EverythingJapanese/]: Attempting to register block: shoji_door
[13Aug2025 12:51:17.809] [modloading-worker-0/INFO] [net.Chidoziealways.everythingjapanese.EverythingJapanese/]: Registering BlockItem for: shoji_door
[13Aug2025 12:51:17.810] [modloading-worker-0/INFO] [net.Chidoziealways.everythingjapanese.EverythingJapanese/]: Attempting to register block: pyrite_ore
[13Aug2025 12:51:17.811] [modloading-worker-0/INFO] [net.Chidoziealways.everythingjapanese.EverythingJapanese/]: Registering BlockItem for: pyrite_ore
[13Aug2025 12:51:17.811] [modloading-worker-0/INFO] [net.Chidoziealways.everythingjapanese.EverythingJapanese/]: Attempting to register block: pyrite_deepslate_ore
[13Aug2025 12:51:17.813] [modloading-worker-0/INFO] [net.Chidoziealways.everythingjapanese.EverythingJapanese/]: Registering BlockItem for: pyrite_deepslate_ore
[13Aug2025 12:51:17.815] [modloading-worker-0/INFO] [net.Chidoziealways.everythingjapanese.EverythingJapanese/]: Attempting to register block: nephrite_ore
[13Aug2025 12:51:17.815] [modloading-worker-0/INFO] [net.Chidoziealways.everythingjapanese.EverythingJapanese/]: Registering BlockItem for: nephrite_ore
[13Aug2025 12:51:17.817] [modloading-worker-0/INFO] [net.Chidoziealways.everythingjapanese.EverythingJapanese/]: Attempting to register block: nephrite_deepslate_ore
[13Aug2025 12:51:17.817] [modloading-worker-0/INFO] [net.Chidoziealways.everythingjapanese.EverythingJapanese/]: Registering BlockItem for: nephrite_deepslate_ore
[13Aug2025 12:51:17.821] [modloading-worker-0/INFO] [net.Chidoziealways.everythingjapanese.EverythingJapanese/]: Attempting to register block: transformer_block
[13Aug2025 12:51:17.822] [modloading-worker-0/INFO] [net.Chidoziealways.everythingjapanese.EverythingJapanese/]: Registering BlockItem for: transformer_block
[13Aug2025 12:51:17.826] [modloading-worker-0/INFO] [net.Chidoziealways.everythingjapanese.EverythingJapanese/]: Attempting to register block: chocolate_cake
[13Aug2025 12:51:17.826] [modloading-worker-0/INFO] [net.Chidoziealways.everythingjapanese.EverythingJapanese/]: Registering BlockItem for: chocolate_cake
[13Aug2025 12:51:17.830] [modloading-worker-0/INFO] [net.Chidoziealways.everythingjapanese.EverythingJapanese/]: Attempting to register block: japanese_cheesecake
[13Aug2025 12:51:17.831] [modloading-worker-0/INFO] [net.Chidoziealways.everythingjapanese.EverythingJapanese/]: Registering BlockItem for: japanese_cheesecake
[13Aug2025 12:51:17.835] [modloading-worker-0/INFO] [net.Chidoziealways.everythingjapanese.EverythingJapanese/]: Attempting to register block: pedestal
[13Aug2025 12:51:17.835] [modloading-worker-0/INFO] [net.Chidoziealways.everythingjapanese.EverythingJapanese/]: Registering BlockItem for: pedestal
[13Aug2025 12:51:17.839] [modloading-worker-0/INFO] [net.Chidoziealways.everythingjapanese.EverythingJapanese/]: Attempting to register block: growth_chamber
[13Aug2025 12:51:17.839] [modloading-worker-0/INFO] [net.Chidoziealways.everythingjapanese.EverythingJapanese/]: Registering BlockItem for: growth_chamber
[13Aug2025 12:51:17.849] [modloading-worker-0/INFO] [net.Chidoziealways.everythingjapanese.EverythingJapanese/]: Attempting to register block: hinoki_maruta
[13Aug2025 12:51:17.850] [modloading-worker-0/INFO] [net.Chidoziealways.everythingjapanese.EverythingJapanese/]: Registering BlockItem for: hinoki_maruta
[13Aug2025 12:51:17.852] [modloading-worker-0/INFO] [net.Chidoziealways.everythingjapanese.EverythingJapanese/]: Attempting to register block: hinoki_mokuzai
[13Aug2025 12:51:17.853] [modloading-worker-0/INFO] [net.Chidoziealways.everythingjapanese.EverythingJapanese/]: Registering BlockItem for: hinoki_mokuzai
[13Aug2025 12:51:17.854] [modloading-worker-0/INFO] [net.Chidoziealways.everythingjapanese.EverythingJapanese/]: Attempting to register block: stripped_hinoki_maruta
[13Aug2025 12:51:17.854] [modloading-worker-0/INFO] [net.Chidoziealways.everythingjapanese.EverythingJapanese/]: Registering BlockItem for: stripped_hinoki_maruta
[13Aug2025 12:51:17.855] [modloading-worker-0/INFO] [net.Chidoziealways.everythingjapanese.EverythingJapanese/]: Attempting to register block: stripped_hinoki_mokuzai
[13Aug2025 12:51:17.855] [modloading-worker-0/INFO] [net.Chidoziealways.everythingjapanese.EverythingJapanese/]: Registering BlockItem for: stripped_hinoki_mokuzai
[13Aug2025 12:51:17.858] [modloading-worker-0/INFO] [net.Chidoziealways.everythingjapanese.EverythingJapanese/]: Attempting to register block: hinoki_ban
[13Aug2025 12:51:17.859] [modloading-worker-0/INFO] [net.Chidoziealways.everythingjapanese.EverythingJapanese/]: Registering BlockItem for: hinoki_ban
[13Aug2025 12:51:17.860] [modloading-worker-0/INFO] [net.Chidoziealways.everythingjapanese.EverythingJapanese/]: Attempting to register block: hinoki_ha
[13Aug2025 12:51:17.861] [modloading-worker-0/INFO] [net.Chidoziealways.everythingjapanese.EverythingJapanese/]: Registering BlockItem for: hinoki_ha
[13Aug2025 12:51:17.862] [modloading-worker-0/INFO] [net.Chidoziealways.everythingjapanese.EverythingJapanese/]: Attempting to register block: hinoki_naegi
[13Aug2025 12:51:17.863] [modloading-worker-0/INFO] [net.Chidoziealways.everythingjapanese.EverythingJapanese/]: Registering BlockItem for: hinoki_naegi
[13Aug2025 12:51:17.864] [modloading-worker-0/INFO] [net.Chidoziealways.everythingjapanese.EverythingJapanese/]: Attempting to register block: potted_hinoki_naegi
[13Aug2025 12:51:17.864] [modloading-worker-0/INFO] [net.Chidoziealways.everythingjapanese.EverythingJapanese/]: Registering BlockItem for: potted_hinoki_naegi
[13Aug2025 12:51:17.865] [modloading-worker-0/INFO] [net.Chidoziealways.everythingjapanese.EverythingJapanese/]: Attempting to register block: pyrite_stairs
[13Aug2025 12:51:17.866] [modloading-worker-0/INFO] [net.Chidoziealways.everythingjapanese.EverythingJapanese/]: Registering BlockItem for: pyrite_stairs
[13Aug2025 12:51:17.867] [modloading-worker-0/INFO] [net.Chidoziealways.everythingjapanese.EverythingJapanese/]: Attempting to register block: pyrite_slab
[13Aug2025 12:51:17.867] [modloading-worker-0/INFO] [net.Chidoziealways.everythingjapanese.EverythingJapanese/]: Registering BlockItem for: pyrite_slab
[13Aug2025 12:51:17.868] [modloading-worker-0/INFO] [net.Chidoziealways.everythingjapanese.EverythingJapanese/]: Attempting to register block: pyrite_pressure_plate
[13Aug2025 12:51:17.869] [modloading-worker-0/INFO] [net.Chidoziealways.everythingjapanese.EverythingJapanese/]: Registering BlockItem for: pyrite_pressure_plate
[13Aug2025 12:51:17.870] [modloading-worker-0/INFO] [net.Chidoziealways.everythingjapanese.EverythingJapanese/]: Attempting to register block: pyrite_button
[13Aug2025 12:51:17.870] [modloading-worker-0/INFO] [net.Chidoziealways.everythingjapanese.EverythingJapanese/]: Registering BlockItem for: pyrite_button
[13Aug2025 12:51:17.871] [modloading-worker-0/INFO] [net.Chidoziealways.everythingjapanese.EverythingJapanese/]: Attempting to register block: pyrite_fence
[13Aug2025 12:51:17.872] [modloading-worker-0/INFO] [net.Chidoziealways.everythingjapanese.EverythingJapanese/]: Registering BlockItem for: pyrite_fence
[13Aug2025 12:51:17.873] [modloading-worker-0/INFO] [net.Chidoziealways.everythingjapanese.EverythingJapanese/]: Attempting to register block: pyrite_fence_gate
[13Aug2025 12:51:17.874] [modloading-worker-0/INFO] [net.Chidoziealways.everythingjapanese.EverythingJapanese/]: Registering BlockItem for: pyrite_fence_gate
[13Aug2025 12:51:17.875] [modloading-worker-0/INFO] [net.Chidoziealways.everythingjapanese.EverythingJapanese/]: Attempting to register block: pyrite_wall
[13Aug2025 12:51:17.875] [modloading-worker-0/INFO] [net.Chidoziealways.everythingjapanese.EverythingJapanese/]: Registering BlockItem for: pyrite_wall
[13Aug2025 12:51:17.876] [modloading-worker-0/INFO] [net.Chidoziealways.everythingjapanese.EverythingJapanese/]: Attempting to register block: pyrite_door
[13Aug2025 12:51:17.877] [modloading-worker-0/INFO] [net.Chidoziealways.everythingjapanese.EverythingJapanese/]: Registering BlockItem for: pyrite_door
[13Aug2025 12:51:17.877] [modloading-worker-0/INFO] [net.Chidoziealways.everythingjapanese.EverythingJapanese/]: Attempting to register block: pyrite_trapdoor
[13Aug2025 12:51:17.878] [modloading-worker-0/INFO] [net.Chidoziealways.everythingjapanese.EverythingJapanese/]: Registering BlockItem for: pyrite_trapdoor
[13Aug2025 12:51:17.882] [modloading-worker-0/INFO] [net.Chidoziealways.everythingjapanese.EverythingJapanese/]: Attempting to register block: pyrite_lamp
[13Aug2025 12:51:17.883] [modloading-worker-0/INFO] [net.Chidoziealways.everythingjapanese.EverythingJapanese/]: Registering BlockItem for: pyrite_lamp
[13Aug2025 12:51:17.886] [modloading-worker-0/INFO] [net.Chidoziealways.everythingjapanese.EverythingJapanese/]: Attempting to register block: chair
[13Aug2025 12:51:17.887] [modloading-worker-0/INFO] [net.Chidoziealways.everythingjapanese.EverythingJapanese/]: Registering BlockItem for: chair
[13Aug2025 12:51:17.893] [modloading-worker-0/DEBUG] [net.Chidoziealways.everythingjapanese.EverythingJapanese/]: Registering Blocks
[13Aug2025 12:51:17.896] [modloading-worker-0/INFO] [net.Chidoziealways.everythingjapanese.EverythingJapanese/]: REGISTERING EVERY SINGLE DATA COMPONENT IN MODDATACOMPONENTTYPES
[13Aug2025 12:51:17.897] [modloading-worker-0/DEBUG] [net.Chidoziealways.everythingjapanese.EverythingJapanese/]: Registering DataComponents
[13Aug2025 12:51:17.903] [modloading-worker-0/DEBUG] [net.Chidoziealways.everythingjapanese.EverythingJapanese/]: Registering Sounds
[13Aug2025 12:51:17.909] [modloading-worker-0/DEBUG] [net.Chidoziealways.everythingjapanese.EverythingJapanese/]: Registering Effects
[13Aug2025 12:51:17.910] [modloading-worker-0/INFO] [net.Chidoziealways.everythingjapanese.EverythingJapanese/]: REGISTERING EVERY SINGLE ITEM IN MODITEMS
[13Aug2025 12:51:17.910] [modloading-worker-0/DEBUG] [net.Chidoziealways.everythingjapanese.EverythingJapanese/]: Registering Items
[13Aug2025 12:51:17.921] [modloading-worker-0/INFO] [net.Chidoziealways.everythingjapanese.EverythingJapanese/]: REGISTERING EVERY SINGLE CREATIVEMODETAB IN MODCREATIVEMODETABS
[13Aug2025 12:51:17.921] [modloading-worker-0/DEBUG] [net.Chidoziealways.everythingjapanese.EverythingJapanese/]: Registering CreativeMode Tabs
[13Aug2025 12:51:17.925] [modloading-worker-0/DEBUG] [net.Chidoziealways.everythingjapanese.EverythingJapanese/]: Registering Potions
[13Aug2025 12:51:17.929] [modloading-worker-0/DEBUG] [net.Chidoziealways.everythingjapanese.EverythingJapanese/]: Registering Enchantment Effects
[13Aug2025 12:51:17.938] [modloading-worker-0/DEBUG] [net.Chidoziealways.everythingjapanese.EverythingJapanese/]: Registering Entities
[13Aug2025 12:51:17.942] [modloading-worker-0/DEBUG] [net.Chidoziealways.everythingjapanese.EverythingJapanese/]: Registering Villagers
[13Aug2025 12:51:17.945] [modloading-worker-0/DEBUG] [net.Chidoziealways.everythingjapanese.EverythingJapanese/]: Registering Particles
[13Aug2025 12:51:17.949] [modloading-worker-0/DEBUG] [net.Chidoziealways.everythingjapanese.EverythingJapanese/]: Registering LootModifiers
[13Aug2025 12:51:17.955] [modloading-worker-0/DEBUG] [net.Chidoziealways.everythingjapanese.EverythingJapanese/]: Registering Block Entities
[13Aug2025 12:51:17.963] [modloading-worker-0/DEBUG] [net.Chidoziealways.everythingjapanese.EverythingJapanese/]: Registering MenuTypes
[13Aug2025 12:51:17.972] [modloading-worker-0/DEBUG] [net.Chidoziealways.everythingjapanese.EverythingJapanese/]: Registering Recipes
[13Aug2025 12:51:17.987] [modloading-worker-0/DEBUG] [net.Chidoziealways.everythingjapanese.EverythingJapanese/]: Hello
[13Aug2025 12:51:17.998] [modloading-worker-0/DEBUG] [net.neoforged.fml.config.ConfigTracker/CONFIG]: Config file everythingjapanese-common.toml for everythingjapanese tracking
[13Aug2025 12:51:18.001] [modloading-worker-0/DEBUG] [thedarkcolour.kotlinforforge.neoforge.LoggerKt/LOADING]: Attempting to inject @EventBusSubscriber kotlin objects in to the event bus for everythingjapanese
[13Aug2025 12:51:18.282] [modloading-worker-0/DEBUG] [thedarkcolour.kotlinforforge.neoforge.LoggerKt/LOADING]: Auto-subscribing kotlin object net.Chidoziealways.everythingjapanese.capabilities.CapabilityAttacher@2c36a0d3 to MOD
[13Aug2025 12:51:18.311] [modloading-worker-0/DEBUG] [thedarkcolour.kotlinforforge.neoforge.LoggerKt/LOADING]: Auto-subscribing kotlin object net.Chidoziealways.everythingjapanese.capabilities.PlayerEvents@704b6fab to GAME
[13Aug2025 12:51:18.317] [modloading-worker-0/DEBUG] [thedarkcolour.kotlinforforge.neoforge.LoggerKt/LOADING]: Auto-subscribing kotlin object net.Chidoziealways.everythingjapanese.chakra.ChakraRegenerationHandler@3548587a to GAME
[13Aug2025 12:51:18.325] [modloading-worker-0/DEBUG] [thedarkcolour.kotlinforforge.neoforge.LoggerKt/LOADING]: Auto-subscribing kotlin object net.Chidoziealways.everythingjapanese.commands.comands.FinishQuestCommand@6d582b6d to GAME
[13Aug2025 12:51:18.331] [modloading-worker-0/DEBUG] [thedarkcolour.kotlinforforge.neoforge.LoggerKt/LOADING]: Auto-subscribing kotlin object net.Chidoziealways.everythingjapanese.commands.comands.GetChakraCommand@1b493958 to GAME
[13Aug2025 12:51:18.337] [modloading-worker-0/DEBUG] [thedarkcolour.kotlinforforge.neoforge.LoggerKt/LOADING]: Auto-subscribing kotlin object net.Chidoziealways.everythingjapanese.commands.comands.LearnJutsuCommand@5e5b885 to GAME
[13Aug2025 12:51:18.343] [modloading-worker-0/DEBUG] [thedarkcolour.kotlinforforge.neoforge.LoggerKt/LOADING]: Auto-subscribing kotlin object net.Chidoziealways.everythingjapanese.commands.comands.SetChakraCommand@587f60b5 to GAME
[13Aug2025 12:51:18.350] [modloading-worker-0/DEBUG] [thedarkcolour.kotlinforforge.neoforge.LoggerKt/LOADING]: Auto-subscribing kotlin object net.Chidoziealways.everythingjapanese.commands.comands.StartQuestCommand@65a2f318 to GAME
[13Aug2025 12:51:18.368] [modloading-worker-0/DEBUG] [thedarkcolour.kotlinforforge.neoforge.LoggerKt/LOADING]: Auto-subscribing kotlin object net.Chidoziealways.everythingjapanese.Config@69af0843 to MOD
[13Aug2025 12:51:18.386] [modloading-worker-0/DEBUG] [thedarkcolour.kotlinforforge.neoforge.LoggerKt/LOADING]: Auto-subscribing kotlin object net.Chidoziealways.everythingjapanese.datagen.DataGenerators@84d3adf to MOD
[13Aug2025 12:51:18.394] [modloading-worker-0/DEBUG] [thedarkcolour.kotlinforforge.neoforge.LoggerKt/LOADING]: Auto-subscribing kotlin object net.Chidoziealways.everythingjapanese.event.ModClientEvents@44f151f7 to GAME
[13Aug2025 12:51:18.410] [modloading-worker-0/DEBUG] [thedarkcolour.kotlinforforge.neoforge.LoggerKt/LOADING]: Auto-subscribing kotlin object net.Chidoziealways.everythingjapanese.event.ModEventBusEvents@4c3e2092 to MOD
[13Aug2025 12:51:18.438] [modloading-worker-0/DEBUG] [thedarkcolour.kotlinforforge.neoforge.LoggerKt/LOADING]: Auto-subscribing kotlin object net.Chidoziealways.everythingjapanese.event.ModEvents@572cd42e to GAME
[13Aug2025 12:51:18.452] [modloading-worker-0/DEBUG] [thedarkcolour.kotlinforforge.neoforge.LoggerKt/LOADING]: Auto-subscribing kotlin object net.Chidoziealways.everythingjapanese.event.ModRegistryEvents@62225ebb to MOD
[13Aug2025 12:51:18.479] [modloading-worker-0/DEBUG] [thedarkcolour.kotlinforforge.neoforge.LoggerKt/LOADING]: Auto-subscribing kotlin object net.Chidoziealways.everythingjapanese.event.QuestEvents@312d1e0 to GAME
[13Aug2025 12:51:18.503] [modloading-worker-0/DEBUG] [mixin/]: Mixing client.EntityRendererMixin from geckolib.mixins.json into net.minecraft.client.renderer.entity.EntityRenderer
[13Aug2025 12:51:18.503] [modloading-worker-0/DEBUG] [mixin/]: geckolib.mixins.json:client.EntityRendererMixin from mod geckolib: Class version 65 required is higher than the class version supported by the current version of Mixin (JAVA_17 supports class version 61)
[13Aug2025 12:51:18.537] [modloading-worker-0/DEBUG] [thedarkcolour.kotlinforforge.neoforge.LoggerKt/LOADING]: Auto-subscribing kotlin object net.Chidoziealways.everythingjapanese.EverythingJapanese$ClientModEvents@3f2af569 to MOD
[13Aug2025 12:51:18.545] [modloading-worker-0/DEBUG] [thedarkcolour.kotlinforforge.neoforge.LoggerKt/LOADING]: Auto-subscribing kotlin object net.Chidoziealways.everythingjapanese.item.ToolTipEventHandler@773e855e to GAME
[13Aug2025 12:51:18.564] [modloading-worker-0/DEBUG] [thedarkcolour.kotlinforforge.neoforge.LoggerKt/LOADING]: Auto-subscribing kotlin object net.Chidoziealways.everythingjapanese.network.ModNetwork@124cb4e2 to MOD
[13Aug2025 12:51:18.598] [modloading-worker-0/DEBUG] [thedarkcolour.kotlinforforge.neoforge.LoggerKt/LOADING]: Auto-subscribing kotlin object net.Chidoziealways.everythingjapanese.quest.conditions.CollectItemCondition@3ea8d4ff to GAME
[13Aug2025 12:51:18.607] [modloading-worker-0/DEBUG] [thedarkcolour.kotlinforforge.neoforge.LoggerKt/LOADING]: Auto-subscribing kotlin object net.Chidoziealways.everythingjapanese.quest.conditions.KillEntityCondition@710ea8d5 to GAME
[13Aug2025 12:51:18.612] [modloading-worker-0/DEBUG] [thedarkcolour.kotlinforforge.neoforge.LoggerKt/LOADING]: Auto-subscribing kotlin object net.Chidoziealways.everythingjapanese.quest.QuestStageProgressionHandler@784489af to GAME
[13Aug2025 12:51:18.618] [modloading-worker-0/DEBUG] [thedarkcolour.kotlinforforge.neoforge.LoggerKt/LOADING]: Auto-subscribing kotlin object net.Chidoziealways.everythingjapanese.reload.ReloadEvent@31284377 to GAME
[13Aug2025 12:51:18.631] [modloading-worker-0/DEBUG] [thedarkcolour.kotlinforforge.neoforge.LoggerKt/LOADING]: Auto-subscribing kotlin object net.Chidoziealways.everythingjapanese.util.KeyPressHandler@68317969 to GAME
[13Aug2025 12:51:18.648] [modloading-worker-0/DEBUG] [thedarkcolour.kotlinforforge.neoforge.LoggerKt/LOADING]: Auto-subscribing kotlin object net.Chidoziealways.everythingjapanese.util.ModKeyBinds@66ea7270 to MOD
[13Aug2025 12:51:18.655] [modloading-sync-worker/INFO] [net.Chidoziealways.everythingjapanese.event.ModRegistryEvents/MODREGISTRYEVENTS]: Registering Custom Registries
[13Aug2025 12:51:18.656] [modloading-sync-worker/INFO] [net.Chidoziealways.everythingjapanese.event.ModRegistryEvents/MODREGISTRYEVENTS]: Finished Registering Registries
[13Aug2025 12:51:18.658] [modloading-sync-worker/INFO] [net.Chidoziealways.everythingjapanese.event.ModRegistryEvents/MODREGISTRYEVENTS]: Registering Custom Datapack Registries
[13Aug2025 12:51:18.677] [modloading-sync-worker/INFO] [net.Chidoziealways.everythingjapanese.event.ModRegistryEvents/MODREGISTRYEVENTS]: Finished Registering Datapack Registries
[13Aug2025 12:51:19.764] [main/WARN] [net.minecraft.server.packs.VanillaPackResourcesBuilder/]: Assets URL 'union:/C:/Users/Hanzo/IdeaProjects/EverythingJapanese/.gradle/repositories/ng_dummy_ng/net/neoforged/neoforge/21.8.29/neoforge-21.8.29.jar%23218!/assets/.mcassetsroot' uses unexpected schema
[13Aug2025 12:51:19.766] [main/WARN] [net.minecraft.server.packs.VanillaPackResourcesBuilder/]: Assets URL 'union:/C:/Users/Hanzo/IdeaProjects/EverythingJapanese/.gradle/repositories/ng_dummy_ng/net/neoforged/neoforge/21.8.29/neoforge-21.8.29.jar%23218!/data/.mcassetsroot' uses unexpected schema
[13Aug2025 12:51:19.886] [main/DEBUG] [mixin/]: Mixing client.SpecialModelWrapperMixin from geckolib.mixins.json into net.minecraft.client.renderer.item.SpecialModelWrapper
[13Aug2025 12:51:19.886] [main/DEBUG] [mixin/]: geckolib.mixins.json:client.SpecialModelWrapperMixin from mod geckolib: Class version 65 required is higher than the class version supported by the current version of Mixin (JAVA_17 supports class version 61)
[13Aug2025 12:51:19.926] [main/DEBUG] [mixin/]: Mixing client.SpecialModelRenderersMixin from geckolib.mixins.json into net.minecraft.client.renderer.special.SpecialModelRenderers
[13Aug2025 12:51:19.927] [main/DEBUG] [mixin/]: geckolib.mixins.json:client.SpecialModelRenderersMixin from mod geckolib: Class version 65 required is higher than the class version supported by the current version of Mixin (JAVA_17 supports class version 61)
[13Aug2025 12:51:19.932] [main/DEBUG] [mixin/]: geckolib.mixins.json:client.SpecialModelRenderersMixin from mod geckolib->@Inject::geckolib$addSpecialRenderer(Lorg/spongepowered/asm/mixin/injection/callback/CallbackInfo;)V doesn't use it's CallbackInfo
[13Aug2025 12:51:20.629] [main/INFO] [net.minecraft.data.DataGenerator/]: Starting provider: Languages: en_us for mod: everythingjapanese
[13Aug2025 12:51:20.679] [main/INFO] [net.minecraft.data.DataGenerator/]: Languages: en_us for mod: everythingjapanese finished after 49 ms
[13Aug2025 12:51:20.680] [main/INFO] [net.minecraft.data.DataGenerator/]: Starting provider: Languages: ja_jp for mod: everythingjapanese
[13Aug2025 12:51:20.691] [main/INFO] [net.minecraft.data.DataGenerator/]: Languages: ja_jp for mod: everythingjapanese finished after 11 ms
[13Aug2025 12:51:20.691] [main/INFO] [net.minecraft.data.DataGenerator/]: Starting provider: Languages: ko_kr for mod: everythingjapanese
[13Aug2025 12:51:20.697] [main/INFO] [net.minecraft.data.DataGenerator/]: Languages: ko_kr for mod: everythingjapanese finished after 5 ms
[13Aug2025 12:51:20.698] [main/INFO] [net.minecraft.data.DataGenerator/]: Starting provider: Languages: zh_tw for mod: everythingjapanese
[13Aug2025 12:51:20.706] [main/INFO] [net.minecraft.data.DataGenerator/]: Languages: zh_tw for mod: everythingjapanese finished after 7 ms
[13Aug2025 12:51:20.706] [main/INFO] [net.minecraft.data.DataGenerator/]: Starting provider: Loot Tables
[13Aug2025 12:51:20.838] [main/INFO] [net.minecraft.data.DataGenerator/]: Loot Tables finished after 132 ms
[13Aug2025 12:51:20.839] [main/INFO] [net.minecraft.data.DataGenerator/]: Starting provider: Registries
[13Aug2025 12:51:21.071] [Worker-Main-2/INFO] [net.Chidoziealways.everythingjapanese.structure.ModStructuresGen/]: Bootstrapping Structures: everythingjapanese:hell_temple
[13Aug2025 12:51:21.079] [Worker-Main-2/INFO] [net.Chidoziealways.everythingjapanese.structure.ModStructuresGen/]: Finished with Bootstrap
[13Aug2025 12:51:21.113] [Worker-Main-2/INFO] [net.Chidoziealways.everythingjapanese.trim.ModTrimPatterns/]: Registering all Trim Patterns into DataPack Registry
[13Aug2025 12:51:21.135] [Worker-Main-1/INFO] [net.Chidoziealways.everythingjapanese.structure.ModStructuresGen/]: Bootstrapping Structures: everythingjapanese:hell_temple
[13Aug2025 12:51:21.135] [Worker-Main-1/INFO] [net.Chidoziealways.everythingjapanese.structure.ModStructuresGen/]: Finished with Bootstrap
[13Aug2025 12:51:21.143] [Worker-Main-1/INFO] [net.Chidoziealways.everythingjapanese.trim.ModTrimPatterns/]: Registering all Trim Patterns into DataPack Registry
[13Aug2025 12:51:21.780] [main/INFO] [net.minecraft.data.DataGenerator/]: Registries finished after 940 ms
[13Aug2025 12:51:21.781] [main/INFO] [net.minecraft.data.DataGenerator/]: Starting provider: Tags for minecraft:block mod id everythingjapanese
[13Aug2025 12:51:21.835] [main/INFO] [net.minecraft.data.DataGenerator/]: Tags for minecraft:block mod id everythingjapanese finished after 52 ms
[13Aug2025 12:51:21.835] [main/INFO] [net.minecraft.data.DataGenerator/]: Starting provider: Tags for minecraft:item mod id everythingjapanese
[13Aug2025 12:51:21.839] [main/INFO] [net.minecraft.data.DataGenerator/]: Tags for minecraft:item mod id everythingjapanese finished after 3 ms
[13Aug2025 12:51:21.839] [main/INFO] [net.minecraft.data.DataGenerator/]: Starting provider: Tags for minecraft:worldgen/biome mod id everythingjapanese
[13Aug2025 12:51:21.841] [main/INFO] [net.minecraft.data.DataGenerator/]: Tags for minecraft:worldgen/biome mod id everythingjapanese finished after 1 ms
[13Aug2025 12:51:21.841] [main/INFO] [net.minecraft.data.DataGenerator/]: Starting provider: Tags for minecraft:fluid mod id everythingjapanese
[13Aug2025 12:51:21.847] [main/INFO] [net.minecraft.data.DataGenerator/]: Tags for minecraft:fluid mod id everythingjapanese finished after 5 ms
[13Aug2025 12:51:21.848] [main/INFO] [net.minecraft.data.DataGenerator/]: Starting provider: Model Definitions - everythingjapanese
