[12:50:57] [main/INFO]: ModLauncher running: args [--launchTarget, neoforgeclientdatadev, --assetIndex, asset-index, --assetsDir, C:\\Users\\Hanzo\\.gradle\\caches\\minecraft\\assets, --fml.fmlVersion, 9.0.16, --fml.mcVersion, 1.21.8, --fml.neoForgeVersion, 21.8.29, --fml.neoFormVersion, 20250717.133445, --mod, everythingjapanese, --all, --output, C:\Users\Hanzo\IdeaProjects\EverythingJapanese\src\generated\resources, --existing, C:\Users\Hanzo\IdeaProjects\EverythingJapanese\src\main\resources, -mixin.config=everythingjapanese.mixins.json]
[12:50:57] [main/INFO]: JVM identified as Oracle Corporation Java HotSpot(TM) 64-Bit Server VM 21.0.8+12-LTS-250
[12:50:57] [main/INFO]: ModLauncher 9.0 starting: java version 21.0.8 by Oracle Corporation; OS Windows 11 arch amd64 version 10.0
[12:50:57] [main/INFO]: ImmediateWindowProvider not loading because launch target is neoforgeclientdatadev
[12:50:57] [main/INFO]: SpongePowered MIXIN Subsystem Version=0.8.7 Source=union:/C:/Users/Hanzo/.gradle/caches/modules-2/files-2.1/net.fabricmc/sponge-mixin/0.15.2+mixin.0.8.7/2af2f021d8e02a0220dc27a7a72b4666d66d44ca/sponge-mixin-0.15.2+mixin.0.8.7.jar%23162!/ Service=ModLauncher Env=CLIENT
[12:50:58] [main/INFO]: Found mod file "neoforge-21.8.29.jar" [locator: neoforge devenv provider ([C:\Users\Hanzo\IdeaProjects\EverythingJapanese\.gradle\repositories\ng_dummy_ng\net\neoforged\neoforge\21.8.29\neoforge-21.8.29.jar])]
[12:50:58] [main/INFO]: Found mod file "neoforge-21.8.29.jar" [locator: neoforge devenv provider ([C:\Users\Hanzo\IdeaProjects\EverythingJapanese\.gradle\repositories\ng_dummy_ng\net\neoforged\neoforge\21.8.29\neoforge-21.8.29.jar])]
[12:50:58] [main/INFO]: Found mod file "main" [locator: userdev mods and services, reader: mod manifest]
[12:50:58] [main/INFO]: Found mod file "neoforge-21.8.29.jar" [locator: userdev mods and services, reader: mod manifest]
[12:50:58] [main/INFO]: Found mod file "geckolib-neoforge-1.21.8-5.2.2.jar" [locator: userdev mods and services, reader: mod manifest]
[12:50:58] [main/INFO]: Found mod file "kffmod-neoforge-6.0.0.jar" [locator: userdev mods and services, reader: mod manifest]
[12:50:58] [main/INFO]: Found library file "kotlinforforge-neoforge-6.0.0.jar" [locator: userdev mods and services, reader: mod manifest]
[12:50:58] [main/INFO]: Found gamelibrary file "kfflib-neoforge-6.0.0.jar" [locator: userdev mods and services, reader: mod manifest]
[12:50:58] [main/INFO]: Found library file "kfflang-neoforge-6.0.0.jar" [locator: userdev mods and services, reader: mod manifest]
[12:50:58] [main/INFO]: Found gamelibrary file "mixinextras-neoforge-0.5.0.jar" [locator: userdev mods and services, reader: mod manifest]
[12:50:59] [main/WARN]: Attempted to select a dependency jar for JarJar which was passed in as source: library:mixinextras.neoforge. Using Mod File: C:\Users\Hanzo\.gradle\caches\modules-2\files-2.1\io.github.llamalad7\mixinextras-neoforge\0.5.0\d734b83ce6542bb70ea31755c1595b88992dbe65\mixinextras-neoforge-0.5.0.jar
[12:50:59] [main/INFO]: Found 9 dependencies adding them to mods collection
[12:50:59] [main/INFO]: Found library file "kotlinx-serialization-core-jvm-1.8.1.jar" [parent: kotlinforforge-neoforge-6.0.0.jar, locator: jarinjar]
[12:50:59] [main/INFO]: Found library file "kotlinx-coroutines-jdk8-1.10.2.jar" [parent: kotlinforforge-neoforge-6.0.0.jar, locator: jarinjar]
[12:50:59] [main/INFO]: Found library file "kotlin-reflect-2.2.0.jar" [parent: kotlinforforge-neoforge-6.0.0.jar, locator: jarinjar]
[12:50:59] [main/INFO]: Found library file "kotlin-stdlib-2.2.0.jar" [parent: kotlinforforge-neoforge-6.0.0.jar, locator: jarinjar]
[12:50:59] [main/INFO]: Found library file "kotlinx-serialization-json-jvm-1.8.1.jar" [parent: kotlinforforge-neoforge-6.0.0.jar, locator: jarinjar]
[12:50:59] [main/INFO]: Found library file "kotlinx-coroutines-core-jvm-1.10.2.jar" [parent: kotlinforforge-neoforge-6.0.0.jar, locator: jarinjar]
[12:50:59] [main/INFO]: Found library file "net.neoforged.neoforge-coremods-21.8.29.jar" [parent: neoforge-21.8.29.jar, locator: jarinjar, reader: mod manifest]
[12:50:59] [main/INFO]: Found library file "kotlin-stdlib-jdk7-2.2.0.jar" [parent: kotlinforforge-neoforge-6.0.0.jar, locator: jarinjar]
[12:50:59] [main/INFO]: Found library file "kotlin-stdlib-jdk8-2.2.0.jar" [parent: kotlinforforge-neoforge-6.0.0.jar, locator: jarinjar]
[12:50:59] [main/INFO]: 
     Mod List:
		Name Version (Mod Id)

		Everything Japanese 1.7.0 (everythingjapanese)
		GeckoLib 5 5.2.2 (geckolib)
		Kotlin For Forge 6.0.0 (kotlinforforge)
		Minecraft 1.21.8 (minecraft)
		NeoForge 21.8.29 (neoforge)
[12:51:01] [main/INFO]: Compatibility level set to JAVA_17
[12:51:01] [main/INFO]: Compatibility level set to JAVA_21
[12:51:01] [main/INFO]: Launching target 'neoforgeclientdatadev' with arguments [--assetsDir, C:\Users\Hanzo\.gradle\caches\minecraft\assets, --assetIndex, asset-index, --mod, everythingjapanese, --all, --output, C:\Users\Hanzo\IdeaProjects\EverythingJapanese\src\generated\resources, --existing, C:\Users\Hanzo\IdeaProjects\EverythingJapanese\src\main\resources]
[13Aug2025 12:51:01.932] [main/WARN] [mixin/]: Reference map 'geckolib.refmap.json' for geckolib.mixins.json could not be read. If this is a development environment you can ignore this message
[13Aug2025 12:51:01.938] [main/WARN] [mixin/]: Reference map 'everythingjapanese.refmap.json' for everythingjapanese.mixins.json could not be read. If this is a development environment you can ignore this message
[13Aug2025 12:51:03.241] [main/INFO] [MixinExtras|Service/]: Initializing MixinExtras via com.llamalad7.mixinextras.service.MixinExtrasServiceImpl(version=0.5.0).
[13Aug2025 12:51:16.621] [main/INFO] [net.neoforged.neoforge.data.loading.DatagenModLoader/]: Initializing Data Gatherer for mods [everythingjapanese]
[13Aug2025 12:51:16.821] [modloading-worker-0/INFO] [net.neoforged.neoforge.common.NeoForgeMod/NEOFORGE-MOD]: NeoForge mod loading, version 21.8.29, for MC 1.21.8
[13Aug2025 12:51:17.755] [modloading-worker-0/INFO] [net.Chidoziealways.everythingjapanese.EverythingJapanese/]: Attempting to register block: pyrite_block
[13Aug2025 12:51:17.756] [modloading-worker-0/INFO] [net.Chidoziealways.everythingjapanese.EverythingJapanese/]: Registering BlockItem for: pyrite_block
[13Aug2025 12:51:17.793] [modloading-worker-0/INFO] [net.Chidoziealways.everythingjapanese.EverythingJapanese/]: Attempting to register block: nephrite_block
[13Aug2025 12:51:17.793] [modloading-worker-0/INFO] [net.Chidoziealways.everythingjapanese.EverythingJapanese/]: Registering BlockItem for: nephrite_block
[13Aug2025 12:51:17.794] [modloading-worker-0/INFO] [net.Chidoziealways.everythingjapanese.EverythingJapanese/]: Attempting to register block: raw_pyrite_block
[13Aug2025 12:51:17.795] [modloading-worker-0/INFO] [net.Chidoziealways.everythingjapanese.EverythingJapanese/]: Registering BlockItem for: raw_pyrite_block
[13Aug2025 12:51:17.798] [modloading-worker-0/INFO] [net.Chidoziealways.everythingjapanese.EverythingJapanese/]: Attempting to register block: washi_window
[13Aug2025 12:51:17.799] [modloading-worker-0/INFO] [net.Chidoziealways.everythingjapanese.EverythingJapanese/]: Registering BlockItem for: washi_window
[13Aug2025 12:51:17.801] [modloading-worker-0/INFO] [net.Chidoziealways.everythingjapanese.EverythingJapanese/]: Attempting to register block: washi_window_pane
[13Aug2025 12:51:17.803] [modloading-worker-0/INFO] [net.Chidoziealways.everythingjapanese.EverythingJapanese/]: Registering BlockItem for: washi_window_pane
[13Aug2025 12:51:17.809] [modloading-worker-0/INFO] [net.Chidoziealways.everythingjapanese.EverythingJapanese/]: Attempting to register block: shoji_door
[13Aug2025 12:51:17.809] [modloading-worker-0/INFO] [net.Chidoziealways.everythingjapanese.EverythingJapanese/]: Registering BlockItem for: shoji_door
[13Aug2025 12:51:17.810] [modloading-worker-0/INFO] [net.Chidoziealways.everythingjapanese.EverythingJapanese/]: Attempting to register block: pyrite_ore
[13Aug2025 12:51:17.811] [modloading-worker-0/INFO] [net.Chidoziealways.everythingjapanese.EverythingJapanese/]: Registering BlockItem for: pyrite_ore
[13Aug2025 12:51:17.811] [modloading-worker-0/INFO] [net.Chidoziealways.everythingjapanese.EverythingJapanese/]: Attempting to register block: pyrite_deepslate_ore
[13Aug2025 12:51:17.813] [modloading-worker-0/INFO] [net.Chidoziealways.everythingjapanese.EverythingJapanese/]: Registering BlockItem for: pyrite_deepslate_ore
[13Aug2025 12:51:17.815] [modloading-worker-0/INFO] [net.Chidoziealways.everythingjapanese.EverythingJapanese/]: Attempting to register block: nephrite_ore
[13Aug2025 12:51:17.815] [modloading-worker-0/INFO] [net.Chidoziealways.everythingjapanese.EverythingJapanese/]: Registering BlockItem for: nephrite_ore
[13Aug2025 12:51:17.817] [modloading-worker-0/INFO] [net.Chidoziealways.everythingjapanese.EverythingJapanese/]: Attempting to register block: nephrite_deepslate_ore
[13Aug2025 12:51:17.817] [modloading-worker-0/INFO] [net.Chidoziealways.everythingjapanese.EverythingJapanese/]: Registering BlockItem for: nephrite_deepslate_ore
[13Aug2025 12:51:17.821] [modloading-worker-0/INFO] [net.Chidoziealways.everythingjapanese.EverythingJapanese/]: Attempting to register block: transformer_block
[13Aug2025 12:51:17.822] [modloading-worker-0/INFO] [net.Chidoziealways.everythingjapanese.EverythingJapanese/]: Registering BlockItem for: transformer_block
[13Aug2025 12:51:17.826] [modloading-worker-0/INFO] [net.Chidoziealways.everythingjapanese.EverythingJapanese/]: Attempting to register block: chocolate_cake
[13Aug2025 12:51:17.826] [modloading-worker-0/INFO] [net.Chidoziealways.everythingjapanese.EverythingJapanese/]: Registering BlockItem for: chocolate_cake
[13Aug2025 12:51:17.830] [modloading-worker-0/INFO] [net.Chidoziealways.everythingjapanese.EverythingJapanese/]: Attempting to register block: japanese_cheesecake
[13Aug2025 12:51:17.831] [modloading-worker-0/INFO] [net.Chidoziealways.everythingjapanese.EverythingJapanese/]: Registering BlockItem for: japanese_cheesecake
[13Aug2025 12:51:17.835] [modloading-worker-0/INFO] [net.Chidoziealways.everythingjapanese.EverythingJapanese/]: Attempting to register block: pedestal
[13Aug2025 12:51:17.835] [modloading-worker-0/INFO] [net.Chidoziealways.everythingjapanese.EverythingJapanese/]: Registering BlockItem for: pedestal
[13Aug2025 12:51:17.839] [modloading-worker-0/INFO] [net.Chidoziealways.everythingjapanese.EverythingJapanese/]: Attempting to register block: growth_chamber
[13Aug2025 12:51:17.839] [modloading-worker-0/INFO] [net.Chidoziealways.everythingjapanese.EverythingJapanese/]: Registering BlockItem for: growth_chamber
[13Aug2025 12:51:17.849] [modloading-worker-0/INFO] [net.Chidoziealways.everythingjapanese.EverythingJapanese/]: Attempting to register block: hinoki_maruta
[13Aug2025 12:51:17.850] [modloading-worker-0/INFO] [net.Chidoziealways.everythingjapanese.EverythingJapanese/]: Registering BlockItem for: hinoki_maruta
[13Aug2025 12:51:17.852] [modloading-worker-0/INFO] [net.Chidoziealways.everythingjapanese.EverythingJapanese/]: Attempting to register block: hinoki_mokuzai
[13Aug2025 12:51:17.853] [modloading-worker-0/INFO] [net.Chidoziealways.everythingjapanese.EverythingJapanese/]: Registering BlockItem for: hinoki_mokuzai
[13Aug2025 12:51:17.854] [modloading-worker-0/INFO] [net.Chidoziealways.everythingjapanese.EverythingJapanese/]: Attempting to register block: stripped_hinoki_maruta
[13Aug2025 12:51:17.854] [modloading-worker-0/INFO] [net.Chidoziealways.everythingjapanese.EverythingJapanese/]: Registering BlockItem for: stripped_hinoki_maruta
[13Aug2025 12:51:17.855] [modloading-worker-0/INFO] [net.Chidoziealways.everythingjapanese.EverythingJapanese/]: Attempting to register block: stripped_hinoki_mokuzai
[13Aug2025 12:51:17.855] [modloading-worker-0/INFO] [net.Chidoziealways.everythingjapanese.EverythingJapanese/]: Registering BlockItem for: stripped_hinoki_mokuzai
[13Aug2025 12:51:17.858] [modloading-worker-0/INFO] [net.Chidoziealways.everythingjapanese.EverythingJapanese/]: Attempting to register block: hinoki_ban
[13Aug2025 12:51:17.859] [modloading-worker-0/INFO] [net.Chidoziealways.everythingjapanese.EverythingJapanese/]: Registering BlockItem for: hinoki_ban
[13Aug2025 12:51:17.860] [modloading-worker-0/INFO] [net.Chidoziealways.everythingjapanese.EverythingJapanese/]: Attempting to register block: hinoki_ha
[13Aug2025 12:51:17.861] [modloading-worker-0/INFO] [net.Chidoziealways.everythingjapanese.EverythingJapanese/]: Registering BlockItem for: hinoki_ha
[13Aug2025 12:51:17.862] [modloading-worker-0/INFO] [net.Chidoziealways.everythingjapanese.EverythingJapanese/]: Attempting to register block: hinoki_naegi
[13Aug2025 12:51:17.863] [modloading-worker-0/INFO] [net.Chidoziealways.everythingjapanese.EverythingJapanese/]: Registering BlockItem for: hinoki_naegi
[13Aug2025 12:51:17.864] [modloading-worker-0/INFO] [net.Chidoziealways.everythingjapanese.EverythingJapanese/]: Attempting to register block: potted_hinoki_naegi
[13Aug2025 12:51:17.864] [modloading-worker-0/INFO] [net.Chidoziealways.everythingjapanese.EverythingJapanese/]: Registering BlockItem for: potted_hinoki_naegi
[13Aug2025 12:51:17.865] [modloading-worker-0/INFO] [net.Chidoziealways.everythingjapanese.EverythingJapanese/]: Attempting to register block: pyrite_stairs
[13Aug2025 12:51:17.866] [modloading-worker-0/INFO] [net.Chidoziealways.everythingjapanese.EverythingJapanese/]: Registering BlockItem for: pyrite_stairs
[13Aug2025 12:51:17.867] [modloading-worker-0/INFO] [net.Chidoziealways.everythingjapanese.EverythingJapanese/]: Attempting to register block: pyrite_slab
[13Aug2025 12:51:17.867] [modloading-worker-0/INFO] [net.Chidoziealways.everythingjapanese.EverythingJapanese/]: Registering BlockItem for: pyrite_slab
[13Aug2025 12:51:17.868] [modloading-worker-0/INFO] [net.Chidoziealways.everythingjapanese.EverythingJapanese/]: Attempting to register block: pyrite_pressure_plate
[13Aug2025 12:51:17.869] [modloading-worker-0/INFO] [net.Chidoziealways.everythingjapanese.EverythingJapanese/]: Registering BlockItem for: pyrite_pressure_plate
[13Aug2025 12:51:17.870] [modloading-worker-0/INFO] [net.Chidoziealways.everythingjapanese.EverythingJapanese/]: Attempting to register block: pyrite_button
[13Aug2025 12:51:17.870] [modloading-worker-0/INFO] [net.Chidoziealways.everythingjapanese.EverythingJapanese/]: Registering BlockItem for: pyrite_button
[13Aug2025 12:51:17.871] [modloading-worker-0/INFO] [net.Chidoziealways.everythingjapanese.EverythingJapanese/]: Attempting to register block: pyrite_fence
[13Aug2025 12:51:17.872] [modloading-worker-0/INFO] [net.Chidoziealways.everythingjapanese.EverythingJapanese/]: Registering BlockItem for: pyrite_fence
[13Aug2025 12:51:17.873] [modloading-worker-0/INFO] [net.Chidoziealways.everythingjapanese.EverythingJapanese/]: Attempting to register block: pyrite_fence_gate
[13Aug2025 12:51:17.874] [modloading-worker-0/INFO] [net.Chidoziealways.everythingjapanese.EverythingJapanese/]: Registering BlockItem for: pyrite_fence_gate
[13Aug2025 12:51:17.875] [modloading-worker-0/INFO] [net.Chidoziealways.everythingjapanese.EverythingJapanese/]: Attempting to register block: pyrite_wall
[13Aug2025 12:51:17.875] [modloading-worker-0/INFO] [net.Chidoziealways.everythingjapanese.EverythingJapanese/]: Registering BlockItem for: pyrite_wall
[13Aug2025 12:51:17.876] [modloading-worker-0/INFO] [net.Chidoziealways.everythingjapanese.EverythingJapanese/]: Attempting to register block: pyrite_door
[13Aug2025 12:51:17.877] [modloading-worker-0/INFO] [net.Chidoziealways.everythingjapanese.EverythingJapanese/]: Registering BlockItem for: pyrite_door
[13Aug2025 12:51:17.877] [modloading-worker-0/INFO] [net.Chidoziealways.everythingjapanese.EverythingJapanese/]: Attempting to register block: pyrite_trapdoor
[13Aug2025 12:51:17.878] [modloading-worker-0/INFO] [net.Chidoziealways.everythingjapanese.EverythingJapanese/]: Registering BlockItem for: pyrite_trapdoor
[13Aug2025 12:51:17.882] [modloading-worker-0/INFO] [net.Chidoziealways.everythingjapanese.EverythingJapanese/]: Attempting to register block: pyrite_lamp
[13Aug2025 12:51:17.883] [modloading-worker-0/INFO] [net.Chidoziealways.everythingjapanese.EverythingJapanese/]: Registering BlockItem for: pyrite_lamp
[13Aug2025 12:51:17.886] [modloading-worker-0/INFO] [net.Chidoziealways.everythingjapanese.EverythingJapanese/]: Attempting to register block: chair
[13Aug2025 12:51:17.887] [modloading-worker-0/INFO] [net.Chidoziealways.everythingjapanese.EverythingJapanese/]: Registering BlockItem for: chair
[13Aug2025 12:51:17.896] [modloading-worker-0/INFO] [net.Chidoziealways.everythingjapanese.EverythingJapanese/]: REGISTERING EVERY SINGLE DATA COMPONENT IN MODDATACOMPONENTTYPES
[13Aug2025 12:51:17.910] [modloading-worker-0/INFO] [net.Chidoziealways.everythingjapanese.EverythingJapanese/]: REGISTERING EVERY SINGLE ITEM IN MODITEMS
[13Aug2025 12:51:17.921] [modloading-worker-0/INFO] [net.Chidoziealways.everythingjapanese.EverythingJapanese/]: REGISTERING EVERY SINGLE CREATIVEMODETAB IN MODCREATIVEMODETABS
[13Aug2025 12:51:18.655] [modloading-sync-worker/INFO] [net.Chidoziealways.everythingjapanese.event.ModRegistryEvents/MODREGISTRYEVENTS]: Registering Custom Registries
[13Aug2025 12:51:18.656] [modloading-sync-worker/INFO] [net.Chidoziealways.everythingjapanese.event.ModRegistryEvents/MODREGISTRYEVENTS]: Finished Registering Registries
[13Aug2025 12:51:18.658] [modloading-sync-worker/INFO] [net.Chidoziealways.everythingjapanese.event.ModRegistryEvents/MODREGISTRYEVENTS]: Registering Custom Datapack Registries
[13Aug2025 12:51:18.677] [modloading-sync-worker/INFO] [net.Chidoziealways.everythingjapanese.event.ModRegistryEvents/MODREGISTRYEVENTS]: Finished Registering Datapack Registries
[13Aug2025 12:51:19.764] [main/WARN] [net.minecraft.server.packs.VanillaPackResourcesBuilder/]: Assets URL 'union:/C:/Users/Hanzo/IdeaProjects/EverythingJapanese/.gradle/repositories/ng_dummy_ng/net/neoforged/neoforge/21.8.29/neoforge-21.8.29.jar%23218!/assets/.mcassetsroot' uses unexpected schema
[13Aug2025 12:51:19.766] [main/WARN] [net.minecraft.server.packs.VanillaPackResourcesBuilder/]: Assets URL 'union:/C:/Users/Hanzo/IdeaProjects/EverythingJapanese/.gradle/repositories/ng_dummy_ng/net/neoforged/neoforge/21.8.29/neoforge-21.8.29.jar%23218!/data/.mcassetsroot' uses unexpected schema
[13Aug2025 12:51:20.629] [main/INFO] [net.minecraft.data.DataGenerator/]: Starting provider: Languages: en_us for mod: everythingjapanese
[13Aug2025 12:51:20.679] [main/INFO] [net.minecraft.data.DataGenerator/]: Languages: en_us for mod: everythingjapanese finished after 49 ms
[13Aug2025 12:51:20.680] [main/INFO] [net.minecraft.data.DataGenerator/]: Starting provider: Languages: ja_jp for mod: everythingjapanese
[13Aug2025 12:51:20.691] [main/INFO] [net.minecraft.data.DataGenerator/]: Languages: ja_jp for mod: everythingjapanese finished after 11 ms
[13Aug2025 12:51:20.691] [main/INFO] [net.minecraft.data.DataGenerator/]: Starting provider: Languages: ko_kr for mod: everythingjapanese
[13Aug2025 12:51:20.697] [main/INFO] [net.minecraft.data.DataGenerator/]: Languages: ko_kr for mod: everythingjapanese finished after 5 ms
[13Aug2025 12:51:20.698] [main/INFO] [net.minecraft.data.DataGenerator/]: Starting provider: Languages: zh_tw for mod: everythingjapanese
[13Aug2025 12:51:20.706] [main/INFO] [net.minecraft.data.DataGenerator/]: Languages: zh_tw for mod: everythingjapanese finished after 7 ms
[13Aug2025 12:51:20.706] [main/INFO] [net.minecraft.data.DataGenerator/]: Starting provider: Loot Tables
[13Aug2025 12:51:20.838] [main/INFO] [net.minecraft.data.DataGenerator/]: Loot Tables finished after 132 ms
[13Aug2025 12:51:20.839] [main/INFO] [net.minecraft.data.DataGenerator/]: Starting provider: Registries
[13Aug2025 12:51:21.071] [Worker-Main-2/INFO] [net.Chidoziealways.everythingjapanese.structure.ModStructuresGen/]: Bootstrapping Structures: everythingjapanese:hell_temple
[13Aug2025 12:51:21.079] [Worker-Main-2/INFO] [net.Chidoziealways.everythingjapanese.structure.ModStructuresGen/]: Finished with Bootstrap
[13Aug2025 12:51:21.113] [Worker-Main-2/INFO] [net.Chidoziealways.everythingjapanese.trim.ModTrimPatterns/]: Registering all Trim Patterns into DataPack Registry
[13Aug2025 12:51:21.135] [Worker-Main-1/INFO] [net.Chidoziealways.everythingjapanese.structure.ModStructuresGen/]: Bootstrapping Structures: everythingjapanese:hell_temple
[13Aug2025 12:51:21.135] [Worker-Main-1/INFO] [net.Chidoziealways.everythingjapanese.structure.ModStructuresGen/]: Finished with Bootstrap
[13Aug2025 12:51:21.143] [Worker-Main-1/INFO] [net.Chidoziealways.everythingjapanese.trim.ModTrimPatterns/]: Registering all Trim Patterns into DataPack Registry
[13Aug2025 12:51:21.780] [main/INFO] [net.minecraft.data.DataGenerator/]: Registries finished after 940 ms
[13Aug2025 12:51:21.781] [main/INFO] [net.minecraft.data.DataGenerator/]: Starting provider: Tags for minecraft:block mod id everythingjapanese
[13Aug2025 12:51:21.835] [main/INFO] [net.minecraft.data.DataGenerator/]: Tags for minecraft:block mod id everythingjapanese finished after 52 ms
[13Aug2025 12:51:21.835] [main/INFO] [net.minecraft.data.DataGenerator/]: Starting provider: Tags for minecraft:item mod id everythingjapanese
[13Aug2025 12:51:21.839] [main/INFO] [net.minecraft.data.DataGenerator/]: Tags for minecraft:item mod id everythingjapanese finished after 3 ms
[13Aug2025 12:51:21.839] [main/INFO] [net.minecraft.data.DataGenerator/]: Starting provider: Tags for minecraft:worldgen/biome mod id everythingjapanese
[13Aug2025 12:51:21.841] [main/INFO] [net.minecraft.data.DataGenerator/]: Tags for minecraft:worldgen/biome mod id everythingjapanese finished after 1 ms
[13Aug2025 12:51:21.841] [main/INFO] [net.minecraft.data.DataGenerator/]: Starting provider: Tags for minecraft:fluid mod id everythingjapanese
[13Aug2025 12:51:21.847] [main/INFO] [net.minecraft.data.DataGenerator/]: Tags for minecraft:fluid mod id everythingjapanese finished after 5 ms
[13Aug2025 12:51:21.848] [main/INFO] [net.minecraft.data.DataGenerator/]: Starting provider: Model Definitions - everythingjapanese
