[08Jun2026 16:08:14.597] [main/INFO] [net.neoforged.fml.startup.Entrypoint/]: JVM Uptime at startup: 1541ms
[08Jun2026 16:08:14.777] [main/INFO] [net.neoforged.fml.loading.FMLLoader/]: Starting FancyModLoader version 11.0.12 (CLIENT in DEV)
[08Jun2026 16:08:14.778] [main/INFO] [net.neoforged.fml.loading.FMLLoader/]: Game directory: C:\Users\Hanzo\IdeaProjects\EverythingJapanese\runs\client
[08Jun2026 16:08:16.149] [main/INFO] [net.neoforged.fml.loading.EarlyServiceDiscovery/]: Found 2 early service jars (out of 122) in 868ms
[08Jun2026 16:08:16.156] [main/INFO] [net.neoforged.fml.loading.FMLLoader/]: Loading FML Early Services:
[08Jun2026 16:08:16.160] [main/INFO] [net.neoforged.fml.loading.FMLLoader/]:  - C:/Users/Hanzo/.gradle/caches/modules-2/files-2.1/net.neoforged.fancymodloader/loader/11.0.12/d884bab13450950bcb425dbe29d33e505f7153e1/loader-11.0.12.jar
[08Jun2026 16:08:16.179] [main/INFO] [net.neoforged.fml.loading.FMLLoader/]:  - C:/Users/Hanzo/.gradle/caches/modules-2/files-2.1/net.neoforged.fancymodloader/earlydisplay/11.0.12/b817db67b61923f071fa98947f92a054c8598dd1/earlydisplay-11.0.12.jar
[08Jun2026 16:08:16.239] [main/INFO] [net.neoforged.fml.loading.ImmediateWindowHandler/]: Loading ImmediateWindowProvider fmlearlywindow
[08Jun2026 16:08:35.357] [main/ERROR] [EARLYDISPLAY/]: WARNING : glfwInit took 1.4440154 seconds to start.
[08Jun2026 16:08:40.929] [ForkJoinPool.commonPool-worker-6/INFO] [net.neoforged.fml.loading.moddiscovery.locators.GameLocator/]: Detected a joined NeoForge and Minecraft configuration. Applying filtering...
[08Jun2026 16:08:41.712] [ForkJoinPool.commonPool-worker-6/INFO] [net.neoforged.fml.loading.moddiscovery.locators.InDevFolderLocator/CORE]: Got mod coordinates everythingjapanese%%C:\\Users\\Hanzo\\IdeaProjects\\EverythingJapanese\\build\\sourcesSets\\main from env
[08Jun2026 16:08:42.211] [fml-loadingscreen/INFO] [net.neoforged.fml.earlydisplay.render.LoadingScreenRenderer/]: GL info: Intel(R) UHD Graphics 620 GL version 3.3.0 - Build 31.0.101.2121, Intel
[08Jun2026 16:08:48.465] [ForkJoinPool.commonPool-worker-6/WARN] [net.neoforged.jarjar.selection.JarSelector/]: Attempted to select a dependency jar for JarJar which was passed in as source: library:thedarkcolour.kotlinforforge.lang.neoforge. Using jar(C:/Users/Hanzo/.m2/repository/thedarkcolour/kfflang-neoforge/6.5.0/kfflang-neoforge-6.5.0.jar)
[08Jun2026 16:08:48.468] [ForkJoinPool.commonPool-worker-6/WARN] [net.neoforged.jarjar.selection.JarSelector/]: Attempted to select a dependency jar for JarJar which was passed in as source: library:thedarkcolour.kotlinforforge.lib.neoforge. Using jar(C:/Users/Hanzo/.m2/repository/thedarkcolour/kfflib-neoforge/6.5.0/kfflib-neoforge-6.5.0.jar)
[08Jun2026 16:08:48.469] [ForkJoinPool.commonPool-worker-6/WARN] [net.neoforged.jarjar.selection.JarSelector/]: Attempted to select a dependency jar for JarJar which was passed in as source: library:kotlinforforge.neoforge. Using jar(C:/Users/Hanzo/.m2/repository/thedarkcolour/kotlinforforge-neoforge/6.5.0/kotlinforforge-neoforge-6.5.0.jar)
[08Jun2026 16:08:48.470] [ForkJoinPool.commonPool-worker-6/INFO] [net.neoforged.fml.loading.moddiscovery.locators.JarInJarDependencyLocator/]: Found 11 dependencies adding them to mods collection
[08Jun2026 16:08:48.480] [ForkJoinPool.commonPool-worker-6/INFO] [net.neoforged.fml.loading.moddiscovery.ModDiscoverer/]: 
     Mod List:
		Name Version (Mod Id)

		Everything Japanese 1.25.1 (everythingjapanese)
		EverythingCore 6.0.0 (everythingcore)
		GeckoLib 5 5.5 (geckolib)
		Kotlin For Forge 6.5.0 (kotlinforforge)
		Minecraft 26.1.2 (minecraft)
		NeoForge 26.1.2.13-beta (neoforge)
[08Jun2026 16:08:52.865] [main/INFO] [mixin/]: SpongePowered MIXIN Subsystem Version=0.8.7 Source=file:/C:/Users/Hanzo/.gradle/caches/modules-2/files-2.1/net.fabricmc/sponge-mixin/0.17.1+mixin.0.8.7/1cca8837fa31d8cfbde11a391f108f2bda30bca4/sponge-mixin-0.17.1+mixin.0.8.7.jar Service=FML Env=CLIENT
[08Jun2026 16:08:53.076] [main/INFO] [net.neoforged.fml.loading.FMLLoader/]: Loading FML Plugins:
[08Jun2026 16:08:53.077] [main/INFO] [net.neoforged.fml.loading.FMLLoader/]:  - C:/Users/Hanzo/.m2/repository/thedarkcolour/kotlinforforge-neoforge/6.5.0/kotlinforforge-neoforge-6.5.0.jar > kotlinx-serialization-core-jvm-1.10.0-RC.jar
[08Jun2026 16:08:53.090] [main/INFO] [net.neoforged.fml.loading.FMLLoader/]:  - C:/Users/Hanzo/.m2/repository/thedarkcolour/kotlinforforge-neoforge/6.5.0/kotlinforforge-neoforge-6.5.0.jar > kotlinx-coroutines-jdk8-1.10.2.jar
[08Jun2026 16:08:53.092] [main/INFO] [net.neoforged.fml.loading.FMLLoader/]:  - C:/Users/Hanzo/.m2/repository/thedarkcolour/kotlinforforge-neoforge/6.5.0/kotlinforforge-neoforge-6.5.0.jar > kotlin-stdlib-2.3.0.jar
[08Jun2026 16:08:53.094] [main/INFO] [net.neoforged.fml.loading.FMLLoader/]:  - C:/Users/Hanzo/.m2/repository/thedarkcolour/kotlinforforge-neoforge/6.5.0/kotlinforforge-neoforge-6.5.0.jar > kotlinx-serialization-json-jvm-1.10.0-RC.jar
[08Jun2026 16:08:53.096] [main/INFO] [net.neoforged.fml.loading.FMLLoader/]:  - C:/Users/Hanzo/.m2/repository/net/Chidoziealways/everythingcore/EverythingCore/6.0.0/EverythingCore-6.0.0.jar > luaj-jse-3.0.1.jar
[08Jun2026 16:08:53.098] [main/INFO] [net.neoforged.fml.loading.FMLLoader/]:  - C:/Users/Hanzo/.m2/repository/thedarkcolour/kotlinforforge-neoforge/6.5.0/kotlinforforge-neoforge-6.5.0.jar
[08Jun2026 16:08:53.099] [main/INFO] [net.neoforged.fml.loading.FMLLoader/]:  - C:/Users/Hanzo/.m2/repository/thedarkcolour/kotlinforforge-neoforge/6.5.0/kotlinforforge-neoforge-6.5.0.jar > kotlinx-coroutines-core-jvm-1.10.2.jar
[08Jun2026 16:08:53.101] [main/INFO] [net.neoforged.fml.loading.FMLLoader/]:  - C:/Users/Hanzo/.m2/repository/thedarkcolour/kotlinforforge-neoforge/6.5.0/kotlinforforge-neoforge-6.5.0.jar > kotlin-reflect-2.3.0.jar
[08Jun2026 16:08:53.102] [main/INFO] [net.neoforged.fml.loading.FMLLoader/]:  - C:/Users/Hanzo/.gradle/caches/modules-2/files-2.1/net.neoforged/neoforge/26.1.2.13-beta/f0115e20977dc99bc3063e2d7891385dbf9bfc20/neoforge-26.1.2.13-beta-universal.jar > net.neoforged.neoforge-coremods-26.1.2.13-beta.jar
[08Jun2026 16:08:53.105] [main/INFO] [net.neoforged.fml.loading.FMLLoader/]:  - C:/Users/Hanzo/.m2/repository/thedarkcolour/kotlinforforge-neoforge/6.5.0/kotlinforforge-neoforge-6.5.0.jar > kotlin-stdlib-jdk8-2.3.0.jar
[08Jun2026 16:08:53.106] [main/INFO] [net.neoforged.fml.loading.FMLLoader/]:  - C:/Users/Hanzo/.m2/repository/thedarkcolour/kfflang-neoforge/6.5.0/kfflang-neoforge-6.5.0.jar
[08Jun2026 16:08:53.108] [main/INFO] [net.neoforged.fml.loading.FMLLoader/]:  - C:/Users/Hanzo/.m2/repository/thedarkcolour/kotlinforforge-neoforge/6.5.0/kotlinforforge-neoforge-6.5.0.jar > kotlin-stdlib-jdk7-2.3.0.jar
[08Jun2026 16:08:54.207] [main/INFO] [net.neoforged.fml.loading.FMLLoader/]: Building game content classloader:
 - everythingcore (jar(C:/Users/Hanzo/.m2/repository/net/Chidoziealways/everythingcore/EverythingCore/6.0.0/EverythingCore-6.0.0.jar))
 - everythingjapanese (folder(C:/Users/Hanzo/IdeaProjects/EverythingJapanese/build/sourcesSets/main))
 - geckolib (jar(C:/Users/Hanzo/.gradle/caches/modules-2/files-2.1/com.geckolib/geckolib-neoforge-26.1/5.5/cbcfee34b9037c5363151a95d2b98c0e6f78659d/geckolib-neoforge-26.1-5.5.jar))
 - kotlinforforge (jar(C:/Users/Hanzo/.m2/repository/thedarkcolour/kffmod-neoforge/6.5.0/kffmod-neoforge-6.5.0.jar))
 - minecraft (composite(filtered(jar(C:/Users/Hanzo/IdeaProjects/EverythingJapanese/build/moddev/artifacts/minecraft-patched-26.1.2.13-beta.jar)), filtered(jar(C:/Users/Hanzo/IdeaProjects/EverythingJapanese/build/moddev/artifacts/minecraft-patched-26.1.2.13-beta.jar))))
 - mixinextras.neoforge (jar(C:/Users/Hanzo/.gradle/caches/modules-2/files-2.1/net.neoforged/neoforge/26.1.2.13-beta/f0115e20977dc99bc3063e2d7891385dbf9bfc20/neoforge-26.1.2.13-beta-universal.jar > mixinextras-neoforge-0.5.3.jar))
 - neoforge (composite(filtered(jar(C:/Users/Hanzo/.gradle/caches/modules-2/files-2.1/net.neoforged/neoforge/26.1.2.13-beta/f0115e20977dc99bc3063e2d7891385dbf9bfc20/neoforge-26.1.2.13-beta-universal.jar))))
 - net.neoforged.fml.generated (empty(VirtualJar/net.neoforged.fml.generated))
 - thedarkcolour.kotlinforforge.lib.neoforge (jar(C:/Users/Hanzo/.m2/repository/thedarkcolour/kfflib-neoforge/6.5.0/kfflib-neoforge-6.5.0.jar))
[08Jun2026 16:08:54.625] [main/INFO] [net.neoforged.fml.loading.FMLLoader/]: Built game content classloader in 545ms
[08Jun2026 16:08:55.267] [main/INFO] [mixin/]: Compatibility level set to JAVA_25
[08Jun2026 16:08:55.729] [main/WARN] [mixin/]: Reference map 'everythingjapanese.refmap.json' for everythingjapanese.mixins.json could not be read. If this is a development environment you can ignore this message
[08Jun2026 16:09:05.975] [main/INFO] [MixinExtras|Service/]: Initializing MixinExtras via com.llamalad7.mixinextras.service.MixinExtrasServiceImpl(version=0.5.3).
[08Jun2026 16:09:22.392] [Datafixer Bootstrap/INFO] [com.mojang.datafixers.DataFixerBuilder/]: 296 Datafixer optimizations took 9704 milliseconds
[08Jun2026 16:10:05.819] [main/WARN] [net.minecraft.commands.Commands/]: Ambiguity between arguments [teleport, location] and [teleport, destination] with inputs: [0.1 -0.5 .9, 0 0 0]
[08Jun2026 16:10:05.835] [main/WARN] [net.minecraft.commands.Commands/]: Ambiguity between arguments [teleport, location] and [teleport, targets] with inputs: [0.1 -0.5 .9, 0 0 0]
[08Jun2026 16:10:05.862] [main/WARN] [net.minecraft.commands.Commands/]: Ambiguity between arguments [teleport, destination] and [teleport, targets] with inputs: [Player, 0123, @e, dd12be42-52a9-4a91-a8a1-11c01849e498]
[08Jun2026 16:10:05.868] [main/WARN] [net.minecraft.commands.Commands/]: Ambiguity between arguments [teleport, targets] and [teleport, destination] with inputs: [Player, 0123, dd12be42-52a9-4a91-a8a1-11c01849e498]
[08Jun2026 16:10:05.874] [main/WARN] [net.minecraft.commands.Commands/]: Ambiguity between arguments [teleport, targets, location] and [teleport, targets, destination] with inputs: [0.1 -0.5 .9, 0 0 0]
[08Jun2026 16:10:05.881] [main/WARN] [net.minecraft.commands.Commands/]: Ambiguity between arguments [time, set, time] and [time, set, timemarker] with inputs: [0, 0s, 0d, 0t]
[08Jun2026 16:10:05.887] [main/WARN] [net.minecraft.commands.Commands/]: Ambiguity between arguments [time, set, timemarker] and [time, set, time] with inputs: [012]
[08Jun2026 16:10:05.892] [main/WARN] [net.minecraft.commands.Commands/]: Ambiguity between arguments [time, of, clock, set, time] and [time, of, clock, set, timemarker] with inputs: [0, 0s, 0d, 0t]
[08Jun2026 16:10:05.896] [main/WARN] [net.minecraft.commands.Commands/]: Ambiguity between arguments [time, of, clock, set, timemarker] and [time, of, clock, set, time] with inputs: [012]
[08Jun2026 16:10:05.901] [main/WARN] [net.minecraft.commands.Commands/]: Ambiguity between arguments [waypoint, modify, waypoint, color, reset] and [waypoint, modify, waypoint, color, color] with inputs: [reset]
[08Jun2026 16:10:06.311] [modloading-worker-0/INFO] [net.neoforged.neoforge.common.NeoForgeMod/NEOFORGE-MOD]: NeoForge mod loading, version 26.1.2.13-beta, for MC 26.1.2
[08Jun2026 16:10:08.359] [modloading-worker-0/INFO] [everythingcore/]: Hello world!
[08Jun2026 16:10:09.582] [modloading-worker-0/INFO] [net.Chidoziealways.everythingjapanese.EverythingJapanese/]: Attempting to register block: pyrite_block
[08Jun2026 16:10:09.586] [modloading-worker-0/INFO] [net.Chidoziealways.everythingjapanese.EverythingJapanese/]: Registering BlockItem for: pyrite_block
[08Jun2026 16:10:09.852] [modloading-worker-0/INFO] [net.Chidoziealways.everythingjapanese.EverythingJapanese/]: Attempting to register block: cursed_block
[08Jun2026 16:10:09.853] [modloading-worker-0/INFO] [net.Chidoziealways.everythingjapanese.EverythingJapanese/]: Registering BlockItem for: cursed_block
[08Jun2026 16:10:09.855] [modloading-worker-0/INFO] [net.Chidoziealways.everythingjapanese.EverythingJapanese/]: Attempting to register block: nephrite_block
[08Jun2026 16:10:09.855] [modloading-worker-0/INFO] [net.Chidoziealways.everythingjapanese.EverythingJapanese/]: Registering BlockItem for: nephrite_block
[08Jun2026 16:10:09.857] [modloading-worker-0/INFO] [net.Chidoziealways.everythingjapanese.EverythingJapanese/]: Attempting to register block: raw_pyrite_block
[08Jun2026 16:10:09.857] [modloading-worker-0/INFO] [net.Chidoziealways.everythingjapanese.EverythingJapanese/]: Registering BlockItem for: raw_pyrite_block
[08Jun2026 16:10:09.861] [modloading-worker-0/INFO] [net.Chidoziealways.everythingjapanese.EverythingJapanese/]: Attempting to register block: washi_window
[08Jun2026 16:10:09.861] [modloading-worker-0/INFO] [net.Chidoziealways.everythingjapanese.EverythingJapanese/]: Registering BlockItem for: washi_window
[08Jun2026 16:10:09.862] [modloading-worker-0/INFO] [net.Chidoziealways.everythingjapanese.EverythingJapanese/]: Attempting to register block: washi_window_pane
[08Jun2026 16:10:09.864] [modloading-worker-0/INFO] [net.Chidoziealways.everythingjapanese.EverythingJapanese/]: Registering BlockItem for: washi_window_pane
[08Jun2026 16:10:09.866] [modloading-worker-0/INFO] [net.Chidoziealways.everythingjapanese.EverythingJapanese/]: Attempting to register block: shoji_window
[08Jun2026 16:10:09.870] [modloading-worker-0/INFO] [net.Chidoziealways.everythingjapanese.EverythingJapanese/]: Registering BlockItem for: shoji_window
[08Jun2026 16:10:09.871] [modloading-worker-0/INFO] [net.Chidoziealways.everythingjapanese.EverythingJapanese/]: Attempting to register block: shoji_window_pane
[08Jun2026 16:10:09.872] [modloading-worker-0/INFO] [net.Chidoziealways.everythingjapanese.EverythingJapanese/]: Registering BlockItem for: shoji_window_pane
[08Jun2026 16:10:09.881] [modloading-worker-0/INFO] [net.Chidoziealways.everythingjapanese.EverythingJapanese/]: Attempting to register block: shoji_door
[08Jun2026 16:10:09.881] [modloading-worker-0/INFO] [net.Chidoziealways.everythingjapanese.EverythingJapanese/]: Registering BlockItem for: shoji_door
[08Jun2026 16:10:09.884] [modloading-worker-0/INFO] [net.Chidoziealways.everythingjapanese.EverythingJapanese/]: Attempting to register block: chabudai
[08Jun2026 16:10:09.884] [modloading-worker-0/INFO] [net.Chidoziealways.everythingjapanese.EverythingJapanese/]: Registering BlockItem for: chabudai
[08Jun2026 16:10:09.889] [modloading-worker-0/INFO] [net.Chidoziealways.everythingjapanese.EverythingJapanese/]: Attempting to register block: fusuma_door
[08Jun2026 16:10:09.889] [modloading-worker-0/INFO] [net.Chidoziealways.everythingjapanese.EverythingJapanese/]: Registering BlockItem for: fusuma_door
[08Jun2026 16:10:09.894] [modloading-worker-0/INFO] [net.Chidoziealways.everythingjapanese.EverythingJapanese/]: Attempting to register block: pedestal
[08Jun2026 16:10:09.895] [modloading-worker-0/INFO] [net.Chidoziealways.everythingjapanese.EverythingJapanese/]: Registering BlockItem for: pedestal
[08Jun2026 16:10:09.905] [modloading-worker-0/INFO] [net.Chidoziealways.everythingjapanese.EverythingJapanese/]: Attempting to register block: hanging_scroll
[08Jun2026 16:10:09.905] [modloading-worker-0/INFO] [net.Chidoziealways.everythingjapanese.EverythingJapanese/]: Registering BlockItem for: hanging_scroll
[08Jun2026 16:10:09.906] [modloading-worker-0/INFO] [net.Chidoziealways.everythingjapanese.EverythingJapanese/]: Attempting to register block: pyrite_ore
[08Jun2026 16:10:09.907] [modloading-worker-0/INFO] [net.Chidoziealways.everythingjapanese.EverythingJapanese/]: Registering BlockItem for: pyrite_ore
[08Jun2026 16:10:09.907] [modloading-worker-0/INFO] [net.Chidoziealways.everythingjapanese.EverythingJapanese/]: Attempting to register block: pyrite_deepslate_ore
[08Jun2026 16:10:09.909] [modloading-worker-0/INFO] [net.Chidoziealways.everythingjapanese.EverythingJapanese/]: Registering BlockItem for: pyrite_deepslate_ore
[08Jun2026 16:10:09.909] [modloading-worker-0/INFO] [net.Chidoziealways.everythingjapanese.EverythingJapanese/]: Attempting to register block: nephrite_ore
[08Jun2026 16:10:09.911] [modloading-worker-0/INFO] [net.Chidoziealways.everythingjapanese.EverythingJapanese/]: Registering BlockItem for: nephrite_ore
[08Jun2026 16:10:09.912] [modloading-worker-0/INFO] [net.Chidoziealways.everythingjapanese.EverythingJapanese/]: Attempting to register block: nephrite_deepslate_ore
[08Jun2026 16:10:09.915] [modloading-worker-0/INFO] [net.Chidoziealways.everythingjapanese.EverythingJapanese/]: Registering BlockItem for: nephrite_deepslate_ore
[08Jun2026 16:10:09.921] [modloading-worker-0/INFO] [net.Chidoziealways.everythingjapanese.EverythingJapanese/]: Attempting to register block: money_vault_block
[08Jun2026 16:10:09.922] [modloading-worker-0/INFO] [net.Chidoziealways.everythingjapanese.EverythingJapanese/]: Registering BlockItem for: money_vault_block
[08Jun2026 16:10:09.935] [modloading-worker-0/INFO] [net.Chidoziealways.everythingjapanese.EverythingJapanese/]: Attempting to register block: transformer_block
[08Jun2026 16:10:09.935] [modloading-worker-0/INFO] [net.Chidoziealways.everythingjapanese.EverythingJapanese/]: Registering BlockItem for: transformer_block
[08Jun2026 16:10:09.939] [modloading-worker-0/INFO] [net.Chidoziealways.everythingjapanese.EverythingJapanese/]: Attempting to register block: growth_chamber
[08Jun2026 16:10:09.941] [modloading-worker-0/INFO] [net.Chidoziealways.everythingjapanese.EverythingJapanese/]: Registering BlockItem for: growth_chamber
[08Jun2026 16:10:09.961] [modloading-worker-0/INFO] [net.Chidoziealways.everythingjapanese.EverythingJapanese/]: Attempting to register block: chocolate_cake
[08Jun2026 16:10:09.966] [modloading-worker-0/INFO] [net.Chidoziealways.everythingjapanese.EverythingJapanese/]: Registering BlockItem for: chocolate_cake
[08Jun2026 16:10:09.973] [modloading-worker-0/INFO] [net.Chidoziealways.everythingjapanese.EverythingJapanese/]: Attempting to register block: japanese_cheesecake
[08Jun2026 16:10:09.974] [modloading-worker-0/INFO] [net.Chidoziealways.everythingjapanese.EverythingJapanese/]: Registering BlockItem for: japanese_cheesecake
[08Jun2026 16:10:09.987] [modloading-worker-0/INFO] [net.Chidoziealways.everythingjapanese.EverythingJapanese/]: Attempting to register block: hinoki_maruta
[08Jun2026 16:10:09.989] [modloading-worker-0/INFO] [net.Chidoziealways.everythingjapanese.EverythingJapanese/]: Registering BlockItem for: hinoki_maruta
[08Jun2026 16:10:09.996] [modloading-worker-0/INFO] [net.Chidoziealways.everythingjapanese.EverythingJapanese/]: Attempting to register block: hinoki_ban
[08Jun2026 16:10:09.997] [modloading-worker-0/INFO] [net.Chidoziealways.everythingjapanese.EverythingJapanese/]: Registering BlockItem for: hinoki_ban
[08Jun2026 16:10:09.999] [modloading-worker-0/INFO] [net.Chidoziealways.everythingjapanese.EverythingJapanese/]: Attempting to register block: hinoki_stairs
[08Jun2026 16:10:10.001] [modloading-worker-0/INFO] [net.Chidoziealways.everythingjapanese.EverythingJapanese/]: Registering BlockItem for: hinoki_stairs
[08Jun2026 16:10:10.002] [modloading-worker-0/INFO] [net.Chidoziealways.everythingjapanese.EverythingJapanese/]: Attempting to register block: hinoki_slab
[08Jun2026 16:10:10.006] [modloading-worker-0/INFO] [net.Chidoziealways.everythingjapanese.EverythingJapanese/]: Registering BlockItem for: hinoki_slab
[08Jun2026 16:10:10.007] [modloading-worker-0/INFO] [net.Chidoziealways.everythingjapanese.EverythingJapanese/]: Attempting to register block: hinoki_pressure_plate
[08Jun2026 16:10:10.008] [modloading-worker-0/INFO] [net.Chidoziealways.everythingjapanese.EverythingJapanese/]: Registering BlockItem for: hinoki_pressure_plate
[08Jun2026 16:10:10.009] [modloading-worker-0/INFO] [net.Chidoziealways.everythingjapanese.EverythingJapanese/]: Attempting to register block: hinoki_button
[08Jun2026 16:10:10.009] [modloading-worker-0/INFO] [net.Chidoziealways.everythingjapanese.EverythingJapanese/]: Registering BlockItem for: hinoki_button
[08Jun2026 16:10:10.010] [modloading-worker-0/INFO] [net.Chidoziealways.everythingjapanese.EverythingJapanese/]: Attempting to register block: hinoki_fence
[08Jun2026 16:10:10.011] [modloading-worker-0/INFO] [net.Chidoziealways.everythingjapanese.EverythingJapanese/]: Registering BlockItem for: hinoki_fence
[08Jun2026 16:10:10.011] [modloading-worker-0/INFO] [net.Chidoziealways.everythingjapanese.EverythingJapanese/]: Attempting to register block: hinoki_fence_gate
[08Jun2026 16:10:10.012] [modloading-worker-0/INFO] [net.Chidoziealways.everythingjapanese.EverythingJapanese/]: Registering BlockItem for: hinoki_fence_gate
[08Jun2026 16:10:10.012] [modloading-worker-0/INFO] [net.Chidoziealways.everythingjapanese.EverythingJapanese/]: Attempting to register block: hinoki_mokuzai
[08Jun2026 16:10:10.014] [modloading-worker-0/INFO] [net.Chidoziealways.everythingjapanese.EverythingJapanese/]: Registering BlockItem for: hinoki_mokuzai
[08Jun2026 16:10:10.015] [modloading-worker-0/INFO] [net.Chidoziealways.everythingjapanese.EverythingJapanese/]: Attempting to register block: stripped_hinoki_maruta
[08Jun2026 16:10:10.015] [modloading-worker-0/INFO] [net.Chidoziealways.everythingjapanese.EverythingJapanese/]: Registering BlockItem for: stripped_hinoki_maruta
[08Jun2026 16:10:10.016] [modloading-worker-0/INFO] [net.Chidoziealways.everythingjapanese.EverythingJapanese/]: Attempting to register block: stripped_hinoki_mokuzai
[08Jun2026 16:10:10.016] [modloading-worker-0/INFO] [net.Chidoziealways.everythingjapanese.EverythingJapanese/]: Registering BlockItem for: stripped_hinoki_mokuzai
[08Jun2026 16:10:10.017] [modloading-worker-0/INFO] [net.Chidoziealways.everythingjapanese.EverythingJapanese/]: Attempting to register block: hinoki_ha
[08Jun2026 16:10:10.017] [modloading-worker-0/INFO] [net.Chidoziealways.everythingjapanese.EverythingJapanese/]: Registering BlockItem for: hinoki_ha
[08Jun2026 16:10:10.020] [modloading-worker-0/INFO] [net.Chidoziealways.everythingjapanese.EverythingJapanese/]: Attempting to register block: hinoki_naegi
[08Jun2026 16:10:10.020] [modloading-worker-0/INFO] [net.Chidoziealways.everythingjapanese.EverythingJapanese/]: Registering BlockItem for: hinoki_naegi
[08Jun2026 16:10:10.021] [modloading-worker-0/INFO] [net.Chidoziealways.everythingjapanese.EverythingJapanese/]: Attempting to register block: potted_hinoki_naegi
[08Jun2026 16:10:10.021] [modloading-worker-0/INFO] [net.Chidoziealways.everythingjapanese.EverythingJapanese/]: Registering BlockItem for: potted_hinoki_naegi
[08Jun2026 16:10:10.028] [modloading-worker-0/INFO] [net.Chidoziealways.everythingjapanese.EverythingJapanese/]: Attempting to register block: pyrite_stairs
[08Jun2026 16:10:10.028] [modloading-worker-0/INFO] [net.Chidoziealways.everythingjapanese.EverythingJapanese/]: Registering BlockItem for: pyrite_stairs
[08Jun2026 16:10:10.030] [modloading-worker-0/INFO] [net.Chidoziealways.everythingjapanese.EverythingJapanese/]: Attempting to register block: pyrite_slab
[08Jun2026 16:10:10.032] [modloading-worker-0/INFO] [net.Chidoziealways.everythingjapanese.EverythingJapanese/]: Registering BlockItem for: pyrite_slab
[08Jun2026 16:10:10.034] [modloading-worker-0/INFO] [net.Chidoziealways.everythingjapanese.EverythingJapanese/]: Attempting to register block: pyrite_pressure_plate
[08Jun2026 16:10:10.034] [modloading-worker-0/INFO] [net.Chidoziealways.everythingjapanese.EverythingJapanese/]: Registering BlockItem for: pyrite_pressure_plate
[08Jun2026 16:10:10.035] [modloading-worker-0/INFO] [net.Chidoziealways.everythingjapanese.EverythingJapanese/]: Attempting to register block: pyrite_button
[08Jun2026 16:10:10.035] [modloading-worker-0/INFO] [net.Chidoziealways.everythingjapanese.EverythingJapanese/]: Registering BlockItem for: pyrite_button
[08Jun2026 16:10:10.037] [modloading-worker-0/INFO] [net.Chidoziealways.everythingjapanese.EverythingJapanese/]: Attempting to register block: pyrite_fence
[08Jun2026 16:10:10.037] [modloading-worker-0/INFO] [net.Chidoziealways.everythingjapanese.EverythingJapanese/]: Registering BlockItem for: pyrite_fence
[08Jun2026 16:10:10.040] [modloading-worker-0/INFO] [net.Chidoziealways.everythingjapanese.EverythingJapanese/]: Attempting to register block: pyrite_fence_gate
[08Jun2026 16:10:10.040] [modloading-worker-0/INFO] [net.Chidoziealways.everythingjapanese.EverythingJapanese/]: Registering BlockItem for: pyrite_fence_gate
[08Jun2026 16:10:10.041] [modloading-worker-0/INFO] [net.Chidoziealways.everythingjapanese.EverythingJapanese/]: Attempting to register block: pyrite_wall
[08Jun2026 16:10:10.042] [modloading-worker-0/INFO] [net.Chidoziealways.everythingjapanese.EverythingJapanese/]: Registering BlockItem for: pyrite_wall
[08Jun2026 16:10:10.043] [modloading-worker-0/INFO] [net.Chidoziealways.everythingjapanese.EverythingJapanese/]: Attempting to register block: pyrite_door
[08Jun2026 16:10:10.044] [modloading-worker-0/INFO] [net.Chidoziealways.everythingjapanese.EverythingJapanese/]: Registering BlockItem for: pyrite_door
[08Jun2026 16:10:10.045] [modloading-worker-0/INFO] [net.Chidoziealways.everythingjapanese.EverythingJapanese/]: Attempting to register block: pyrite_trapdoor
[08Jun2026 16:10:10.046] [modloading-worker-0/INFO] [net.Chidoziealways.everythingjapanese.EverythingJapanese/]: Registering BlockItem for: pyrite_trapdoor
[08Jun2026 16:10:10.062] [modloading-worker-0/INFO] [net.Chidoziealways.everythingjapanese.EverythingJapanese/]: Attempting to register block: pyrite_lamp
[08Jun2026 16:10:10.064] [modloading-worker-0/INFO] [net.Chidoziealways.everythingjapanese.EverythingJapanese/]: Registering BlockItem for: pyrite_lamp
[08Jun2026 16:10:10.143] [modloading-worker-0/INFO] [net.Chidoziealways.everythingjapanese.EverythingJapanese/]: Attempting to register block: chair
[08Jun2026 16:10:10.143] [modloading-worker-0/INFO] [net.Chidoziealways.everythingjapanese.EverythingJapanese/]: Registering BlockItem for: chair
[08Jun2026 16:10:10.174] [modloading-worker-0/INFO] [net.Chidoziealways.everythingjapanese.EverythingJapanese/]: Attempting to register block: zabuton_blue
[08Jun2026 16:10:10.174] [modloading-worker-0/INFO] [net.Chidoziealways.everythingjapanese.EverythingJapanese/]: Registering BlockItem for: zabuton_blue
[08Jun2026 16:10:10.175] [modloading-worker-0/INFO] [net.Chidoziealways.everythingjapanese.EverythingJapanese/]: Attempting to register block: zabuton_green
[08Jun2026 16:10:10.175] [modloading-worker-0/INFO] [net.Chidoziealways.everythingjapanese.EverythingJapanese/]: Registering BlockItem for: zabuton_green
[08Jun2026 16:10:10.176] [modloading-worker-0/INFO] [net.Chidoziealways.everythingjapanese.EverythingJapanese/]: Attempting to register block: zabuton_red
[08Jun2026 16:10:10.176] [modloading-worker-0/INFO] [net.Chidoziealways.everythingjapanese.EverythingJapanese/]: Registering BlockItem for: zabuton_red
[08Jun2026 16:10:10.212] [modloading-worker-0/INFO] [net.Chidoziealways.everythingjapanese.EverythingJapanese/]: Attempting to register block: tatami_mat
[08Jun2026 16:10:10.212] [modloading-worker-0/INFO] [net.Chidoziealways.everythingjapanese.EverythingJapanese/]: Registering BlockItem for: tatami_mat
[08Jun2026 16:10:10.213] [modloading-worker-0/INFO] [net.Chidoziealways.everythingjapanese.EverythingJapanese/]: Attempting to register block: japanese_flag
[08Jun2026 16:10:10.213] [modloading-worker-0/INFO] [net.Chidoziealways.everythingjapanese.EverythingJapanese/]: Registering BlockItem for: japanese_flag
[08Jun2026 16:10:10.460] [modloading-worker-0/INFO] [net.Chidoziealways.everythingjapanese.EverythingJapanese/]: REGISTERING EVERY SINGLE DATA COMPONENT IN MODDATACOMPONENTTYPES
[08Jun2026 16:10:10.500] [modloading-worker-0/INFO] [net.Chidoziealways.everythingjapanese.EverythingJapanese/]: REGISTERING EVERY SINGLE ITEM IN MODITEMS
[08Jun2026 16:10:10.521] [modloading-worker-0/INFO] [net.Chidoziealways.everythingjapanese.EverythingJapanese/]: REGISTERING EVERY SINGLE CREATIVEMODETAB IN MODCREATIVEMODETABS
[08Jun2026 16:10:11.639] [modloading-sync-worker/INFO] [net.Chidoziealways.everythingcore.event.SharedRegistryEvents/MODREGISTRYEVENTS]: Registering Custom Registries
[08Jun2026 16:10:11.640] [modloading-sync-worker/INFO] [net.Chidoziealways.everythingcore.event.SharedRegistryEvents/MODREGISTRYEVENTS]: Finished Registering Registries
[08Jun2026 16:10:11.643] [modloading-sync-worker/INFO] [net.Chidoziealways.everythingjapanese.event.ModRegistryEvents/MODREGISTRYEVENTS]: Registering Custom Registries
[08Jun2026 16:10:11.643] [modloading-sync-worker/INFO] [net.Chidoziealways.everythingjapanese.event.ModRegistryEvents/MODREGISTRYEVENTS]: Finished Registering Registries
[08Jun2026 16:10:11.644] [modloading-sync-worker/INFO] [net.Chidoziealways.everythingcore.event.SharedRegistryEvents/MODREGISTRYEVENTS]: Registering Custom Datapack Registries
[08Jun2026 16:10:11.665] [modloading-sync-worker/INFO] [net.Chidoziealways.everythingcore.event.SharedRegistryEvents/MODREGISTRYEVENTS]: Finished Registering Datapack Registries
[08Jun2026 16:10:11.666] [modloading-sync-worker/INFO] [net.Chidoziealways.everythingjapanese.event.ModRegistryEvents/MODREGISTRYEVENTS]: Registering Custom Datapack Registries
[08Jun2026 16:10:11.698] [modloading-sync-worker/INFO] [net.Chidoziealways.everythingjapanese.event.ModRegistryEvents/MODREGISTRYEVENTS]: Finished Registering Datapack Registries
[08Jun2026 16:10:13.481] [modloading-sync-worker/ERROR] [net.minecraft.util.Util/]: Entity everythingjapanese:aspiration has no attributes
[08Jun2026 16:10:13.757] [main/INFO] [net.minecraft.client.main.Main/]: Completely ignored arguments: [-mixin.config=everythingjapanese.mixins.json]
[08Jun2026 16:10:14.879] [Render thread/INFO] [com.mojang.authlib.yggdrasil.YggdrasilAuthenticationService/]: Environment: Environment[sessionHost=https://sessionserver.mojang.com, servicesHost=https://api.minecraftservices.com, profilesHost=https://api.mojang.com, name=PROD]
[08Jun2026 16:10:14.969] [Render thread/INFO] [net.minecraft.client.Minecraft/]: Setting user: Dev
[08Jun2026 16:10:15.564] [Render thread/INFO] [net.minecraft.client.Minecraft/]: Backend library: LWJGL version 3.4.1+2
[08Jun2026 16:10:16.622] [Render thread/INFO] [net.minecraft.client.Minecraft/]: Using optional rendering extensions: GL_ARB_buffer_storage, GL_KHR_debug, GL_ARB_vertex_attrib_binding, GL_ARB_direct_state_access, GL_EXT_texture_filter_anisotropic
[08Jun2026 16:10:28.052] [Render thread/INFO] [net.minecraft.server.packs.resources.ReloadableResourceManager/]: Reloading ResourceManager: vanilla, mod_resources, mod/everythingcore, mod/kotlinforforge, mod/everythingjapanese, mod/geckolib, mod/neoforge
[08Jun2026 16:10:28.104] [resourceLoad/INFO] [everythingcore/]: Hello! This is working!
[08Jun2026 16:10:28.980] [resourceLoad/ERROR] [net.minecraft.client.renderer.texture.atlas.SpriteResourceLoader/]: Using missing texture, unable to load everythingjapanese:block/chabudai
java.io.IOException: PNG header missing
	at TRANSFORMER/minecraft@26.1.2/net.minecraft.util.PngInfo.validateHeader(PngInfo.java:47) ~[minecraft-patched-26.1.2.13-beta.jar:?]
	at TRANSFORMER/minecraft@26.1.2/com.mojang.blaze3d.platform.NativeImage.read(NativeImage.java:161) ~[minecraft-patched-26.1.2.13-beta.jar:?]
	at TRANSFORMER/minecraft@26.1.2/com.mojang.blaze3d.platform.NativeImage.read(NativeImage.java:111) ~[minecraft-patched-26.1.2.13-beta.jar:?]
	at TRANSFORMER/minecraft@26.1.2/com.mojang.blaze3d.platform.NativeImage.read(NativeImage.java:102) ~[minecraft-patched-26.1.2.13-beta.jar:?]
	at TRANSFORMER/minecraft@26.1.2/net.minecraft.client.renderer.texture.atlas.SpriteResourceLoader.lambda$create$0(SpriteResourceLoader.java:46) ~[minecraft-patched-26.1.2.13-beta.jar:?]
	at TRANSFORMER/minecraft@26.1.2/net.minecraft.client.renderer.texture.atlas.SpriteResourceLoader.loadSprite(SpriteResourceLoader.java:76) ~[minecraft-patched-26.1.2.13-beta.jar:?]
	at TRANSFORMER/minecraft@26.1.2/net.minecraft.client.renderer.texture.atlas.SpriteSource$Output.lambda$add$0(SpriteSource.java:37) ~[minecraft-patched-26.1.2.13-beta.jar:?]
	at TRANSFORMER/minecraft@26.1.2/net.minecraft.client.renderer.texture.SpriteLoader.lambda$runSpriteSuppliers$1(SpriteLoader.java:123) ~[minecraft-patched-26.1.2.13-beta.jar:?]
	at java.base/java.util.concurrent.CompletableFuture$AsyncSupply.run(CompletableFuture.java:1789) ~[?:?]
	at TRANSFORMER/minecraft@26.1.2/net.minecraft.server.packs.resources.SimpleReloadInstance.lambda$prepareTasks$1(SimpleReloadInstance.java:68) ~[minecraft-patched-26.1.2.13-beta.jar:?]
	at TRANSFORMER/minecraft@26.1.2/net.minecraft.TracingExecutor.lambda$forName$1(TracingExecutor.java:18) ~[minecraft-patched-26.1.2.13-beta.jar:?]
	at java.base/java.util.concurrent.ForkJoinTask$RunnableExecuteAction.compute(ForkJoinTask.java:1750) [?:?]
	at java.base/java.util.concurrent.ForkJoinTask$RunnableExecuteAction.compute(ForkJoinTask.java:1742) [?:?]
	at java.base/java.util.concurrent.ForkJoinTask$InterruptibleTask.exec(ForkJoinTask.java:1659) [?:?]
	at java.base/java.util.concurrent.ForkJoinTask.doExec(ForkJoinTask.java:511) [?:?]
	at java.base/java.util.concurrent.ForkJoinPool$WorkQueue.topLevelExec(ForkJoinPool.java:1450) [?:?]
	at java.base/java.util.concurrent.ForkJoinPool.runWorker(ForkJoinPool.java:2019) [?:?]
	at java.base/java.util.concurrent.ForkJoinWorkerThread.run(ForkJoinWorkerThread.java:187) [?:?]
[08Jun2026 16:10:30.931] [resourceLoad/INFO] [net.minecraft.client.gui.font.providers.UnihexProvider/]: Found unifont_pua-17.0.01.hex, loading
[08Jun2026 16:10:30.931] [resourceLoad/INFO] [net.minecraft.client.gui.font.providers.UnihexProvider/]: Found unifont_all_no_pua-17.0.01.hex, loading
[08Jun2026 16:10:31.978] [resourceLoad/ERROR] [net.minecraft.client.renderer.texture.atlas.SpriteResourceLoader/]: Using missing texture, unable to load everythingjapanese:item/fish_hook
java.io.IOException: PNG header missing
	at TRANSFORMER/minecraft@26.1.2/net.minecraft.util.PngInfo.validateHeader(PngInfo.java:47) ~[minecraft-patched-26.1.2.13-beta.jar:?]
	at TRANSFORMER/minecraft@26.1.2/com.mojang.blaze3d.platform.NativeImage.read(NativeImage.java:161) ~[minecraft-patched-26.1.2.13-beta.jar:?]
	at TRANSFORMER/minecraft@26.1.2/com.mojang.blaze3d.platform.NativeImage.read(NativeImage.java:111) ~[minecraft-patched-26.1.2.13-beta.jar:?]
	at TRANSFORMER/minecraft@26.1.2/com.mojang.blaze3d.platform.NativeImage.read(NativeImage.java:102) ~[minecraft-patched-26.1.2.13-beta.jar:?]
	at TRANSFORMER/minecraft@26.1.2/net.minecraft.client.renderer.texture.atlas.SpriteResourceLoader.lambda$create$0(SpriteResourceLoader.java:46) ~[minecraft-patched-26.1.2.13-beta.jar:?]
	at TRANSFORMER/minecraft@26.1.2/net.minecraft.client.renderer.texture.atlas.SpriteResourceLoader.loadSprite(SpriteResourceLoader.java:76) ~[minecraft-patched-26.1.2.13-beta.jar:?]
	at TRANSFORMER/minecraft@26.1.2/net.minecraft.client.renderer.texture.atlas.SpriteSource$Output.lambda$add$0(SpriteSource.java:37) ~[minecraft-patched-26.1.2.13-beta.jar:?]
	at TRANSFORMER/minecraft@26.1.2/net.minecraft.client.renderer.texture.SpriteLoader.lambda$runSpriteSuppliers$1(SpriteLoader.java:123) ~[minecraft-patched-26.1.2.13-beta.jar:?]
	at java.base/java.util.concurrent.CompletableFuture$AsyncSupply.run(CompletableFuture.java:1789) ~[?:?]
	at TRANSFORMER/minecraft@26.1.2/net.minecraft.server.packs.resources.SimpleReloadInstance.lambda$prepareTasks$1(SimpleReloadInstance.java:68) ~[minecraft-patched-26.1.2.13-beta.jar:?]
	at TRANSFORMER/minecraft@26.1.2/net.minecraft.TracingExecutor.lambda$forName$1(TracingExecutor.java:18) ~[minecraft-patched-26.1.2.13-beta.jar:?]
	at java.base/java.util.concurrent.ForkJoinTask$RunnableExecuteAction.compute(ForkJoinTask.java:1750) [?:?]
	at java.base/java.util.concurrent.ForkJoinTask$RunnableExecuteAction.compute(ForkJoinTask.java:1742) [?:?]
	at java.base/java.util.concurrent.ForkJoinTask$InterruptibleTask.exec(ForkJoinTask.java:1659) [?:?]
	at java.base/java.util.concurrent.ForkJoinTask.doExec(ForkJoinTask.java:511) [?:?]
	at java.base/java.util.concurrent.ForkJoinPool$WorkQueue.topLevelExec(ForkJoinPool.java:1450) [?:?]
	at java.base/java.util.concurrent.ForkJoinPool.runWorker(ForkJoinPool.java:2019) [?:?]
	at java.base/java.util.concurrent.ForkJoinWorkerThread.run(ForkJoinWorkerThread.java:187) [?:?]
[08Jun2026 16:10:33.485] [resourceLoad/INFO] [net.minecraft.client.gui.font.providers.UnihexProvider/]: Found unifont_jp_patch-17.0.01.hex, loading
[08Jun2026 16:10:39.346] [resourceLoad/WARN] [net.minecraft.client.resources.model.ModelDiscovery/]: Missing block model: minecraft:builtin/entity
[08Jun2026 16:10:40.273] [resourceLoad/WARN] [net.minecraft.client.resources.model.SimpleModelWrapper/]: Rejecting block model minecraft:builtin/missing, since it contains sprites from outside of supported atlas: {minecraft:textures/atlas/items.png=[minecraft:missingno]}
[08Jun2026 16:10:40.284] [resourceLoad/WARN] [net.minecraft.client.resources.model.SimpleModelWrapper/]: Rejecting block model minecraft:builtin/missing, since it contains sprites from outside of supported atlas: {minecraft:textures/atlas/items.png=[minecraft:missingno]}
[08Jun2026 16:10:40.291] [resourceLoad/WARN] [net.minecraft.client.resources.model.SimpleModelWrapper/]: Rejecting block model minecraft:builtin/missing, since it contains sprites from outside of supported atlas: {minecraft:textures/atlas/items.png=[minecraft:missingno]}
[08Jun2026 16:10:40.362] [resourceLoad/WARN] [net.minecraft.client.resources.model.SimpleModelWrapper/]: Rejecting block model minecraft:builtin/missing, since it contains sprites from outside of supported atlas: {minecraft:textures/atlas/items.png=[minecraft:missingno]}
[08Jun2026 16:10:40.379] [resourceLoad/WARN] [net.minecraft.client.resources.model.SimpleModelWrapper/]: Rejecting block model minecraft:builtin/missing, since it contains sprites from outside of supported atlas: {minecraft:textures/atlas/items.png=[minecraft:missingno]}
[08Jun2026 16:10:40.406] [resourceLoad/WARN] [net.minecraft.client.resources.model.SimpleModelWrapper/]: Rejecting block model minecraft:builtin/missing, since it contains sprites from outside of supported atlas: {minecraft:textures/atlas/items.png=[minecraft:missingno]}
[08Jun2026 16:10:40.454] [resourceLoad/WARN] [net.minecraft.client.resources.model.SimpleModelWrapper/]: Rejecting block model minecraft:builtin/missing, since it contains sprites from outside of supported atlas: {minecraft:textures/atlas/items.png=[minecraft:missingno]}
[08Jun2026 16:10:40.465] [resourceLoad/WARN] [net.minecraft.client.resources.model.SimpleModelWrapper/]: Rejecting block model minecraft:builtin/missing, since it contains sprites from outside of supported atlas: {minecraft:textures/atlas/items.png=[minecraft:missingno]}
[08Jun2026 16:10:40.482] [resourceLoad/WARN] [net.minecraft.client.resources.model.SimpleModelWrapper/]: Rejecting block model minecraft:builtin/missing, since it contains sprites from outside of supported atlas: {minecraft:textures/atlas/items.png=[minecraft:missingno]}
[08Jun2026 16:10:40.486] [resourceLoad/WARN] [net.minecraft.client.resources.model.SimpleModelWrapper/]: Rejecting block model minecraft:builtin/missing, since it contains sprites from outside of supported atlas: {minecraft:textures/atlas/items.png=[minecraft:missingno]}
[08Jun2026 16:10:40.507] [resourceLoad/WARN] [net.minecraft.client.resources.model.SimpleModelWrapper/]: Rejecting block model minecraft:builtin/missing, since it contains sprites from outside of supported atlas: {minecraft:textures/atlas/items.png=[minecraft:missingno]}
[08Jun2026 16:10:40.529] [resourceLoad/WARN] [net.minecraft.client.resources.model.SimpleModelWrapper/]: Rejecting block model minecraft:builtin/missing, since it contains sprites from outside of supported atlas: {minecraft:textures/atlas/items.png=[minecraft:missingno]}
[08Jun2026 16:10:40.619] [resourceLoad/WARN] [net.minecraft.client.resources.model.SimpleModelWrapper/]: Rejecting block model minecraft:builtin/missing, since it contains sprites from outside of supported atlas: {minecraft:textures/atlas/items.png=[minecraft:missingno]}
[08Jun2026 16:10:40.624] [resourceLoad/WARN] [net.minecraft.client.resources.model.SimpleModelWrapper/]: Rejecting block model minecraft:builtin/missing, since it contains sprites from outside of supported atlas: {minecraft:textures/atlas/items.png=[minecraft:missingno]}
[08Jun2026 16:10:40.626] [resourceLoad/WARN] [net.minecraft.client.resources.model.SimpleModelWrapper/]: Rejecting block model minecraft:builtin/missing, since it contains sprites from outside of supported atlas: {minecraft:textures/atlas/items.png=[minecraft:missingno]}
[08Jun2026 16:10:40.698] [resourceLoad/WARN] [net.minecraft.client.resources.model.SimpleModelWrapper/]: Rejecting block model minecraft:builtin/missing, since it contains sprites from outside of supported atlas: {minecraft:textures/atlas/items.png=[minecraft:missingno]}
[08Jun2026 16:10:40.708] [resourceLoad/WARN] [net.minecraft.client.resources.model.SimpleModelWrapper/]: Rejecting block model minecraft:builtin/missing, since it contains sprites from outside of supported atlas: {minecraft:textures/atlas/items.png=[minecraft:missingno]}
[08Jun2026 16:10:40.710] [resourceLoad/WARN] [net.minecraft.client.resources.model.SimpleModelWrapper/]: Rejecting block model minecraft:builtin/missing, since it contains sprites from outside of supported atlas: {minecraft:textures/atlas/items.png=[minecraft:missingno]}
[08Jun2026 16:10:40.726] [resourceLoad/WARN] [net.minecraft.client.resources.model.SimpleModelWrapper/]: Rejecting block model minecraft:builtin/missing, since it contains sprites from outside of supported atlas: {minecraft:textures/atlas/items.png=[minecraft:missingno]}
[08Jun2026 16:10:40.741] [resourceLoad/WARN] [net.minecraft.client.resources.model.SimpleModelWrapper/]: Rejecting block model minecraft:builtin/missing, since it contains sprites from outside of supported atlas: {minecraft:textures/atlas/items.png=[minecraft:missingno]}
[08Jun2026 16:10:40.797] [resourceLoad/WARN] [net.minecraft.client.resources.model.SimpleModelWrapper/]: Rejecting block model minecraft:builtin/missing, since it contains sprites from outside of supported atlas: {minecraft:textures/atlas/items.png=[minecraft:missingno]}
[08Jun2026 16:10:40.837] [resourceLoad/WARN] [net.minecraft.client.resources.model.SimpleModelWrapper/]: Rejecting block model minecraft:builtin/missing, since it contains sprites from outside of supported atlas: {minecraft:textures/atlas/items.png=[minecraft:missingno]}
[08Jun2026 16:10:40.840] [resourceLoad/WARN] [net.minecraft.client.resources.model.SimpleModelWrapper/]: Rejecting block model minecraft:builtin/missing, since it contains sprites from outside of supported atlas: {minecraft:textures/atlas/items.png=[minecraft:missingno]}
[08Jun2026 16:10:40.842] [resourceLoad/WARN] [net.minecraft.client.resources.model.SimpleModelWrapper/]: Rejecting block model minecraft:builtin/missing, since it contains sprites from outside of supported atlas: {minecraft:textures/atlas/items.png=[minecraft:missingno]}
[08Jun2026 16:10:40.844] [resourceLoad/WARN] [net.minecraft.client.resources.model.SimpleModelWrapper/]: Rejecting block model minecraft:builtin/missing, since it contains sprites from outside of supported atlas: {minecraft:textures/atlas/items.png=[minecraft:missingno]}
[08Jun2026 16:10:40.864] [resourceLoad/WARN] [net.minecraft.client.resources.model.SimpleModelWrapper/]: Rejecting block model minecraft:builtin/missing, since it contains sprites from outside of supported atlas: {minecraft:textures/atlas/items.png=[minecraft:missingno]}
[08Jun2026 16:10:40.908] [resourceLoad/WARN] [net.minecraft.client.resources.model.SimpleModelWrapper/]: Rejecting block model minecraft:builtin/missing, since it contains sprites from outside of supported atlas: {minecraft:textures/atlas/items.png=[minecraft:missingno]}
[08Jun2026 16:10:40.919] [resourceLoad/WARN] [net.minecraft.client.resources.model.SimpleModelWrapper/]: Rejecting block model minecraft:builtin/missing, since it contains sprites from outside of supported atlas: {minecraft:textures/atlas/items.png=[minecraft:missingno]}
[08Jun2026 16:10:40.938] [resourceLoad/WARN] [net.minecraft.client.resources.model.SimpleModelWrapper/]: Rejecting block model minecraft:builtin/missing, since it contains sprites from outside of supported atlas: {minecraft:textures/atlas/items.png=[minecraft:missingno]}
[08Jun2026 16:10:40.940] [resourceLoad/WARN] [net.minecraft.client.resources.model.SimpleModelWrapper/]: Rejecting block model minecraft:builtin/missing, since it contains sprites from outside of supported atlas: {minecraft:textures/atlas/items.png=[minecraft:missingno]}
[08Jun2026 16:10:40.941] [resourceLoad/WARN] [net.minecraft.client.resources.model.SimpleModelWrapper/]: Rejecting block model minecraft:builtin/missing, since it contains sprites from outside of supported atlas: {minecraft:textures/atlas/items.png=[minecraft:missingno]}
[08Jun2026 16:10:40.950] [resourceLoad/WARN] [net.minecraft.client.resources.model.SimpleModelWrapper/]: Rejecting block model minecraft:builtin/missing, since it contains sprites from outside of supported atlas: {minecraft:textures/atlas/items.png=[minecraft:missingno]}
[08Jun2026 16:10:41.760] [resourceLoad/WARN] [net.minecraft.client.resources.model.ModelManager/]: Missing textures in model everythingjapanese:item/pocket_blade:
    everythingjapanese:item/pocket_blade
[08Jun2026 16:10:41.762] [resourceLoad/WARN] [net.minecraft.client.resources.model.ModelManager/]: Missing textures in model everythingjapanese:item/blood_bucket:
    everythingjapanese:item/blood_bucket
[08Jun2026 16:10:41.762] [resourceLoad/WARN] [net.minecraft.client.resources.model.ModelManager/]: Missing textures in model everythingjapanese:block/cursed_block:
    everythingjapanese:block/cursed_block
[08Jun2026 16:10:41.762] [resourceLoad/WARN] [net.minecraft.client.resources.model.ModelManager/]: Missing textures in model everythingjapanese:block/chabudai:
    minecraft:chabudai
[08Jun2026 16:10:41.762] [resourceLoad/WARN] [net.minecraft.client.resources.model.ModelManager/]: Missing textures in model everythingjapanese:block/blood:
    minecraft:block/blood_still
[08Jun2026 16:10:41.763] [resourceLoad/WARN] [net.minecraft.client.resources.model.ModelManager/]: Missing texture references in model everythingjapanese:block/japanese_flag:
    particle
[08Jun2026 16:10:47.604] [Render thread/INFO] [com.mojang.blaze3d.audio.Library/]: OpenAL initialized on device OpenAL Soft on Speakers (Conexant ISST Audio)
[08Jun2026 16:10:47.904] [Render thread/INFO] [net.minecraft.client.sounds.SoundEngine/SOUNDS]: Sound engine started
[08Jun2026 16:10:47.908] [Render thread/INFO] [net.minecraft.client.renderer.texture.TextureAtlas/]: Created: 512x256x0 minecraft:textures/atlas/particles.png-atlas
[08Jun2026 16:10:48.347] [Render thread/INFO] [net.minecraft.client.renderer.texture.TextureAtlas/]: Created: 128x128x0 minecraft:textures/atlas/decorated_pot.png-atlas
[08Jun2026 16:10:48.366] [Render thread/INFO] [net.minecraft.client.renderer.texture.TextureAtlas/]: Created: 2048x1024x0 minecraft:textures/atlas/armor_trims.png-atlas
[08Jun2026 16:10:50.259] [Render thread/INFO] [net.minecraft.client.renderer.texture.TextureAtlas/]: Created: 512x512x0 minecraft:textures/atlas/paintings.png-atlas
[08Jun2026 16:10:50.482] [Render thread/INFO] [net.minecraft.client.renderer.texture.TextureAtlas/]: Created: 1024x512x0 minecraft:textures/atlas/shield_patterns.png-atlas
[08Jun2026 16:10:50.556] [Render thread/INFO] [net.minecraft.client.renderer.texture.TextureAtlas/]: Created: 2048x2048x4 minecraft:textures/atlas/blocks.png-atlas
[08Jun2026 16:11:02.253] [Render thread/INFO] [net.minecraft.client.renderer.texture.TextureAtlas/]: Created: 512x512x0 minecraft:textures/atlas/chest.png-atlas
[08Jun2026 16:11:02.300] [Render thread/INFO] [net.minecraft.client.renderer.texture.TextureAtlas/]: Created: 256x128x0 minecraft:textures/atlas/celestials.png-atlas
[08Jun2026 16:11:02.311] [Render thread/INFO] [net.minecraft.client.renderer.texture.TextureAtlas/]: Created: 1024x512x0 minecraft:textures/atlas/banner_patterns.png-atlas
[08Jun2026 16:11:02.359] [Render thread/INFO] [net.minecraft.client.renderer.texture.TextureAtlas/]: Created: 512x512x0 minecraft:textures/atlas/beds.png-atlas
[08Jun2026 16:11:02.455] [Render thread/INFO] [net.minecraft.client.renderer.texture.TextureAtlas/]: Created: 1024x512x0 minecraft:textures/atlas/items.png-atlas
[08Jun2026 16:11:02.848] [Render thread/INFO] [net.minecraft.client.renderer.texture.TextureAtlas/]: Created: 1024x1024x0 minecraft:textures/atlas/gui.png-atlas
[08Jun2026 16:11:03.087] [Render thread/INFO] [net.minecraft.client.renderer.texture.TextureAtlas/]: Created: 128x64x0 minecraft:textures/atlas/map_decorations.png-atlas
[08Jun2026 16:11:03.101] [Render thread/INFO] [net.minecraft.client.renderer.texture.TextureAtlas/]: Created: 512x256x0 minecraft:textures/atlas/signs.png-atlas
[08Jun2026 16:11:03.116] [Render thread/INFO] [net.minecraft.client.renderer.texture.TextureAtlas/]: Created: 512x512x0 minecraft:textures/atlas/shulker_boxes.png-atlas
[08Jun2026 16:11:03.863] [Render thread/INFO] [net.neoforged.neoforge.client.entity.animation.json.AnimationLoader/]: Loaded 0 entity animations
[08Jun2026 16:11:05.885] [Render thread/INFO] [GeckoLib/]: Loaded 5 models and 5 animations from resources
[08Jun2026 16:11:32.906] [Worker-Main-7/ERROR] [net.minecraft.server.packs.resources.SimpleJsonResourceReloadListener/]: Couldn't parse data file 'everythingjapanese:end_rod_from_growth_chamber': DataResult.Error['Item minecraft:end_rod does not have components yet']
[08Jun2026 16:11:33.042] [Worker-Main-7/ERROR] [net.minecraft.server.packs.resources.SimpleJsonResourceReloadListener/]: Couldn't parse data file 'everythingjapanese:gold_from_growth_chamber': DataResult.Error['Item minecraft:gold_ingot does not have components yet']
[08Jun2026 16:11:33.050] [Worker-Main-7/ERROR] [net.minecraft.server.packs.resources.SimpleJsonResourceReloadListener/]: Couldn't parse data file 'everythingjapanese:diamond_from_growth_chamber': DataResult.Error['Item minecraft:diamond does not have components yet']
[08Jun2026 16:11:33.090] [Worker-Main-7/ERROR] [net.minecraft.server.packs.resources.SimpleJsonResourceReloadListener/]: Couldn't parse data file 'everythingjapanese:pyrite_from_growth_chamber': DataResult.Error['Item everythingjapanese:pyrite_ingot does not have components yet']
[08Jun2026 16:11:33.152] [Worker-Main-7/ERROR] [net.minecraft.server.packs.resources.SimpleJsonResourceReloadListener/]: Couldn't parse data file 'everythingjapanese:copper_from_growth_chamber': DataResult.Error['Item minecraft:copper_ingot does not have components yet']
[08Jun2026 16:11:33.215] [Worker-Main-7/ERROR] [net.minecraft.server.packs.resources.SimpleJsonResourceReloadListener/]: Couldn't parse data file 'everythingjapanese:iron_from_growth_chamber': DataResult.Error['Item minecraft:iron_ingot does not have components yet']
[08Jun2026 16:11:34.301] [Render thread/INFO] [net.minecraft.world.item.crafting.RecipeManager/]: Loaded 1592 recipes
[08Jun2026 16:11:34.349] [Render thread/INFO] [net.minecraft.advancements.AdvancementTree/]: Loaded 1692 advancements
[08Jun2026 16:11:34.362] [Render thread/INFO] [net.neoforged.neoforge.common.crafting.RecipePriorityManager/]: Loaded 0 recipe priority overrides
[08Jun2026 16:11:35.326] [Server thread/INFO] [net.minecraft.client.server.IntegratedServer/]: Starting integrated minecraft server version 26.1.2
[08Jun2026 16:11:35.327] [Server thread/INFO] [net.minecraft.server.MinecraftServer/]: Generating keypair
[08Jun2026 16:11:36.880] [Server thread/INFO] [net.minecraft.server.level.progress.LoggingLevelLoadListener/]: Loading 0 persistent chunks...
[08Jun2026 16:11:36.881] [Server thread/INFO] [net.minecraft.server.level.progress.LoggingLevelLoadListener/]: Preparing spawn area: 16%
[08Jun2026 16:11:36.893] [Server thread/INFO] [net.minecraft.server.MinecraftServer/]: Saving chunks for level 'ServerLevel[New World]'/minecraft:overworld
[08Jun2026 16:11:36.967] [Server thread/INFO] [net.minecraft.server.MinecraftServer/]: Saving chunks for level 'ServerLevel[New World]'/everythingjapanese:hell
[08Jun2026 16:11:37.009] [Server thread/INFO] [net.minecraft.server.MinecraftServer/]: Saving chunks for level 'ServerLevel[New World]'/minecraft:the_end
[08Jun2026 16:11:37.055] [Server thread/INFO] [net.minecraft.server.MinecraftServer/]: Saving chunks for level 'ServerLevel[New World]'/minecraft:the_nether
[08Jun2026 16:11:37.147] [Server thread/INFO] [net.minecraft.server.MinecraftServer/]: ThreadedAnvilChunkStorage (world): All chunks are saved
[08Jun2026 16:11:37.147] [Server thread/INFO] [net.minecraft.server.MinecraftServer/]: ThreadedAnvilChunkStorage (hell): All chunks are saved
[08Jun2026 16:11:37.148] [Server thread/INFO] [net.minecraft.server.MinecraftServer/]: ThreadedAnvilChunkStorage (DIM1): All chunks are saved
[08Jun2026 16:11:37.148] [Server thread/INFO] [net.minecraft.server.MinecraftServer/]: ThreadedAnvilChunkStorage (DIM-1): All chunks are saved
[08Jun2026 16:11:37.148] [Server thread/INFO] [net.minecraft.server.MinecraftServer/]: ThreadedAnvilChunkStorage: All dimensions are saved
[08Jun2026 16:11:37.161] [Server thread/INFO] [net.neoforged.neoforge.server.permission.PermissionAPI/]: Successfully initialized permission handler neoforge:default_handler
[08Jun2026 16:11:39.049] [Server thread/INFO] [net.minecraft.server.level.progress.LoggingLevelLoadListener/]: Loading 49 chunks for player spawn...
[08Jun2026 16:11:39.050] [Server thread/INFO] [net.minecraft.server.level.progress.LoggingLevelLoadListener/]: Preparing spawn area: 16%
[08Jun2026 16:11:39.051] [Server thread/INFO] [net.minecraft.server.level.progress.LoggingLevelLoadListener/]: Preparing spawn area: 16%
[08Jun2026 16:11:39.064] [Server thread/INFO] [net.minecraft.server.level.progress.LoggingLevelLoadListener/]: Preparing spawn area: 16%
[08Jun2026 16:11:39.130] [Server thread/INFO] [net.minecraft.server.level.progress.LoggingLevelLoadListener/]: Preparing spawn area: 16%
[08Jun2026 16:11:39.415] [Server thread/INFO] [net.minecraft.server.level.progress.LoggingLevelLoadListener/]: Preparing spawn area: 18%
[08Jun2026 16:11:39.714] [Server thread/INFO] [net.minecraft.server.level.progress.LoggingLevelLoadListener/]: Time elapsed: 2834 ms
[08Jun2026 16:11:41.254] [Server thread/INFO] [net.minecraft.server.players.PlayerList/]: Dev[local:E:d2d19ca7] logged in with entity id 87 at (64.54628236965394, -60.0, 102.91780129299737)
[08Jun2026 16:11:41.419] [Server thread/INFO] [net.minecraft.server.MinecraftServer/]: Dev joined the game
[08Jun2026 16:11:41.506] [Server thread/INFO] [net.Chidoziealways.everythingcore.capabilities.SharedPlayerEvents/]: Loading Quest data from persistent NBT
[08Jun2026 16:11:41.515] [Server thread/INFO] [net.Chidoziealways.everythingjapanese.capabilities.PlayerEvents/]: Loading Chakra data from persistent NBT
[08Jun2026 16:11:41.521] [Server thread/INFO] [net.Chidoziealways.everythingjapanese.capabilities.PlayerEvents/]: Loading Karma data from persistent NBT
[08Jun2026 16:11:41.528] [Server thread/INFO] [net.Chidoziealways.everythingjapanese.capabilities.PlayerEvents/]: Loading Stamina data from persistent NBT
[08Jun2026 16:11:41.536] [Server thread/INFO] [net.Chidoziealways.everythingjapanese.capabilities.PlayerEvents/]: Loading Jutsu data from persistent NBT
[08Jun2026 16:11:41.540] [Server thread/INFO] [net.Chidoziealways.everythingjapanese.jutsu.JutsuCapability/]: Deserializing Jutsu NBT: {learnedJutsus:["life_steal_jutsu"],masteryMap:{life_steal_jutsu:0.0f},selectedJutsu:"life_steal_jutsu"}
[08Jun2026 16:11:41.558] [Server thread/INFO] [net.Chidoziealways.everythingjapanese.capabilities.PlayerEvents/]: Loading Money data from persistent NBT
[08Jun2026 16:11:41.890] [Render thread/WARN] [net.minecraft.client.multiplayer.ClientPacketListener/]: Ignoring chat session from Dev due to missing Services public key
[08Jun2026 16:11:41.922] [Server thread/INFO] [net.Chidoziealways.everythingcore.quest.QuestStageProgressionHandler/]: CURRENT QUEST ID IS NULL
[08Jun2026 16:11:41.925] [Server thread/INFO] [net.minecraft.client.server.IntegratedServer/]: Changing view distance to 12, from 10
[08Jun2026 16:11:41.930] [Server thread/INFO] [net.minecraft.client.server.IntegratedServer/]: Changing simulation distance to 12, from 0
[08Jun2026 16:11:42.036] [Server thread/INFO] [net.Chidoziealways.everythingcore.quest.QuestStageProgressionHandler/]: CURRENT QUEST ID IS NULL
[08Jun2026 16:11:42.091] [Server thread/INFO] [net.Chidoziealways.everythingcore.quest.QuestStageProgressionHandler/]: CURRENT QUEST ID IS NULL
[08Jun2026 16:11:42.150] [Server thread/INFO] [net.Chidoziealways.everythingcore.quest.QuestStageProgressionHandler/]: CURRENT QUEST ID IS NULL
[08Jun2026 16:11:42.164] [Render thread/INFO] [net.minecraft.client.renderer.DynamicUniformStorage/]: Resizing Dynamic Transforms UBO, capacity limit of 2 reached during a single frame. New capacity will be 4.
[08Jun2026 16:11:42.199] [Server thread/INFO] [net.Chidoziealways.everythingcore.quest.QuestStageProgressionHandler/]: CURRENT QUEST ID IS NULL
[08Jun2026 16:11:42.232] [Server thread/INFO] [net.Chidoziealways.everythingcore.quest.QuestStageProgressionHandler/]: CURRENT QUEST ID IS NULL
[08Jun2026 16:11:42.269] [Server thread/INFO] [net.Chidoziealways.everythingcore.quest.QuestStageProgressionHandler/]: CURRENT QUEST ID IS NULL
[08Jun2026 16:11:42.299] [Server thread/INFO] [net.Chidoziealways.everythingcore.quest.QuestStageProgressionHandler/]: CURRENT QUEST ID IS NULL
[08Jun2026 16:11:42.326] [Server thread/INFO] [net.Chidoziealways.everythingcore.quest.QuestStageProgressionHandler/]: CURRENT QUEST ID IS NULL
[08Jun2026 16:11:42.370] [Server thread/INFO] [net.Chidoziealways.everythingcore.quest.QuestStageProgressionHandler/]: CURRENT QUEST ID IS NULL
[08Jun2026 16:11:42.390] [Server thread/INFO] [net.Chidoziealways.everythingcore.quest.QuestStageProgressionHandler/]: CURRENT QUEST ID IS NULL
[08Jun2026 16:11:42.419] [Server thread/INFO] [net.Chidoziealways.everythingcore.quest.QuestStageProgressionHandler/]: CURRENT QUEST ID IS NULL
[08Jun2026 16:11:42.458] [Server thread/INFO] [net.Chidoziealways.everythingcore.quest.QuestStageProgressionHandler/]: CURRENT QUEST ID IS NULL
[08Jun2026 16:11:42.482] [Render thread/INFO] [net.minecraft.advancements.AdvancementTree/]: Loaded 92 advancements
[08Jun2026 16:11:42.655] [Server thread/INFO] [net.Chidoziealways.everythingcore.quest.QuestStageProgressionHandler/]: CURRENT QUEST ID IS NULL
[08Jun2026 16:11:42.689] [Server thread/INFO] [net.Chidoziealways.everythingcore.quest.QuestStageProgressionHandler/]: CURRENT QUEST ID IS NULL
[08Jun2026 16:11:42.706] [Server thread/INFO] [net.Chidoziealways.everythingcore.quest.QuestStageProgressionHandler/]: CURRENT QUEST ID IS NULL
[08Jun2026 16:11:42.725] [Server thread/INFO] [net.Chidoziealways.everythingcore.quest.QuestStageProgressionHandler/]: CURRENT QUEST ID IS NULL
[08Jun2026 16:11:42.740] [Server thread/INFO] [net.Chidoziealways.everythingcore.quest.QuestStageProgressionHandler/]: CURRENT QUEST ID IS NULL
[08Jun2026 16:11:42.835] [Server thread/INFO] [net.Chidoziealways.everythingcore.quest.QuestStageProgressionHandler/]: CURRENT QUEST ID IS NULL
[08Jun2026 16:11:42.892] [Server thread/INFO] [net.Chidoziealways.everythingcore.quest.QuestStageProgressionHandler/]: CURRENT QUEST ID IS NULL
[08Jun2026 16:11:42.922] [Server thread/INFO] [net.Chidoziealways.everythingcore.quest.QuestStageProgressionHandler/]: CURRENT QUEST ID IS NULL
[08Jun2026 16:11:42.944] [Server thread/INFO] [net.Chidoziealways.everythingcore.quest.QuestStageProgressionHandler/]: CURRENT QUEST ID IS NULL
[08Jun2026 16:11:42.976] [Server thread/INFO] [net.Chidoziealways.everythingcore.quest.QuestStageProgressionHandler/]: CURRENT QUEST ID IS NULL
[08Jun2026 16:11:42.999] [Server thread/INFO] [net.Chidoziealways.everythingcore.quest.QuestStageProgressionHandler/]: CURRENT QUEST ID IS NULL
[08Jun2026 16:11:43.032] [Server thread/INFO] [net.Chidoziealways.everythingcore.quest.QuestStageProgressionHandler/]: CURRENT QUEST ID IS NULL
[08Jun2026 16:11:43.056] [Server thread/INFO] [net.Chidoziealways.everythingcore.quest.QuestStageProgressionHandler/]: CURRENT QUEST ID IS NULL
[08Jun2026 16:11:43.082] [Render thread/INFO] [net.minecraft.client.renderer.DynamicUniformStorage/]: Resizing Dynamic Transforms UBO, capacity limit of 4 reached during a single frame. New capacity will be 8.
[08Jun2026 16:11:43.096] [Server thread/INFO] [net.Chidoziealways.everythingcore.quest.QuestStageProgressionHandler/]: CURRENT QUEST ID IS NULL
[08Jun2026 16:11:43.128] [Server thread/INFO] [net.Chidoziealways.everythingcore.quest.QuestStageProgressionHandler/]: CURRENT QUEST ID IS NULL
[08Jun2026 16:11:43.179] [Server thread/INFO] [net.Chidoziealways.everythingcore.quest.QuestStageProgressionHandler/]: CURRENT QUEST ID IS NULL
[08Jun2026 16:11:43.218] [Server thread/INFO] [net.Chidoziealways.everythingcore.quest.QuestStageProgressionHandler/]: CURRENT QUEST ID IS NULL
[08Jun2026 16:11:43.247] [Server thread/INFO] [net.Chidoziealways.everythingcore.quest.QuestStageProgressionHandler/]: CURRENT QUEST ID IS NULL
[08Jun2026 16:11:43.279] [Server thread/INFO] [net.Chidoziealways.everythingcore.quest.QuestStageProgressionHandler/]: CURRENT QUEST ID IS NULL
[08Jun2026 16:11:43.308] [Server thread/INFO] [net.Chidoziealways.everythingcore.quest.QuestStageProgressionHandler/]: CURRENT QUEST ID IS NULL
[08Jun2026 16:11:43.364] [Server thread/INFO] [net.Chidoziealways.everythingcore.quest.QuestStageProgressionHandler/]: CURRENT QUEST ID IS NULL
[08Jun2026 16:11:43.419] [Server thread/INFO] [net.Chidoziealways.everythingcore.quest.QuestStageProgressionHandler/]: CURRENT QUEST ID IS NULL
[08Jun2026 16:11:43.456] [Server thread/INFO] [net.Chidoziealways.everythingcore.quest.QuestStageProgressionHandler/]: CURRENT QUEST ID IS NULL
[08Jun2026 16:11:43.514] [Server thread/INFO] [net.Chidoziealways.everythingcore.quest.QuestStageProgressionHandler/]: CURRENT QUEST ID IS NULL
[08Jun2026 16:11:43.571] [Server thread/INFO] [net.Chidoziealways.everythingcore.quest.QuestStageProgressionHandler/]: CURRENT QUEST ID IS NULL
[08Jun2026 16:11:43.607] [Server thread/INFO] [net.Chidoziealways.everythingcore.quest.QuestStageProgressionHandler/]: CURRENT QUEST ID IS NULL
[08Jun2026 16:11:43.647] [Server thread/INFO] [net.Chidoziealways.everythingcore.quest.QuestStageProgressionHandler/]: CURRENT QUEST ID IS NULL
[08Jun2026 16:11:43.679] [Server thread/INFO] [net.Chidoziealways.everythingcore.quest.QuestStageProgressionHandler/]: CURRENT QUEST ID IS NULL
[08Jun2026 16:11:43.719] [Server thread/INFO] [net.Chidoziealways.everythingcore.quest.QuestStageProgressionHandler/]: CURRENT QUEST ID IS NULL
[08Jun2026 16:11:43.755] [Server thread/INFO] [net.Chidoziealways.everythingcore.quest.QuestStageProgressionHandler/]: CURRENT QUEST ID IS NULL
[08Jun2026 16:11:43.784] [Server thread/INFO] [net.Chidoziealways.everythingcore.quest.QuestStageProgressionHandler/]: CURRENT QUEST ID IS NULL
[08Jun2026 16:11:43.829] [Server thread/INFO] [net.Chidoziealways.everythingcore.quest.QuestStageProgressionHandler/]: CURRENT QUEST ID IS NULL
[08Jun2026 16:11:43.837] [Render thread/INFO] [net.minecraft.client.renderer.DynamicUniformStorage/]: Resizing Chunk Sections UBO, capacity limit of 2 reached during a single frame. New capacity will be 4.
[08Jun2026 16:11:43.881] [Server thread/INFO] [net.Chidoziealways.everythingcore.quest.QuestStageProgressionHandler/]: CURRENT QUEST ID IS NULL
[08Jun2026 16:11:43.932] [Server thread/INFO] [net.Chidoziealways.everythingcore.quest.QuestStageProgressionHandler/]: CURRENT QUEST ID IS NULL
[08Jun2026 16:11:43.997] [Server thread/INFO] [net.Chidoziealways.everythingcore.quest.QuestStageProgressionHandler/]: CURRENT QUEST ID IS NULL
[08Jun2026 16:11:44.092] [Server thread/INFO] [net.Chidoziealways.everythingcore.quest.QuestStageProgressionHandler/]: CURRENT QUEST ID IS NULL
[08Jun2026 16:11:44.229] [Server thread/INFO] [net.Chidoziealways.everythingcore.quest.QuestStageProgressionHandler/]: CURRENT QUEST ID IS NULL
[08Jun2026 16:11:44.285] [Server thread/INFO] [net.Chidoziealways.everythingcore.quest.QuestStageProgressionHandler/]: CURRENT QUEST ID IS NULL
[08Jun2026 16:11:44.352] [Server thread/INFO] [net.Chidoziealways.everythingcore.quest.QuestStageProgressionHandler/]: CURRENT QUEST ID IS NULL
[08Jun2026 16:11:44.442] [Server thread/INFO] [net.Chidoziealways.everythingcore.quest.QuestStageProgressionHandler/]: CURRENT QUEST ID IS NULL
[08Jun2026 16:11:44.509] [Server thread/INFO] [net.Chidoziealways.everythingcore.quest.QuestStageProgressionHandler/]: CURRENT QUEST ID IS NULL
[08Jun2026 16:11:44.582] [Server thread/INFO] [net.Chidoziealways.everythingcore.quest.QuestStageProgressionHandler/]: CURRENT QUEST ID IS NULL
[08Jun2026 16:11:44.658] [Server thread/INFO] [net.Chidoziealways.everythingcore.quest.QuestStageProgressionHandler/]: CURRENT QUEST ID IS NULL
[08Jun2026 16:11:44.703] [Render thread/INFO] [net.minecraft.client.renderer.DynamicUniformStorage/]: Resizing Chunk Sections UBO, capacity limit of 4 reached during a single frame. New capacity will be 8.
[08Jun2026 16:11:44.736] [Server thread/INFO] [net.Chidoziealways.everythingcore.quest.QuestStageProgressionHandler/]: CURRENT QUEST ID IS NULL
[08Jun2026 16:11:44.805] [Server thread/INFO] [net.Chidoziealways.everythingcore.quest.QuestStageProgressionHandler/]: CURRENT QUEST ID IS NULL
[08Jun2026 16:11:44.886] [Server thread/INFO] [net.Chidoziealways.everythingcore.quest.QuestStageProgressionHandler/]: CURRENT QUEST ID IS NULL
[08Jun2026 16:11:44.970] [Server thread/INFO] [net.Chidoziealways.everythingcore.quest.QuestStageProgressionHandler/]: CURRENT QUEST ID IS NULL
[08Jun2026 16:11:45.046] [Server thread/INFO] [net.Chidoziealways.everythingcore.quest.QuestStageProgressionHandler/]: CURRENT QUEST ID IS NULL
[08Jun2026 16:11:45.186] [Server thread/INFO] [net.Chidoziealways.everythingcore.quest.QuestStageProgressionHandler/]: CURRENT QUEST ID IS NULL
[08Jun2026 16:11:45.196] [Server thread/INFO] [net.minecraft.client.server.IntegratedServer/]: Saving and pausing game...
[08Jun2026 16:11:45.287] [Server thread/INFO] [net.minecraft.server.MinecraftServer/]: Saving chunks for level 'ServerLevel[New World]'/minecraft:overworld
[08Jun2026 16:11:45.302] [Render thread/INFO] [net.minecraft.client.renderer.DynamicUniformStorage/]: Resizing Dynamic Transforms UBO, capacity limit of 8 reached during a single frame. New capacity will be 16.
[08Jun2026 16:11:45.384] [Server thread/INFO] [net.minecraft.server.MinecraftServer/]: Saving chunks for level 'ServerLevel[New World]'/everythingjapanese:hell
[08Jun2026 16:11:45.385] [Server thread/INFO] [net.minecraft.server.MinecraftServer/]: Saving chunks for level 'ServerLevel[New World]'/minecraft:the_end
[08Jun2026 16:11:45.440] [Server thread/INFO] [net.minecraft.server.MinecraftServer/]: Saving chunks for level 'ServerLevel[New World]'/minecraft:the_nether
[08Jun2026 16:11:45.726] [Render thread/INFO] [net.minecraft.client.renderer.DynamicUniformStorage/]: Resizing Chunk Sections UBO, capacity limit of 8 reached during a single frame. New capacity will be 16.
[08Jun2026 16:11:46.483] [Render thread/INFO] [net.minecraft.client.renderer.DynamicUniformStorage/]: Resizing Chunk Sections UBO, capacity limit of 16 reached during a single frame. New capacity will be 32.
[08Jun2026 16:12:19.428] [Server thread/WARN] [net.minecraft.server.MinecraftServer/]: Can't keep up! Is the server overloaded? Running 4202ms or 84 ticks behind
[08Jun2026 16:13:46.901] [Server thread/INFO] [net.Chidoziealways.everythingcore.quest.QuestStageProgressionHandler/]: CURRENT QUEST ID IS NULL
[08Jun2026 16:13:47.044] [Server thread/WARN] [net.minecraft.server.MinecraftServer/]: Can't keep up! Is the server overloaded? Running 4575ms or 91 ticks behind
[08Jun2026 16:13:47.409] [Server thread/INFO] [net.Chidoziealways.everythingcore.quest.QuestStageProgressionHandler/]: CURRENT QUEST ID IS NULL
[08Jun2026 16:13:47.862] [Server thread/INFO] [net.Chidoziealways.everythingcore.quest.QuestStageProgressionHandler/]: CURRENT QUEST ID IS NULL
[08Jun2026 16:13:49.285] [Render thread/INFO] [net.minecraft.client.renderer.DynamicUniformStorage/]: Resizing Chunk Sections UBO, capacity limit of 32 reached during a single frame. New capacity will be 64.
[08Jun2026 16:13:49.481] [Server thread/INFO] [net.Chidoziealways.everythingcore.quest.QuestStageProgressionHandler/]: CURRENT QUEST ID IS NULL
[08Jun2026 16:13:50.390] [Server thread/INFO] [net.Chidoziealways.everythingcore.quest.QuestStageProgressionHandler/]: CURRENT QUEST ID IS NULL
[08Jun2026 16:13:50.957] [Server thread/INFO] [net.Chidoziealways.everythingcore.quest.QuestStageProgressionHandler/]: CURRENT QUEST ID IS NULL
[08Jun2026 16:13:51.347] [Server thread/INFO] [net.Chidoziealways.everythingcore.quest.QuestStageProgressionHandler/]: CURRENT QUEST ID IS NULL
[08Jun2026 16:13:51.478] [Server thread/INFO] [net.Chidoziealways.everythingcore.quest.QuestStageProgressionHandler/]: CURRENT QUEST ID IS NULL
[08Jun2026 16:13:51.575] [Server thread/INFO] [net.Chidoziealways.everythingcore.quest.QuestStageProgressionHandler/]: CURRENT QUEST ID IS NULL
[08Jun2026 16:13:51.675] [Server thread/INFO] [net.Chidoziealways.everythingcore.quest.QuestStageProgressionHandler/]: CURRENT QUEST ID IS NULL
[08Jun2026 16:13:51.792] [Server thread/INFO] [net.Chidoziealways.everythingcore.quest.QuestStageProgressionHandler/]: CURRENT QUEST ID IS NULL
[08Jun2026 16:13:51.926] [Server thread/INFO] [net.Chidoziealways.everythingcore.quest.QuestStageProgressionHandler/]: CURRENT QUEST ID IS NULL
[08Jun2026 16:13:52.044] [Server thread/INFO] [net.Chidoziealways.everythingcore.quest.QuestStageProgressionHandler/]: CURRENT QUEST ID IS NULL
[08Jun2026 16:13:52.132] [Server thread/INFO] [net.Chidoziealways.everythingcore.quest.QuestStageProgressionHandler/]: CURRENT QUEST ID IS NULL
[08Jun2026 16:13:52.244] [Server thread/INFO] [net.Chidoziealways.everythingcore.quest.QuestStageProgressionHandler/]: CURRENT QUEST ID IS NULL
[08Jun2026 16:13:52.331] [Server thread/INFO] [net.Chidoziealways.everythingcore.quest.QuestStageProgressionHandler/]: CURRENT QUEST ID IS NULL
[08Jun2026 16:13:52.409] [Server thread/INFO] [net.Chidoziealways.everythingcore.quest.QuestStageProgressionHandler/]: CURRENT QUEST ID IS NULL
[08Jun2026 16:13:52.527] [Server thread/INFO] [net.Chidoziealways.everythingcore.quest.QuestStageProgressionHandler/]: CURRENT QUEST ID IS NULL
[08Jun2026 16:13:52.611] [Server thread/INFO] [net.Chidoziealways.everythingcore.quest.QuestStageProgressionHandler/]: CURRENT QUEST ID IS NULL
[08Jun2026 16:13:52.688] [Server thread/INFO] [net.Chidoziealways.everythingcore.quest.QuestStageProgressionHandler/]: CURRENT QUEST ID IS NULL
[08Jun2026 16:13:52.782] [Server thread/INFO] [net.Chidoziealways.everythingcore.quest.QuestStageProgressionHandler/]: CURRENT QUEST ID IS NULL
[08Jun2026 16:13:52.866] [Server thread/INFO] [net.Chidoziealways.everythingcore.quest.QuestStageProgressionHandler/]: CURRENT QUEST ID IS NULL
[08Jun2026 16:13:52.962] [Server thread/INFO] [net.Chidoziealways.everythingcore.quest.QuestStageProgressionHandler/]: CURRENT QUEST ID IS NULL
[08Jun2026 16:13:53.201] [Server thread/INFO] [net.Chidoziealways.everythingcore.quest.QuestStageProgressionHandler/]: CURRENT QUEST ID IS NULL
[08Jun2026 16:13:53.458] [Server thread/INFO] [net.Chidoziealways.everythingcore.quest.QuestStageProgressionHandler/]: CURRENT QUEST ID IS NULL
[08Jun2026 16:13:53.600] [Server thread/INFO] [net.Chidoziealways.everythingcore.quest.QuestStageProgressionHandler/]: CURRENT QUEST ID IS NULL
[08Jun2026 16:13:54.266] [Server thread/INFO] [net.Chidoziealways.everythingcore.quest.QuestStageProgressionHandler/]: CURRENT QUEST ID IS NULL
[08Jun2026 16:13:54.864] [Server thread/INFO] [net.Chidoziealways.everythingcore.quest.QuestStageProgressionHandler/]: CURRENT QUEST ID IS NULL
[08Jun2026 16:13:55.197] [Server thread/INFO] [net.Chidoziealways.everythingcore.quest.QuestStageProgressionHandler/]: CURRENT QUEST ID IS NULL
[08Jun2026 16:13:55.306] [Server thread/INFO] [net.Chidoziealways.everythingcore.quest.QuestStageProgressionHandler/]: CURRENT QUEST ID IS NULL
[08Jun2026 16:13:55.347] [Server thread/INFO] [net.Chidoziealways.everythingcore.quest.QuestStageProgressionHandler/]: CURRENT QUEST ID IS NULL
[08Jun2026 16:13:55.390] [Server thread/INFO] [net.Chidoziealways.everythingcore.quest.QuestStageProgressionHandler/]: CURRENT QUEST ID IS NULL
[08Jun2026 16:13:55.461] [Server thread/INFO] [net.Chidoziealways.everythingcore.quest.QuestStageProgressionHandler/]: CURRENT QUEST ID IS NULL
[08Jun2026 16:13:55.579] [Server thread/INFO] [net.Chidoziealways.everythingcore.quest.QuestStageProgressionHandler/]: CURRENT QUEST ID IS NULL
[08Jun2026 16:13:55.662] [Server thread/INFO] [net.Chidoziealways.everythingcore.quest.QuestStageProgressionHandler/]: CURRENT QUEST ID IS NULL
[08Jun2026 16:13:55.828] [Server thread/INFO] [net.Chidoziealways.everythingcore.quest.QuestStageProgressionHandler/]: CURRENT QUEST ID IS NULL
[08Jun2026 16:13:55.948] [Server thread/INFO] [net.Chidoziealways.everythingcore.quest.QuestStageProgressionHandler/]: CURRENT QUEST ID IS NULL
[08Jun2026 16:13:56.177] [Server thread/INFO] [net.Chidoziealways.everythingcore.quest.QuestStageProgressionHandler/]: CURRENT QUEST ID IS NULL
[08Jun2026 16:13:56.534] [Server thread/INFO] [net.Chidoziealways.everythingcore.quest.QuestStageProgressionHandler/]: CURRENT QUEST ID IS NULL
[08Jun2026 16:13:56.719] [Server thread/INFO] [net.Chidoziealways.everythingcore.quest.QuestStageProgressionHandler/]: CURRENT QUEST ID IS NULL
[08Jun2026 16:13:56.884] [Server thread/INFO] [net.Chidoziealways.everythingcore.quest.QuestStageProgressionHandler/]: CURRENT QUEST ID IS NULL
[08Jun2026 16:13:57.016] [Server thread/INFO] [net.Chidoziealways.everythingcore.quest.QuestStageProgressionHandler/]: CURRENT QUEST ID IS NULL
[08Jun2026 16:13:57.062] [Server thread/INFO] [net.Chidoziealways.everythingcore.quest.QuestStageProgressionHandler/]: CURRENT QUEST ID IS NULL
[08Jun2026 16:13:57.121] [Server thread/INFO] [net.Chidoziealways.everythingcore.quest.QuestStageProgressionHandler/]: CURRENT QUEST ID IS NULL
[08Jun2026 16:13:57.160] [Server thread/INFO] [net.Chidoziealways.everythingcore.quest.QuestStageProgressionHandler/]: CURRENT QUEST ID IS NULL
[08Jun2026 16:13:57.197] [Server thread/INFO] [net.Chidoziealways.everythingcore.quest.QuestStageProgressionHandler/]: CURRENT QUEST ID IS NULL
[08Jun2026 16:13:57.251] [Server thread/INFO] [net.Chidoziealways.everythingcore.quest.QuestStageProgressionHandler/]: CURRENT QUEST ID IS NULL
[08Jun2026 16:13:57.364] [Server thread/INFO] [net.Chidoziealways.everythingcore.quest.QuestStageProgressionHandler/]: CURRENT QUEST ID IS NULL
[08Jun2026 16:13:57.516] [Server thread/INFO] [net.Chidoziealways.everythingcore.quest.QuestStageProgressionHandler/]: CURRENT QUEST ID IS NULL
[08Jun2026 16:13:57.790] [Server thread/INFO] [net.Chidoziealways.everythingcore.quest.QuestStageProgressionHandler/]: CURRENT QUEST ID IS NULL
[08Jun2026 16:13:58.023] [Server thread/INFO] [net.Chidoziealways.everythingcore.quest.QuestStageProgressionHandler/]: CURRENT QUEST ID IS NULL
[08Jun2026 16:13:58.830] [Server thread/INFO] [net.Chidoziealways.everythingcore.quest.QuestStageProgressionHandler/]: CURRENT QUEST ID IS NULL
[08Jun2026 16:13:59.448] [Server thread/INFO] [net.Chidoziealways.everythingcore.quest.QuestStageProgressionHandler/]: CURRENT QUEST ID IS NULL
[08Jun2026 16:13:59.735] [Server thread/INFO] [net.Chidoziealways.everythingcore.quest.QuestStageProgressionHandler/]: CURRENT QUEST ID IS NULL
[08Jun2026 16:13:59.999] [Server thread/INFO] [net.Chidoziealways.everythingcore.quest.QuestStageProgressionHandler/]: CURRENT QUEST ID IS NULL
[08Jun2026 16:14:00.123] [Server thread/INFO] [net.Chidoziealways.everythingcore.quest.QuestStageProgressionHandler/]: CURRENT QUEST ID IS NULL
[08Jun2026 16:14:00.252] [Server thread/INFO] [net.Chidoziealways.everythingcore.quest.QuestStageProgressionHandler/]: CURRENT QUEST ID IS NULL
[08Jun2026 16:14:00.345] [Server thread/INFO] [net.Chidoziealways.everythingcore.quest.QuestStageProgressionHandler/]: CURRENT QUEST ID IS NULL
[08Jun2026 16:14:00.431] [Server thread/INFO] [net.Chidoziealways.everythingcore.quest.QuestStageProgressionHandler/]: CURRENT QUEST ID IS NULL
[08Jun2026 16:14:00.645] [Server thread/INFO] [net.Chidoziealways.everythingcore.quest.QuestStageProgressionHandler/]: CURRENT QUEST ID IS NULL
[08Jun2026 16:14:00.967] [Server thread/INFO] [net.Chidoziealways.everythingcore.quest.QuestStageProgressionHandler/]: CURRENT QUEST ID IS NULL
[08Jun2026 16:14:01.320] [Server thread/INFO] [net.Chidoziealways.everythingcore.quest.QuestStageProgressionHandler/]: CURRENT QUEST ID IS NULL
[08Jun2026 16:14:01.402] [Server thread/INFO] [net.Chidoziealways.everythingcore.quest.QuestStageProgressionHandler/]: CURRENT QUEST ID IS NULL
[08Jun2026 16:14:01.542] [Server thread/INFO] [net.Chidoziealways.everythingcore.quest.QuestStageProgressionHandler/]: CURRENT QUEST ID IS NULL
[08Jun2026 16:14:01.702] [Server thread/INFO] [net.Chidoziealways.everythingcore.quest.QuestStageProgressionHandler/]: CURRENT QUEST ID IS NULL
[08Jun2026 16:14:02.029] [Server thread/INFO] [net.Chidoziealways.everythingcore.quest.QuestStageProgressionHandler/]: CURRENT QUEST ID IS NULL
[08Jun2026 16:14:02.286] [Server thread/INFO] [net.Chidoziealways.everythingcore.quest.QuestStageProgressionHandler/]: CURRENT QUEST ID IS NULL
[08Jun2026 16:14:02.450] [Server thread/INFO] [net.Chidoziealways.everythingcore.quest.QuestStageProgressionHandler/]: CURRENT QUEST ID IS NULL
[08Jun2026 16:14:02.662] [Server thread/INFO] [net.Chidoziealways.everythingcore.quest.QuestStageProgressionHandler/]: CURRENT QUEST ID IS NULL
[08Jun2026 16:14:02.831] [Server thread/INFO] [net.Chidoziealways.everythingcore.quest.QuestStageProgressionHandler/]: CURRENT QUEST ID IS NULL
[08Jun2026 16:14:03.031] [Server thread/INFO] [net.Chidoziealways.everythingcore.quest.QuestStageProgressionHandler/]: CURRENT QUEST ID IS NULL
[08Jun2026 16:14:03.271] [Server thread/INFO] [net.Chidoziealways.everythingcore.quest.QuestStageProgressionHandler/]: CURRENT QUEST ID IS NULL
[08Jun2026 16:14:03.361] [Server thread/INFO] [net.Chidoziealways.everythingcore.quest.QuestStageProgressionHandler/]: CURRENT QUEST ID IS NULL
[08Jun2026 16:14:03.602] [Server thread/INFO] [net.Chidoziealways.everythingcore.quest.QuestStageProgressionHandler/]: CURRENT QUEST ID IS NULL
[08Jun2026 16:14:03.815] [Server thread/INFO] [net.Chidoziealways.everythingcore.quest.QuestStageProgressionHandler/]: CURRENT QUEST ID IS NULL
[08Jun2026 16:14:03.974] [Server thread/INFO] [net.Chidoziealways.everythingcore.quest.QuestStageProgressionHandler/]: CURRENT QUEST ID IS NULL
[08Jun2026 16:14:04.139] [Server thread/INFO] [net.Chidoziealways.everythingcore.quest.QuestStageProgressionHandler/]: CURRENT QUEST ID IS NULL
[08Jun2026 16:14:04.410] [Server thread/INFO] [net.Chidoziealways.everythingcore.quest.QuestStageProgressionHandler/]: CURRENT QUEST ID IS NULL
[08Jun2026 16:14:04.617] [Server thread/INFO] [net.Chidoziealways.everythingcore.quest.QuestStageProgressionHandler/]: CURRENT QUEST ID IS NULL
[08Jun2026 16:14:04.818] [Server thread/INFO] [net.Chidoziealways.everythingcore.quest.QuestStageProgressionHandler/]: CURRENT QUEST ID IS NULL
[08Jun2026 16:14:04.932] [Server thread/INFO] [net.Chidoziealways.everythingcore.quest.QuestStageProgressionHandler/]: CURRENT QUEST ID IS NULL
[08Jun2026 16:14:05.058] [Server thread/INFO] [net.Chidoziealways.everythingcore.quest.QuestStageProgressionHandler/]: CURRENT QUEST ID IS NULL
[08Jun2026 16:14:05.180] [Server thread/INFO] [net.Chidoziealways.everythingcore.quest.QuestStageProgressionHandler/]: CURRENT QUEST ID IS NULL
[08Jun2026 16:14:05.272] [Server thread/INFO] [net.Chidoziealways.everythingcore.quest.QuestStageProgressionHandler/]: CURRENT QUEST ID IS NULL
[08Jun2026 16:14:05.381] [Server thread/INFO] [net.Chidoziealways.everythingcore.quest.QuestStageProgressionHandler/]: CURRENT QUEST ID IS NULL
[08Jun2026 16:14:05.546] [Server thread/INFO] [net.Chidoziealways.everythingcore.quest.QuestStageProgressionHandler/]: CURRENT QUEST ID IS NULL
[08Jun2026 16:14:05.626] [Server thread/INFO] [net.Chidoziealways.everythingcore.quest.QuestStageProgressionHandler/]: CURRENT QUEST ID IS NULL
[08Jun2026 16:14:05.818] [Server thread/INFO] [net.Chidoziealways.everythingcore.quest.QuestStageProgressionHandler/]: CURRENT QUEST ID IS NULL
[08Jun2026 16:14:05.911] [Server thread/INFO] [net.Chidoziealways.everythingcore.quest.QuestStageProgressionHandler/]: CURRENT QUEST ID IS NULL
[08Jun2026 16:14:06.175] [Server thread/INFO] [net.Chidoziealways.everythingcore.quest.QuestStageProgressionHandler/]: CURRENT QUEST ID IS NULL
[08Jun2026 16:14:06.304] [Server thread/INFO] [net.Chidoziealways.everythingcore.quest.QuestStageProgressionHandler/]: CURRENT QUEST ID IS NULL
[08Jun2026 16:14:06.677] [Server thread/INFO] [net.Chidoziealways.everythingcore.quest.QuestStageProgressionHandler/]: CURRENT QUEST ID IS NULL
[08Jun2026 16:14:06.906] [Server thread/INFO] [net.Chidoziealways.everythingcore.quest.QuestStageProgressionHandler/]: CURRENT QUEST ID IS NULL
[08Jun2026 16:14:06.959] [Server thread/INFO] [net.Chidoziealways.everythingcore.quest.QuestStageProgressionHandler/]: CURRENT QUEST ID IS NULL
[08Jun2026 16:14:07.071] [Server thread/INFO] [net.Chidoziealways.everythingcore.quest.QuestStageProgressionHandler/]: CURRENT QUEST ID IS NULL
[08Jun2026 16:14:07.112] [Server thread/INFO] [net.Chidoziealways.everythingcore.quest.QuestStageProgressionHandler/]: CURRENT QUEST ID IS NULL
[08Jun2026 16:14:07.169] [Server thread/INFO] [net.Chidoziealways.everythingcore.quest.QuestStageProgressionHandler/]: CURRENT QUEST ID IS NULL
[08Jun2026 16:14:07.329] [Server thread/INFO] [net.Chidoziealways.everythingcore.quest.QuestStageProgressionHandler/]: CURRENT QUEST ID IS NULL
[08Jun2026 16:14:07.468] [Server thread/INFO] [net.Chidoziealways.everythingcore.quest.QuestStageProgressionHandler/]: CURRENT QUEST ID IS NULL
[08Jun2026 16:14:07.605] [Server thread/INFO] [net.Chidoziealways.everythingcore.quest.QuestStageProgressionHandler/]: CURRENT QUEST ID IS NULL
[08Jun2026 16:14:07.680] [Server thread/INFO] [net.Chidoziealways.everythingcore.quest.QuestStageProgressionHandler/]: CURRENT QUEST ID IS NULL
[08Jun2026 16:14:07.725] [Server thread/INFO] [net.Chidoziealways.everythingcore.quest.QuestStageProgressionHandler/]: CURRENT QUEST ID IS NULL
[08Jun2026 16:14:07.771] [Server thread/INFO] [net.Chidoziealways.everythingcore.quest.QuestStageProgressionHandler/]: CURRENT QUEST ID IS NULL
[08Jun2026 16:14:07.847] [Server thread/INFO] [net.Chidoziealways.everythingcore.quest.QuestStageProgressionHandler/]: CURRENT QUEST ID IS NULL
[08Jun2026 16:14:08.786] [Server thread/INFO] [net.Chidoziealways.everythingcore.quest.QuestStageProgressionHandler/]: CURRENT QUEST ID IS NULL
[08Jun2026 16:14:08.962] [Server thread/INFO] [net.Chidoziealways.everythingcore.quest.QuestStageProgressionHandler/]: CURRENT QUEST ID IS NULL
[08Jun2026 16:14:09.157] [Server thread/INFO] [net.Chidoziealways.everythingcore.quest.QuestStageProgressionHandler/]: CURRENT QUEST ID IS NULL
[08Jun2026 16:14:09.289] [Server thread/INFO] [net.Chidoziealways.everythingcore.quest.QuestStageProgressionHandler/]: CURRENT QUEST ID IS NULL
[08Jun2026 16:14:09.357] [Server thread/INFO] [net.Chidoziealways.everythingcore.quest.QuestStageProgressionHandler/]: CURRENT QUEST ID IS NULL
[08Jun2026 16:14:09.502] [Server thread/INFO] [net.Chidoziealways.everythingcore.quest.QuestStageProgressionHandler/]: CURRENT QUEST ID IS NULL
[08Jun2026 16:14:09.656] [Server thread/INFO] [net.Chidoziealways.everythingcore.quest.QuestStageProgressionHandler/]: CURRENT QUEST ID IS NULL
[08Jun2026 16:14:09.804] [Server thread/INFO] [net.Chidoziealways.everythingcore.quest.QuestStageProgressionHandler/]: CURRENT QUEST ID IS NULL
[08Jun2026 16:14:10.106] [Server thread/INFO] [net.Chidoziealways.everythingcore.quest.QuestStageProgressionHandler/]: CURRENT QUEST ID IS NULL
[08Jun2026 16:14:10.230] [Server thread/INFO] [net.Chidoziealways.everythingcore.quest.QuestStageProgressionHandler/]: CURRENT QUEST ID IS NULL
[08Jun2026 16:14:10.380] [Server thread/INFO] [net.Chidoziealways.everythingcore.quest.QuestStageProgressionHandler/]: CURRENT QUEST ID IS NULL
[08Jun2026 16:14:10.498] [Server thread/INFO] [net.Chidoziealways.everythingcore.quest.QuestStageProgressionHandler/]: CURRENT QUEST ID IS NULL
[08Jun2026 16:14:10.607] [Server thread/INFO] [net.Chidoziealways.everythingcore.quest.QuestStageProgressionHandler/]: CURRENT QUEST ID IS NULL
[08Jun2026 16:14:12.567] [Server thread/INFO] [net.Chidoziealways.everythingcore.quest.QuestStageProgressionHandler/]: CURRENT QUEST ID IS NULL
[08Jun2026 16:14:12.660] [Server thread/INFO] [net.Chidoziealways.everythingcore.quest.QuestStageProgressionHandler/]: CURRENT QUEST ID IS NULL
[08Jun2026 16:14:12.772] [Server thread/INFO] [net.Chidoziealways.everythingcore.quest.QuestStageProgressionHandler/]: CURRENT QUEST ID IS NULL
[08Jun2026 16:14:12.920] [Server thread/INFO] [net.Chidoziealways.everythingcore.quest.QuestStageProgressionHandler/]: CURRENT QUEST ID IS NULL
[08Jun2026 16:14:12.999] [Server thread/INFO] [net.Chidoziealways.everythingcore.quest.QuestStageProgressionHandler/]: CURRENT QUEST ID IS NULL
[08Jun2026 16:14:13.058] [Server thread/INFO] [net.Chidoziealways.everythingcore.quest.QuestStageProgressionHandler/]: CURRENT QUEST ID IS NULL
[08Jun2026 16:14:13.144] [Server thread/INFO] [net.Chidoziealways.everythingcore.quest.QuestStageProgressionHandler/]: CURRENT QUEST ID IS NULL
[08Jun2026 16:14:13.245] [Server thread/INFO] [net.Chidoziealways.everythingcore.quest.QuestStageProgressionHandler/]: CURRENT QUEST ID IS NULL
[08Jun2026 16:14:13.370] [Server thread/INFO] [net.Chidoziealways.everythingcore.quest.QuestStageProgressionHandler/]: CURRENT QUEST ID IS NULL
[08Jun2026 16:14:13.619] [Server thread/INFO] [net.Chidoziealways.everythingcore.quest.QuestStageProgressionHandler/]: CURRENT QUEST ID IS NULL
[08Jun2026 16:14:13.827] [Server thread/INFO] [net.Chidoziealways.everythingcore.quest.QuestStageProgressionHandler/]: CURRENT QUEST ID IS NULL
[08Jun2026 16:14:14.097] [Server thread/INFO] [net.Chidoziealways.everythingcore.quest.QuestStageProgressionHandler/]: CURRENT QUEST ID IS NULL
[08Jun2026 16:14:14.259] [Server thread/INFO] [net.Chidoziealways.everythingcore.quest.QuestStageProgressionHandler/]: CURRENT QUEST ID IS NULL
[08Jun2026 16:14:14.392] [Server thread/INFO] [net.Chidoziealways.everythingcore.quest.QuestStageProgressionHandler/]: CURRENT QUEST ID IS NULL
